Component: ARM Compiler 5.06 update 5 (build 528) Tool: armlink [4d35e2]

==============================================================================

Section Cross References

    startup_stm32f103xb.o(RESET) refers to startup_stm32f103xb.o(STACK) for __initial_sp
    startup_stm32f103xb.o(RESET) refers to startup_stm32f103xb.o(.text) for Reset_Handler
    startup_stm32f103xb.o(RESET) refers to stm32f1xx_it.o(i.NMI_Handler) for NMI_Handler
    startup_stm32f103xb.o(RESET) refers to stm32f1xx_it.o(i.HardFault_Handler) for HardFault_Handler
    startup_stm32f103xb.o(RESET) refers to stm32f1xx_it.o(i.MemManage_Handler) for MemManage_Handler
    startup_stm32f103xb.o(RESET) refers to stm32f1xx_it.o(i.BusFault_Handler) for BusFault_Handler
    startup_stm32f103xb.o(RESET) refers to stm32f1xx_it.o(i.UsageFault_Handler) for UsageFault_Handler
    startup_stm32f103xb.o(RESET) refers to port_1.o(.emb_text) for SVC_Handler
    startup_stm32f103xb.o(RESET) refers to stm32f1xx_it.o(i.DebugMon_Handler) for DebugMon_Handler
    startup_stm32f103xb.o(RESET) refers to port_1.o(i.SysTick_Handler) for SysTick_Handler
    startup_stm32f103xb.o(RESET) refers to stm32f1xx_it.o(i.EXTI9_5_IRQHandler) for EXTI9_5_IRQHandler
    startup_stm32f103xb.o(RESET) refers to stm32f1xx_it.o(i.TIM1_UP_IRQHandler) for TIM1_UP_IRQHandler
    startup_stm32f103xb.o(RESET) refers to porttimer.o(i.TIM3_IRQHandler) for TIM3_IRQHandler
    startup_stm32f103xb.o(RESET) refers to portserial.o(i.USART2_IRQHandler) for USART2_IRQHandler
    startup_stm32f103xb.o(RESET) refers to stm32f1xx_it.o(i.EXTI15_10_IRQHandler) for EXTI15_10_IRQHandler
    startup_stm32f103xb.o(.text) refers to system_stm32f1xx.o(i.SystemInit) for SystemInit
    startup_stm32f103xb.o(.text) refers to entry.o(.ARM.Collect$$$$00000000) for __main
    aht20.o(i.AHT20_DeInit) refers to stm32f1xx_hal_i2c.o(i.HAL_I2C_Master_Transmit) for HAL_I2C_Master_Transmit
    aht20.o(i.AHT20_DeInit) refers to i2c.o(.bss) for hi2c1
    aht20.o(i.AHT20_Init) refers to stm32f1xx_hal.o(i.HAL_Delay) for HAL_Delay
    aht20.o(i.AHT20_Init) refers to stm32f1xx_hal_i2c.o(i.HAL_I2C_Master_Transmit) for HAL_I2C_Master_Transmit
    aht20.o(i.AHT20_Init) refers to aht20.o(i.AHT20_Read_Status) for AHT20_Read_Status
    aht20.o(i.AHT20_Init) refers to aht20.o(i.AHT20_DeInit) for AHT20_DeInit
    aht20.o(i.AHT20_Init) refers to i2c.o(.bss) for hi2c1
    aht20.o(i.AHT20_ReadData) refers to stm32f1xx_hal_i2c.o(i.HAL_I2C_Master_Transmit) for HAL_I2C_Master_Transmit
    aht20.o(i.AHT20_ReadData) refers to stm32f1xx_hal.o(i.HAL_Delay) for HAL_Delay
    aht20.o(i.AHT20_ReadData) refers to aht20.o(i.AHT20_Read_Status) for AHT20_Read_Status
    aht20.o(i.AHT20_ReadData) refers to stm32f1xx_hal_i2c.o(i.HAL_I2C_Master_Receive) for HAL_I2C_Master_Receive
    aht20.o(i.AHT20_ReadData) refers to dfltui.o(.text) for __aeabi_ui2d
    aht20.o(i.AHT20_ReadData) refers to dmul.o(.text) for __aeabi_dmul
    aht20.o(i.AHT20_ReadData) refers to dscalb.o(.text) for __ARM_scalbn
    aht20.o(i.AHT20_ReadData) refers to d2f.o(.text) for __aeabi_d2f
    aht20.o(i.AHT20_ReadData) refers to dadd.o(.text) for __aeabi_dsub
    aht20.o(i.AHT20_ReadData) refers to ffixui.o(.text) for __aeabi_f2uiz
    aht20.o(i.AHT20_ReadData) refers to i2c.o(.bss) for hi2c1
    aht20.o(i.AHT20_ReadData) refers to aht20.o(.data) for .data
    aht20.o(i.AHT20_ReadData) refers to port.o(.bss) for REG_HOLD_BUF
    aht20.o(i.AHT20_Read_Status) refers to stm32f1xx_hal_i2c.o(i.HAL_I2C_Master_Receive) for HAL_I2C_Master_Receive
    aht20.o(i.AHT20_Read_Status) refers to i2c.o(.bss) for hi2c1
    aht20.o(i.AHT20_Test) refers to aht20.o(i.AHT20_ReadData) for AHT20_ReadData
    aht20.o(i.AHT20_Test) refers to f2d.o(.text) for __aeabi_f2d
    aht20.o(i.AHT20_Test) refers to printfa.o(i.__0printf) for __2printf
    aht20.o(i.AHT20_Test) refers to printfa.o(i.__0sprintf) for __2sprintf
    aht20.o(i.AHT20_Test) refers to oled.o(i.OLED_ShowStr) for OLED_ShowStr
    aht20.o(i.AHT20_Test) refers to aht20.o(.data) for .data
    ina226.o(i.INA226_Init) refers to stm32f1xx_hal_i2c.o(i.HAL_I2C_Master_Transmit) for HAL_I2C_Master_Transmit
    ina226.o(i.INA226_Init) refers to stm32f1xx_hal.o(i.HAL_Delay) for HAL_Delay
    ina226.o(i.INA226_Init) refers to i2c.o(.bss) for hi2c1
    ina226.o(i.INA226_Read) refers to ina226.o(i.INA226_Read_Current) for INA226_Read_Current
    ina226.o(i.INA226_Read) refers to ina226.o(i.INA226_Read_Bus_Voltage) for INA226_Read_Bus_Voltage
    ina226.o(i.INA226_Read) refers to ina226.o(i.INA226_Read_Pow) for INA226_Read_Pow
    ina226.o(i.INA226_Read) refers to ffltui.o(.text) for __aeabi_ui2f
    ina226.o(i.INA226_Read) refers to fmul.o(.text) for __aeabi_fmul
    ina226.o(i.INA226_Read) refers to fdiv.o(.text) for __aeabi_fdiv
    ina226.o(i.INA226_Read) refers to ffixui.o(.text) for __aeabi_f2uiz
    ina226.o(i.INA226_Read) refers to f2d.o(.text) for __aeabi_f2d
    ina226.o(i.INA226_Read) refers to printfa.o(i.__0printf) for __2printf
[...]
    ucRcvAddress                             0x20000019   Data           1  mb.o(.data)
    ucFunctionCode                           0x2000001a   Data           1  mb.o(.data)
    eException                               0x2000001b   Data           1  mb.o(.data)
    ucMBAddress                              0x2000001c   Data           1  mb.o(.data)
    eMBCurrentMode                           0x2000001d   Data           1  mb.o(.data)
    usLength                                 0x2000001e   Data           2  mb.o(.data)
    ucMBFrame                                0x20000020   Data           4  mb.o(.data)
    peMBFrameSendCur                         0x20000024   Data           4  mb.o(.data)
    pvMBFrameStartCur                        0x20000028   Data           4  mb.o(.data)
    pvMBFrameStopCur                         0x2000002c   Data           4  mb.o(.data)
    peMBFrameReceiveCur                      0x20000030   Data           4  mb.o(.data)
    pvMBFrameCloseCur                        0x20000034   Data           4  mb.o(.data)
    xFuncHandlers                            0x20000044   Data         128  mb.o(.data)
    .data                                    0x200000c4   Section       16  mbascii.o(.data)
    eSndState                                0x200000c4   Data           1  mbascii.o(.data)
    eRcvState                                0x200000c5   Data           1  mbascii.o(.data)
    eBytePos                                 0x200000c6   Data           1  mbascii.o(.data)
    ucMBLFCharacter                          0x200000c7   Data           1  mbascii.o(.data)
    usRcvBufferPos                           0x200000c8   Data           2  mbascii.o(.data)
    usSndBufferCount                         0x200000ca   Data           2  mbascii.o(.data)
    ucASCIIBuf                               0x200000cc   Data           4  mbascii.o(.data)
    pucSndBufferCur                          0x200000d0   Data           4  mbascii.o(.data)
    .data                                    0x200000d4   Section        2  mbfuncother.o(.data)
    usMBSlaveIDLen                           0x200000d4   Data           2  mbfuncother.o(.data)
    .data                                    0x200000d8   Section       12  mbrtu.o(.data)
    eSndState                                0x200000d8   Data           1  mbrtu.o(.data)
    eRcvState                                0x200000d9   Data           1  mbrtu.o(.data)
    usSndBufferCount                         0x200000da   Data           2  mbrtu.o(.data)
    usRcvBufferPos                           0x200000dc   Data           2  mbrtu.o(.data)
    pucSndBufferCur                          0x200000e0   Data           4  mbrtu.o(.data)
    .data                                    0x200000e4   Section       20  port.o(.data)
    .data                                    0x200000f8   Section        2  portevent.o(.data)
    eQueuedEvent                             0x200000f8   Data           1  portevent.o(.data)
    xEventInQueue                            0x200000f9   Data           1  portevent.o(.data)
    .data                                    0x200000fc   Section       12  stm32f1xx_hal.o(.data)
    .data                                    0x20000108   Section        4  system_stm32f1xx.o(.data)
    .data                                    0x2000010c   Section       60  tasks.o(.data)
    uxDeletedTasksWaitingCleanUp             0x20000110   Data           4  tasks.o(.data)
    uxCurrentNumberOfTasks                   0x20000114   Data           4  tasks.o(.data)
    xTickCount                               0x20000118   Data           4  tasks.o(.data)
    uxTopReadyPriority                       0x2000011c   Data           4  tasks.o(.data)
    xSchedulerRunning                        0x20000120   Data           4  tasks.o(.data)
    xPendedTicks                             0x20000124   Data           4  tasks.o(.data)
    xYieldPending                            0x20000128   Data           4  tasks.o(.data)
    xNumOfOverflows                          0x2000012c   Data           4  tasks.o(.data)
    uxTaskNumber                             0x20000130   Data           4  tasks.o(.data)
    xNextTaskUnblockTime                     0x20000134   Data           4  tasks.o(.data)
    xIdleTaskHandle                          0x20000138   Data           4  tasks.o(.data)
    uxSchedulerSuspended                     0x2000013c   Data           4  tasks.o(.data)
    pxDelayedTaskList                        0x20000140   Data           4  tasks.o(.data)
    pxOverflowDelayedTaskList                0x20000144   Data           4  tasks.o(.data)
    .data                                    0x20000148   Section       20  timers.o(.data)
    xTimerQueue                              0x20000148   Data           4  timers.o(.data)
    xTimerTaskHandle                         0x2000014c   Data           4  timers.o(.data)
    xLastTime                                0x20000150   Data           4  timers.o(.data)
    pxCurrentTimerList                       0x20000154   Data           4  timers.o(.data)
    pxOverflowTimerList                      0x20000158   Data           4  timers.o(.data)
    .data                                    0x2000015c   Section       32  heap_4.o(.data)
    pxEnd                                    0x2000015c   Data           4  heap_4.o(.data)
    xFreeBytesRemaining                      0x20000160   Data           4  heap_4.o(.data)
    xMinimumEverFreeBytesRemaining           0x20000164   Data           4  heap_4.o(.data)
    xNumberOfSuccessfulAllocations           0x20000168   Data           4  heap_4.o(.data)
    xNumberOfSuccessfulFrees                 0x2000016c   Data           4  heap_4.o(.data)
    xBlockAllocatedBit                       0x20000170   Data           4  heap_4.o(.data)
    xStart                                   0x20000174   Data           8  heap_4.o(.data)
    .data                                    0x2000017c   Section       12  port_1.o(.data)
    ucMaxSysCallPriority                     0x2000017c   Data           1  port_1.o(.data)
    uxCriticalNesting                        0x20000180   Data           4  port_1.o(.data)
    ulMaxPRIGROUPValue                       0x20000184   Data           4  port_1.o(.data)
    .data                                    0x20000188   Section        4  stdout.o(.data)
    .bss                                     0x2000018c   Section     1704  freertos.o(.bss)
    xIdleTaskTCBBuffer                       0x2000018c   Data          84  freertos.o(.bss)
    xIdleStack                               0x200001e0   Data         512  freertos.o(.bss)
    xTimerTaskTCBBuffer                      0x200003e0   Data          84  freertos.o(.bss)
    xTimerStack                              0x20000434   Data        1024  freertos.o(.bss)
    .bss                                     0x20000834   Section       48  adc.o(.bss)
    .bss                                     0x20000864   Section      596  i2c.o(.bss)
    src                                      0x20000864   Data         256  i2c.o(.bss)
    dst                                      0x20000964   Data         256  i2c.o(.bss)
    .bss                                     0x20000ab8   Section       72  tim.o(.bss)
    .bss                                     0x20000b00   Section      144  usart.o(.bss)
    .bss                                     0x20000b90   Section       72  stm32f1xx_hal_timebase_tim.o(.bss)
    .bss                                     0x20000bd8   Section       32  mbfuncother.o(.bss)
    ucMBSlaveID                              0x20000bd8   Data          32  mbfuncother.o(.bss)
    .bss                                     0x20000bf8   Section      256  mbrtu.o(.bss)
    .bss                                     0x20000cf8   Section       40  port.o(.bss)
    .bss                                     0x20000d20   Section       64  queue.o(.bss)
    .bss                                     0x20000d60   Section      240  tasks.o(.bss)
    pxReadyTasksLists                        0x20000d60   Data         140  tasks.o(.bss)
    xDelayedTaskList1                        0x20000dec   Data          20  tasks.o(.bss)
    xDelayedTaskList2                        0x20000e00   Data          20  tasks.o(.bss)
    xPendingReadyList                        0x20000e14   Data          20  tasks.o(.bss)
    xTasksWaitingTermination                 0x20000e28   Data          20  tasks.o(.bss)
    xSuspendedTaskList                       0x20000e3c   Data          20  tasks.o(.bss)
    .bss                                     0x20000e50   Section      232  timers.o(.bss)
    xStaticTimerQueue                        0x20000e50   Data          72  timers.o(.bss)
    ucStaticTimerQueueStorage                0x20000e98   Data         120  timers.o(.bss)
    xActiveTimerList1                        0x20000f10   Data          20  timers.o(.bss)
    xActiveTimerList2                        0x20000f24   Data          20  timers.o(.bss)
    .bss                                     0x20000f38   Section     3072  heap_4.o(.bss)
    ucHeap                                   0x20000f38   Data        3072  heap_4.o(.bss)
    STACK                                    0x20001b38   Section     1024  startup_stm32f103xb.o(STACK)

    Global Symbols

    Symbol Name                              Value     Ov Type        Size  Object(Section)

    BuildAttributes$$THM_ISAv4$P$D$K$B$S$PE$A:L22UL41UL21$X:L11$S22US41US21$IEEE1$IW$USESV6$~STKCKD$USESV7$~SHL$OTIME$ROPI$EBA8$MICROLIB$REQ8$PRES8$EABIv2 0x00000000   Number         0  anon$$obj.o ABSOLUTE
    __ARM_use_no_argv                        0x00000000   Number         0  main.o ABSOLUTE
    _printf_a                                0x00000000   Number         0  stubs.o ABSOLUTE
    _printf_c                                0x00000000   Number         0  stubs.o ABSOLUTE
    _printf_charcount                        0x00000000   Number         0  stubs.o ABSOLUTE
    _printf_d                                0x00000000   Number         0  stubs.o ABSOLUTE
    _printf_e                                0x00000000   Number         0  stubs.o ABSOLUTE
    _printf_f                                0x00000000   Number         0  stubs.o ABSOLUTE
    _printf_flags                            0x00000000   Number         0  stubs.o ABSOLUTE
    _printf_fp_dec                           0x00000000   Number         0  stubs.o ABSOLUTE
    _printf_fp_hex                           0x00000000   Number         0  stubs.o ABSOLUTE
    _printf_g                                0x00000000   Number         0  stubs.o ABSOLUTE
    _printf_i                                0x00000000   Number         0  stubs.o ABSOLUTE
    _printf_int_dec                          0x00000000   Number         0  stubs.o ABSOLUTE
    _printf_l                                0x00000000   Number         0  stubs.o ABSOLUTE
    _printf_lc                               0x00000000   Number         0  stubs.o ABSOLUTE
    _printf_ll                               0x00000000   Number         0  stubs.o ABSOLUTE
    _printf_lld                              0x00000000   Number         0  stubs.o ABSOLUTE
    _printf_lli                              0x00000000   Number         0  stubs.o ABSOLUTE
    _printf_llo                              0x00000000   Number         0  stubs.o ABSOLUTE
    _printf_llu                              0x00000000   Number         0  stubs.o ABSOLUTE
    _printf_llx                              0x00000000   Number         0  stubs.o ABSOLUTE
    _printf_longlong_dec                     0x00000000   Number         0  stubs.o ABSOLUTE
    _printf_longlong_hex                     0x00000000   Number         0  stubs.o ABSOLUTE
    _printf_longlong_oct                     0x00000000   Number         0  stubs.o ABSOLUTE
    _printf_ls                               0x00000000   Number         0  stubs.o ABSOLUTE
    _printf_mbtowc                           0x00000000   Number         0  stubs.o ABSOLUTE
    _printf_n                                0x00000000   Number         0  stubs.o ABSOLUTE
    _printf_o                                0x00000000   Number         0  stubs.o ABSOLUTE
    _printf_p                                0x00000000   Number         0  stubs.o ABSOLUTE
    _printf_percent                          0x00000000   Number         0  stubs.o ABSOLUTE
    _printf_pre_padding                      0x00000000   Number         0  stubs.o ABSOLUTE
    _printf_return_value                     0x00000000   Number         0  stubs.o ABSOLUTE
    _printf_s                                0x00000000   Number         0  stubs.o ABSOLUTE
    _printf_sizespec                         0x00000000   Number         0  stubs.o ABSOLUTE
    _printf_str                              0x00000000   Number         0  stubs.o ABSOLUTE
    _printf_truncate_signed                  0x00000000   Number         0  stubs.o ABSOLUTE
    _printf_truncate_unsigned                0x00000000   Number         0  stubs.o ABSOLUTE
    _printf_u                                0x00000000   Number         0  stubs.o ABSOLUTE
    _printf_wc                               0x00000000   Number         0  stubs.o ABSOLUTE
    _printf_wctomb                           0x00000000   Number         0  stubs.o ABSOLUTE
    _printf_widthprec                        0x00000000   Number         0  stubs.o ABSOLUTE
    _printf_x                                0x00000000   Number         0  stubs.o ABSOLUTE
    __cpp_initialize__aeabi_                  - Undefined Weak Reference
    __cxa_finalize                            - Undefined Weak Reference
    _clock_init                               - Undefined Weak Reference
    _microlib_exit                            - Undefined Weak Reference
    __Vectors_Size                           0x000000ec   Number         0  startup_stm32f103xb.o ABSOLUTE
    __Vectors                                0x08000000   Data           4  startup_stm32f103xb.o(RESET)
    __Vectors_End                            0x080000ec   Data           0  startup_stm32f103xb.o(RESET)
    __main                                   0x080000ed   Thumb Code     0  entry.o(.ARM.Collect$$$$00000000)
    _main_stk                                0x080000ed   Thumb Code     0  entry2.o(.ARM.Collect$$$$00000001)
    _main_scatterload                        0x080000f1   Thumb Code     0  entry5.o(.ARM.Collect$$$$00000004)
    __main_after_scatterload                 0x080000f5   Thumb Code     0  entry5.o(.ARM.Collect$$$$00000004)
    _main_clock                              0x080000f5   Thumb Code     0  entry7b.o(.ARM.Collect$$$$00000008)
    _main_cpp_init                           0x080000f5   Thumb Code     0  entry8b.o(.ARM.Collect$$$$0000000A)
    _main_init                               0x080000f5   Thumb Code     0  entry9a.o(.ARM.Collect$$$$0000000B)
    __rt_final_cpp                           0x080000fd   Thumb Code     0  entry10a.o(.ARM.Collect$$$$0000000D)
    __rt_final_exit                          0x080000fd   Thumb Code     0  entry11a.o(.ARM.Collect$$$$0000000F)
    SVC_Handler                              0x08000101   Thumb Code    32  port_1.o(.emb_text)
    __asm___6_port_c_39a90d8d__prvStartFirstTask 0x08000125   Thumb Code    28  port_1.o(.emb_text)
    PendSV_Handler                           0x08000145   Thumb Code    72  port_1.o(.emb_text)
    vPortGetIPSR                             0x08000191   Thumb Code     6  port_1.o(.emb_text)
    Reset_Handler                            0x08000199   Thumb Code     8  startup_stm32f103xb.o(.text)
    ADC1_2_IRQHandler                        0x080001b3   Thumb Code     0  startup_stm32f103xb.o(.text)
    CAN1_RX1_IRQHandler                      0x080001b3   Thumb Code     0  startup_stm32f103xb.o(.text)
    CAN1_SCE_IRQHandler                      0x080001b3   Thumb Code     0  startup_stm32f103xb.o(.text)
    DMA1_Channel1_IRQHandler                 0x080001b3   Thumb Code     0  startup_stm32f103xb.o(.text)
    DMA1_Channel2_IRQHandler                 0x080001b3   Thumb Code     0  startup_stm32f103xb.o(.text)
    DMA1_Channel3_IRQHandler                 0x080001b3   Thumb Code     0  startup_stm32f103xb.o(.text)
    DMA1_Channel4_IRQHandler                 0x080001b3   Thumb Code     0  startup_stm32f103xb.o(.text)
    DMA1_Channel5_IRQHandler                 0x080001b3   Thumb Code     0  startup_stm32f103xb.o(.text)
    DMA1_Channel6_IRQHandler                 0x080001b3   Thumb Code     0  startup_stm32f103xb.o(.text)
    DMA1_Channel7_IRQHandler                 0x080001b3   Thumb Code     0  startup_stm32f103xb.o(.text)
    EXTI0_IRQHandler                         0x080001b3   Thumb Code     0  startup_stm32f103xb.o(.text)
    EXTI1_IRQHandler                         0x080001b3   Thumb Code     0  startup_stm32f103xb.o(.text)
    EXTI2_IRQHandler                         0x080001b3   Thumb Code     0  startup_stm32f103xb.o(.text)
    EXTI3_IRQHandler                         0x080001b3   Thumb Code     0  startup_stm32f103xb.o(.text)
    EXTI4_IRQHandler                         0x080001b3   Thumb Code     0  startup_stm32f103xb.o(.text)
    FLASH_IRQHandler                         0x080001b3   Thumb Code     0  startup_stm32f103xb.o(.text)
    I2C1_ER_IRQHandler                       0x080001b3   Thumb Code     0  startup_stm32f103xb.o(.text)
    I2C1_EV_IRQHandler                       0x080001b3   Thumb Code     0  startup_stm32f103xb.o(.text)
    I2C2_ER_IRQHandler                       0x080001b3   Thumb Code     0  startup_stm32f103xb.o(.text)
    I2C2_EV_IRQHandler                       0x080001b3   Thumb Code     0  startup_stm32f103xb.o(.text)
    PVD_IRQHandler                           0x080001b3   Thumb Code     0  startup_stm32f103xb.o(.text)
    RCC_IRQHandler                           0x080001b3   Thumb Code     0  startup_stm32f103xb.o(.text)
    RTC_Alarm_IRQHandler                     0x080001b3   Thumb Code     0  startup_stm32f103xb.o(.text)
    RTC_IRQHandler                           0x080001b3   Thumb Code     0  startup_stm32f103xb.o(.text)
    SPI1_IRQHandler                          0x080001b3   Thumb Code     0  startup_stm32f103xb.o(.text)
    SPI2_IRQHandler                          0x080001b3   Thumb Code     0  startup_stm32f103xb.o(.text)
    TAMPER_IRQHandler                        0x080001b3   Thumb Code     0  startup_stm32f103xb.o(.text)
    TIM1_BRK_IRQHandler                      0x080001b3   Thumb Code     0  startup_stm32f103xb.o(.text)
    TIM1_CC_IRQHandler                       0x080001b3   Thumb Code     0  startup_stm32f103xb.o(.text)
    TIM1_TRG_COM_IRQHandler                  0x080001b3   Thumb Code     0  startup_stm32f103xb.o(.text)
    TIM2_IRQHandler                          0x080001b3   Thumb Code     0  startup_stm32f103xb.o(.text)
    TIM4_IRQHandler                          0x080001b3   Thumb Code     0  startup_stm32f103xb.o(.text)
    USART1_IRQHandler                        0x080001b3   Thumb Code     0  startup_stm32f103xb.o(.text)
    USART3_IRQHandler                        0x080001b3   Thumb Code     0  startup_stm32f103xb.o(.text)
    USBWakeUp_IRQHandler                     0x080001b3   Thumb Code     0  startup_stm32f103xb.o(.text)
    USB_HP_CAN1_TX_IRQHandler                0x080001b3   Thumb Code     0  startup_stm32f103xb.o(.text)
    USB_LP_CAN1_RX0_IRQHandler               0x080001b3   Thumb Code     0  startup_stm32f103xb.o(.text)
    WWDG_IRQHandler                          0x080001b3   Thumb Code     0  startup_stm32f103xb.o(.text)
    __aeabi_llsr                             0x080001bd   Thumb Code    32  llushr.o(.text)
    _ll_ushift_r                             0x080001bd   Thumb Code     0  llushr.o(.text)
    __aeabi_memcpy                           0x080001dd   Thumb Code    36  memcpya.o(.text)
    __aeabi_memcpy4                          0x080001dd   Thumb Code     0  memcpya.o(.text)
    __aeabi_memcpy8                          0x080001dd   Thumb Code     0  memcpya.o(.text)
    __aeabi_memset                           0x08000201   Thumb Code    14  memseta.o(.text)
    __aeabi_memset4                          0x08000201   Thumb Code     0  memseta.o(.text)
    __aeabi_memset8                          0x08000201   Thumb Code     0  memseta.o(.text)
    __aeabi_memclr                           0x0800020f   Thumb Code     4  memseta.o(.text)
    __aeabi_memclr4                          0x0800020f   Thumb Code     0  memseta.o(.text)
    __aeabi_memclr8                          0x0800020f   Thumb Code     0  memseta.o(.text)
    memset                                   0x08000213   Thumb Code    18  memseta.o(.text)
    __aeabi_fmul                             0x08000225   Thumb Code   100  fmul.o(.text)
    __aeabi_fdiv                             0x08000289   Thumb Code   124  fdiv.o(.text)
    __aeabi_dadd                             0x08000305   Thumb Code   322  dadd.o(.text)
    __aeabi_dsub                             0x08000447   Thumb Code     6  dadd.o(.text)
    __aeabi_drsub                            0x0800044d   Thumb Code     6  dadd.o(.text)
    __aeabi_dmul                             0x08000453   Thumb Code   228  dmul.o(.text)
    __aeabi_ddiv                             0x08000537   Thumb Code   222  ddiv.o(.text)
    __ARM_scalbn                             0x08000615   Thumb Code    46  dscalb.o(.text)
    scalbn                                   0x08000615   Thumb Code     0  dscalb.o(.text)
    __aeabi_ui2f                             0x08000643   Thumb Code    10  ffltui.o(.text)
    __aeabi_ui2d                             0x0800064d   Thumb Code    26  dfltui.o(.text)
    __aeabi_f2uiz                            0x08000667   Thumb Code    40  ffixui.o(.text)
    __aeabi_f2d                              0x0800068f   Thumb Code    38  f2d.o(.text)
    __aeabi_d2f                              0x080006b5   Thumb Code    56  d2f.o(.text)
    __aeabi_uidiv                            0x080006ed   Thumb Code     0  uidiv.o(.text)
    __aeabi_uidivmod                         0x080006ed   Thumb Code    44  uidiv.o(.text)
    __aeabi_uldivmod                         0x08000719   Thumb Code    98  uldiv.o(.text)
    __aeabi_llsl                             0x0800077b   Thumb Code    30  llshl.o(.text)
    _ll_shift_l                              0x0800077b   Thumb Code     0  llshl.o(.text)
    __aeabi_lasr                             0x08000799   Thumb Code    36  llsshr.o(.text)
    _ll_sshift_r                             0x08000799   Thumb Code     0  llsshr.o(.text)
    __I$use$fp                               0x080007bd   Thumb Code     0  iusefp.o(.text)
    _float_round                             0x080007bd   Thumb Code    18  fepilogue.o(.text)
    _float_epilogue                          0x080007cf   Thumb Code    92  fepilogue.o(.text)
    _double_round                            0x0800082b   Thumb Code    30  depilogue.o(.text)
    _double_epilogue                         0x08000849   Thumb Code   156  depilogue.o(.text)
    __aeabi_d2ulz                            0x080008e5   Thumb Code    48  dfixul.o(.text)
    __aeabi_cdrcmple                         0x08000915   Thumb Code    48  cdrcmple.o(.text)
    __scatterload                            0x08000945   Thumb Code    28  init.o(.text)
    __scatterload_rt2                        0x08000945   Thumb Code     0  init.o(.text)
    __decompress                             0x08000969   Thumb Code     0  __dczerorl2.o(.text)
    __decompress1                            0x08000969   Thumb Code    86  __dczerorl2.o(.text)
    ADC_ConversionStop_Disable               0x080009c1   Thumb Code    86  stm32f1xx_hal_adc.o(i.ADC_ConversionStop_Disable)
    ADC_Enable                               0x08000a19   Thumb Code   114  stm32f1xx_hal_adc.o(i.ADC_Enable)
    ADC_VR_CPU_Read                          0x08000a95   Thumb Code   260  adc.o(i.ADC_VR_CPU_Read)
    AHT20_DeInit                             0x08000bc1   Thumb Code    40  aht20.o(i.AHT20_DeInit)
    AHT20_Init                               0x08000bed   Thumb Code    58  aht20.o(i.AHT20_Init)
    AHT20_ReadData                           0x08000c2d   Thumb Code   250  aht20.o(i.AHT20_ReadData)
    AHT20_Read_Status                        0x08000d41   Thumb Code    26  aht20.o(i.AHT20_Read_Status)
    BusFault_Handler                         0x08000d61   Thumb Code     2  stm32f1xx_it.o(i.BusFault_Handler)
    CallbackModbus                           0x08000d65   Thumb Code     6  freertos.o(i.CallbackModbus)
    DebugMon_Handler                         0x08000d7d   Thumb Code     2  stm32f1xx_it.o(i.DebugMon_Handler)
    EXTI15_10_IRQHandler                     0x08000d7f   Thumb Code    38  stm32f1xx_it.o(i.EXTI15_10_IRQHandler)
    EXTI9_5_IRQHandler                       0x08000da5   Thumb Code    20  stm32f1xx_it.o(i.EXTI9_5_IRQHandler)
    Error_Handler                            0x08000db9   Thumb Code     4  main.o(i.Error_Handler)
    HAL_ADCEx_Calibration_Start              0x08000dbd   Thumb Code   210  stm32f1xx_hal_adc_ex.o(i.HAL_ADCEx_Calibration_Start)
    HAL_ADC_ConfigChannel                    0x08000e95   Thumb Code   240  stm32f1xx_hal_adc.o(i.HAL_ADC_ConfigChannel)
    HAL_ADC_GetValue                         0x08000f91   Thumb Code     6  stm32f1xx_hal_adc.o(i.HAL_ADC_GetValue)
    HAL_ADC_Init                             0x08000f99   Thumb Code   272  stm32f1xx_hal_adc.o(i.HAL_ADC_Init)
    HAL_ADC_MspInit                          0x080010b5   Thumb Code    76  adc.o(i.HAL_ADC_MspInit)
    HAL_ADC_PollForConversion                0x0800110d   Thumb Code   304  stm32f1xx_hal_adc.o(i.HAL_ADC_PollForConversion)
    HAL_ADC_Start                            0x08001249   Thumb Code   184  stm32f1xx_hal_adc.o(i.HAL_ADC_Start)
    HAL_Delay                                0x08001309   Thumb Code    32  stm32f1xx_hal.o(i.HAL_Delay)
    HAL_GPIO_EXTI_Callback                   0x0800132d   Thumb Code    82  stm32f1xx_it.o(i.HAL_GPIO_EXTI_Callback)
    HAL_GPIO_EXTI_IRQHandler                 0x0800138d   Thumb Code    18  stm32f1xx_hal_gpio.o(i.HAL_GPIO_EXTI_IRQHandler)
    HAL_GPIO_Init                            0x080013a5   Thumb Code   446  stm32f1xx_hal_gpio.o(i.HAL_GPIO_Init)
    HAL_GPIO_WritePin                        0x08001585   Thumb Code    10  stm32f1xx_hal_gpio.o(i.HAL_GPIO_WritePin)
    HAL_GetTick                              0x08001591   Thumb Code     6  stm32f1xx_hal.o(i.HAL_GetTick)
    HAL_I2C_Init                             0x0800159d   Thumb Code   376  stm32f1xx_hal_i2c.o(i.HAL_I2C_Init)
    HAL_I2C_Master_Receive                   0x08001725   Thumb Code   576  stm32f1xx_hal_i2c.o(i.HAL_I2C_Master_Receive)
    HAL_I2C_Master_Transmit                  0x08001975   Thumb Code   290  stm32f1xx_hal_i2c.o(i.HAL_I2C_Master_Transmit)
    HAL_I2C_Mem_Read                         0x08001aa1   Thumb Code   586  stm32f1xx_hal_i2c.o(i.HAL_I2C_Mem_Read)
    HAL_I2C_Mem_Write                        0x08001cfd   Thumb Code   294  stm32f1xx_hal_i2c.o(i.HAL_I2C_Mem_Write)
    HAL_I2C_MspInit                          0x08001e2d   Thumb Code    80  i2c.o(i.HAL_I2C_MspInit)
    HAL_IncTick                              0x08001e89   Thumb Code    12  stm32f1xx_hal.o(i.HAL_IncTick)
    HAL_Init                                 0x08001e99   Thumb Code    32  stm32f1xx_hal.o(i.HAL_Init)
    HAL_InitTick                             0x08001ebd   Thumb Code   118  stm32f1xx_hal_timebase_tim.o(i.HAL_InitTick)
    HAL_MspInit                              0x08001f49   Thumb Code    62  stm32f1xx_hal_msp.o(i.HAL_MspInit)
    HAL_NVIC_EnableIRQ                       0x08001f91   Thumb Code    26  stm32f1xx_hal_cortex.o(i.HAL_NVIC_EnableIRQ)
    HAL_NVIC_SetPriority                     0x08001fad   Thumb Code    60  stm32f1xx_hal_cortex.o(i.HAL_NVIC_SetPriority)
    HAL_NVIC_SetPriorityGrouping             0x08001fed   Thumb Code    26  stm32f1xx_hal_cortex.o(i.HAL_NVIC_SetPriorityGrouping)
    HAL_RCCEx_GetPeriphCLKFreq               0x08002011   Thumb Code   148  stm32f1xx_hal_rcc_ex.o(i.HAL_RCCEx_GetPeriphCLKFreq)
    HAL_RCCEx_PeriphCLKConfig                0x080020b5   Thumb Code   224  stm32f1xx_hal_rcc_ex.o(i.HAL_RCCEx_PeriphCLKConfig)
    HAL_RCC_ClockConfig                      0x080021a1   Thumb Code   280  stm32f1xx_hal_rcc.o(i.HAL_RCC_ClockConfig)
    HAL_RCC_GetClockConfig                   0x080022cd   Thumb Code    54  stm32f1xx_hal_rcc.o(i.HAL_RCC_GetClockConfig)
    HAL_RCC_GetPCLK1Freq                     0x0800230d   Thumb Code    20  stm32f1xx_hal_rcc.o(i.HAL_RCC_GetPCLK1Freq)
    HAL_RCC_GetPCLK2Freq                     0x0800232d   Thumb Code    20  stm32f1xx_hal_rcc.o(i.HAL_RCC_GetPCLK2Freq)
    HAL_RCC_GetSysClockFreq                  0x0800234d   Thumb Code    58  stm32f1xx_hal_rcc.o(i.HAL_RCC_GetSysClockFreq)
    HAL_RCC_OscConfig                        0x08002399   Thumb Code   778  stm32f1xx_hal_rcc.o(i.HAL_RCC_OscConfig)
    HAL_TIMEx_BreakCallback                  0x080026b9   Thumb Code     2  stm32f1xx_hal_tim_ex.o(i.HAL_TIMEx_BreakCallback)
    HAL_TIMEx_CommutCallback                 0x080026bb   Thumb Code     2  stm32f1xx_hal_tim_ex.o(i.HAL_TIMEx_CommutCallback)
    HAL_TIMEx_MasterConfigSynchronization    0x080026bd   Thumb Code    92  stm32f1xx_hal_tim_ex.o(i.HAL_TIMEx_MasterConfigSynchronization)
    HAL_TIM_Base_Init                        0x08002725   Thumb Code    90  stm32f1xx_hal_tim.o(i.HAL_TIM_Base_Init)
    HAL_TIM_Base_MspInit                     0x08002781   Thumb Code    50  tim.o(i.HAL_TIM_Base_MspInit)
    HAL_TIM_Base_Start_IT                    0x080027bd   Thumb Code    76  stm32f1xx_hal_tim.o(i.HAL_TIM_Base_Start_IT)
    HAL_TIM_ConfigClockSource                0x08002815   Thumb Code   220  stm32f1xx_hal_tim.o(i.HAL_TIM_ConfigClockSource)
    HAL_TIM_IC_CaptureCallback               0x080028f1   Thumb Code     2  stm32f1xx_hal_tim.o(i.HAL_TIM_IC_CaptureCallback)
    HAL_TIM_IRQHandler                       0x080028f3   Thumb Code   304  stm32f1xx_hal_tim.o(i.HAL_TIM_IRQHandler)
    HAL_TIM_OC_DelayElapsedCallback          0x08002a23   Thumb Code     2  stm32f1xx_hal_tim.o(i.HAL_TIM_OC_DelayElapsedCallback)
    HAL_TIM_PWM_PulseFinishedCallback        0x08002a25   Thumb Code     2  stm32f1xx_hal_tim.o(i.HAL_TIM_PWM_PulseFinishedCallback)
    HAL_TIM_PeriodElapsedCallback            0x08002a29   Thumb Code    38  main.o(i.HAL_TIM_PeriodElapsedCallback)
    HAL_TIM_TriggerCallback                  0x08002a65   Thumb Code     2  stm32f1xx_hal_tim.o(i.HAL_TIM_TriggerCallback)
    HAL_UART_Init                            0x08002a67   Thumb Code   100  stm32f1xx_hal_uart.o(i.HAL_UART_Init)
    HAL_UART_MspInit                         0x08002acd   Thumb Code   186  usart.o(i.HAL_UART_MspInit)
    HAL_UART_Transmit                        0x08002b99   Thumb Code   160  stm32f1xx_hal_uart.o(i.HAL_UART_Transmit)
    HardFault_Handler                        0x08002c39   Thumb Code     2  stm32f1xx_it.o(i.HardFault_Handler)
    INA226_Init                              0x08003201   Thumb Code    72  ina226.o(i.INA226_Init)
    INA226_Read                              0x0800324d   Thumb Code   164  ina226.o(i.INA226_Read)
    INA226_Read_Bus_Voltage                  0x08003341   Thumb Code    46  ina226.o(i.INA226_Read_Bus_Voltage)
    INA226_Read_Current                      0x08003379   Thumb Code    46  ina226.o(i.INA226_Read_Current)
    INA226_Read_Pow                          0x080033b1   Thumb Code    46  ina226.o(i.INA226_Read_Pow)
    LED_Control                              0x080033e9   Thumb Code    42  gpio.o(i.LED_Control)
    MX_ADC1_Init                             0x08003419   Thumb Code    74  adc.o(i.MX_ADC1_Init)
    MX_FREERTOS_Init                         0x0800346d   Thumb Code    62  freertos.o(i.MX_FREERTOS_Init)
    MX_GPIO_Init                             0x080034b5   Thumb Code   266  gpio.o(i.MX_GPIO_Init)
    MX_I2C1_Init                             0x080035d5   Thumb Code    50  i2c.o(i.MX_I2C1_Init)
    MX_TIM3_Init                             0x08003615   Thumb Code    98  tim.o(i.MX_TIM3_Init)
    MX_USART1_UART_Init                      0x08003681   Thumb Code    48  usart.o(i.MX_USART1_UART_Init)
    MX_USART2_UART_Init                      0x080036b9   Thumb Code    48  usart.o(i.MX_USART2_UART_Init)
    MemManage_Handler                        0x080036f1   Thumb Code     2  stm32f1xx_it.o(i.MemManage_Handler)
    Modbus_Init                              0x080036f5   Thumb Code    44  modbus.o(i.Modbus_Init)
    Modbus_Parse                             0x08003739   Thumb Code   118  modbus.o(i.Modbus_Parse)
    NMI_Handler                              0x080037b9   Thumb Code     2  stm32f1xx_it.o(i.NMI_Handler)
    OLED_CLS                                 0x080037bb   Thumb Code     6  oled.o(i.OLED_CLS)
    OLED_Fill                                0x080037c1   Thumb Code    56  oled.o(i.OLED_Fill)
    OLED_Init                                0x080037f9   Thumb Code   180  oled.o(i.OLED_Init)
    OLED_SetPos                              0x080038ad   Thumb Code    38  oled.o(i.OLED_SetPos)
    OLED_ShowStr                             0x080038d5   Thumb Code   208  oled.o(i.OLED_ShowStr)
    ReadSlaveAddress                         0x080039ad   Thumb Code    38  modbus.o(i.ReadSlaveAddress)
    StartModbusTask                          0x080039d9   Thumb Code    20  freertos.o(i.StartModbusTask)
    SysTick_Handler                          0x080039ed   Thumb Code    38  port_1.o(i.SysTick_Handler)
    SystemClock_Config                       0x08003a19   Thumb Code   120  main.o(i.SystemClock_Config)
    SystemInit                               0x08003a91   Thumb Code     2  system_stm32f1xx.o(i.SystemInit)
    TIM1_UP_IRQHandler                       0x08003a95   Thumb Code     6  stm32f1xx_it.o(i.TIM1_UP_IRQHandler)
    TIM3_IRQHandler                          0x08003aa1   Thumb Code    24  porttimer.o(i.TIM3_IRQHandler)
    TIM_Base_SetConfig                       0x08003ac1   Thumb Code   108  stm32f1xx_hal_tim.o(i.TIM_Base_SetConfig)
    TIM_ETR_SetConfig                        0x08003b39   Thumb Code    20  stm32f1xx_hal_tim.o(i.TIM_ETR_SetConfig)
    USART2_IRQHandler                        0x08003d1d   Thumb Code    56  portserial.o(i.USART2_IRQHandler)
    UsageFault_Handler                       0x08003d61   Thumb Code     2  stm32f1xx_it.o(i.UsageFault_Handler)
    WriteCmd                                 0x08003d65   Thumb Code    32  oled.o(i.WriteCmd)
    WriteDat                                 0x08003d89   Thumb Code    32  oled.o(i.WriteDat)
    WriteSlaveAddress                        0x08003dad   Thumb Code    34  modbus.o(i.WriteSlaveAddress)
    __0printf                                0x08003dd5   Thumb Code    22  printfa.o(i.__0printf)
    __1printf                                0x08003dd5   Thumb Code     0  printfa.o(i.__0printf)
    __2printf                                0x08003dd5   Thumb Code     0  printfa.o(i.__0printf)
    __c89printf                              0x08003dd5   Thumb Code     0  printfa.o(i.__0printf)
    printf                                   0x08003dd5   Thumb Code     0  printfa.o(i.__0printf)
    __scatterload_copy                       0x08003e15   Thumb Code    14  handlers.o(i.__scatterload_copy)
    __scatterload_null                       0x08003e23   Thumb Code     2  handlers.o(i.__scatterload_null)
    __scatterload_zeroinit                   0x08003e25   Thumb Code    14  handlers.o(i.__scatterload_zeroinit)
    eMBASCIIInit                             0x080046e9   Thumb Code    44  mbascii.o(i.eMBASCIIInit)
    eMBASCIIReceive                          0x08004719   Thumb Code    68  mbascii.o(i.eMBASCIIReceive)
    eMBASCIISend                             0x08004761   Thumb Code    68  mbascii.o(i.eMBASCIISend)
    eMBASCIIStart                            0x080047a9   Thumb Code    24  mbascii.o(i.eMBASCIIStart)
    eMBASCIIStop                             0x080047c5   Thumb Code    18  mbascii.o(i.eMBASCIIStop)
    eMBClose                                 0x080047d9   Thumb Code    28  mb.o(i.eMBClose)
    eMBDisable                               0x080047f9   Thumb Code    28  mb.o(i.eMBDisable)
    eMBEnable                                0x08004819   Thumb Code    28  mb.o(i.eMBEnable)
    eMBFuncReadCoils                         0x08004839   Thumb Code   114  mbfunccoils.o(i.eMBFuncReadCoils)
    eMBFuncReadDiscreteInputs                0x080048ab   Thumb Code   114  mbfuncdisc.o(i.eMBFuncReadDiscreteInputs)
    eMBFuncReadHoldingRegister               0x0800491d   Thumb Code    94  mbfuncholding.o(i.eMBFuncReadHoldingRegister)
    eMBFuncReadInputRegister                 0x0800497b   Thumb Code    98  mbfuncinput.o(i.eMBFuncReadInputRegister)
    eMBFuncReadWriteMultipleHoldingRegister  0x080049dd   Thumb Code   156  mbfuncholding.o(i.eMBFuncReadWriteMultipleHoldingRegister)
    eMBFuncReportSlaveID                     0x08004a79   Thumb Code    26  mbfuncother.o(i.eMBFuncReportSlaveID)
    eMBFuncWriteCoil                         0x08004a9d   Thumb Code    86  mbfunccoils.o(i.eMBFuncWriteCoil)
    eMBFuncWriteHoldingRegister              0x08004af3   Thumb Code    50  mbfuncholding.o(i.eMBFuncWriteHoldingRegister)
    eMBFuncWriteMultipleCoils                0x08004b25   Thumb Code   100  mbfunccoils.o(i.eMBFuncWriteMultipleCoils)
    eMBFuncWriteMultipleHoldingRegister      0x08004b89   Thumb Code    78  mbfuncholding.o(i.eMBFuncWriteMultipleHoldingRegister)
    eMBInit                                  0x08004bd9   Thumb Code   144  mb.o(i.eMBInit)
    eMBPoll                                  0x08004ca5   Thumb Code   178  mb.o(i.eMBPoll)
    eMBRTUInit                               0x08004d5d   Thumb Code    54  mbrtu.o(i.eMBRTUInit)
    eMBRTUReceive                            0x08004d99   Thumb Code    70  mbrtu.o(i.eMBRTUReceive)
    eMBRTUSend                               0x08004de9   Thumb Code    80  mbrtu.o(i.eMBRTUSend)
    eMBRTUStart                              0x08004e41   Thumb Code    24  mbrtu.o(i.eMBRTUStart)
    eMBRTUStop                               0x08004e5d   Thumb Code    18  mbrtu.o(i.eMBRTUStop)
    eMBRegCoilsCB                            0x08004e71   Thumb Code   152  port.o(i.eMBRegCoilsCB)
    eMBRegDiscreteCB                         0x08004f0d   Thumb Code   122  port.o(i.eMBRegDiscreteCB)
    eMBRegHoldingCB                          0x08004f8d   Thumb Code    94  port.o(i.eMBRegHoldingCB)
    eMBRegInputCB                            0x08004ff5   Thumb Code    74  port.o(i.eMBRegInputCB)
    fputc                                    0x08005045   Thumb Code    20  usart.o(i.fputc)
    main                                     0x08005069   Thumb Code    88  main.o(i.main)
    osDelay                                  0x08005105   Thumb Code    14  cmsis_os.o(i.osDelay)
    osKernelStart                            0x08005113   Thumb Code    10  cmsis_os.o(i.osKernelStart)
    osThreadCreate                           0x0800511d   Thumb Code    84  cmsis_os.o(i.osThreadCreate)
    osTimerCreate                            0x08005171   Thumb Code    60  cmsis_os.o(i.osTimerCreate)
    osTimerStart                             0x080051b1   Thumb Code    88  cmsis_os.o(i.osTimerStart)
    prveMBError2Exception                    0x080059cf   Thumb Code    24  mbutils.o(i.prveMBError2Exception)
    pvPortMalloc                             0x08005a1d   Thumb Code   216  heap_4.o(i.pvPortMalloc)
    pxPortInitialiseStack                    0x08005af9   Thumb Code    32  port_1.o(i.pxPortInitialiseStack)
    usMBCRC16                                0x08005b1d   Thumb Code    40  mbcrc.o(i.usMBCRC16)
    uxListRemove                             0x08005b49   Thumb Code    38  list.o(i.uxListRemove)
    vApplicationGetIdleTaskMemory            0x08005b71   Thumb Code    16  freertos.o(i.vApplicationGetIdleTaskMemory)
    vApplicationGetTimerTaskMemory           0x08005b85   Thumb Code    18  freertos.o(i.vApplicationGetTimerTaskMemory)
    vListInitialise                          0x08005b9d   Thumb Code    22  list.o(i.vListInitialise)
    vListInitialiseItem                      0x08005bb3   Thumb Code     6  list.o(i.vListInitialiseItem)
    vListInsert                              0x08005bb9   Thumb Code    48  list.o(i.vListInsert)
    vListInsertEnd                           0x08005be9   Thumb Code    24  list.o(i.vListInsertEnd)
    vMBPortSerialEnable                      0x08005c01   Thumb Code    76  portserial.o(i.vMBPortSerialEnable)
    vMBPortTimersDisable                     0x08005c55   Thumb Code     2  porttimer.o(i.vMBPortTimersDisable)
    vMBPortTimersEnable                      0x08005c59   Thumb Code    20  porttimer.o(i.vMBPortTimersEnable)
    vPortEnterCritical                       0x08005c71   Thumb Code    54  port_1.o(i.vPortEnterCritical)
    vPortExitCritical                        0x08005cb1   Thumb Code    34  port_1.o(i.vPortExitCritical)
    vPortFree                                0x08005cd9   Thumb Code    94  heap_4.o(i.vPortFree)
    vPortSetupTimerInterrupt                 0x08005d3d   Thumb Code    32  port_1.o(i.vPortSetupTimerInterrupt)
    vPortValidateInterruptPriority           0x08005d61   Thumb Code    74  port_1.o(i.vPortValidateInterruptPriority)
    vQueueAddToRegistry                      0x08005db5   Thumb Code    34  queue.o(i.vQueueAddToRegistry)
    vQueueWaitForMessageRestricted           0x08005ddd   Thumb Code    68  queue.o(i.vQueueWaitForMessageRestricted)
    vTaskDelay                               0x08005e21   Thumb Code    66  tasks.o(i.vTaskDelay)
    vTaskInternalSetTimeOutState             0x08005e6d   Thumb Code    12  tasks.o(i.vTaskInternalSetTimeOutState)
    vTaskMissedYield                         0x08005e7d   Thumb Code     8  tasks.o(i.vTaskMissedYield)
    vTaskPlaceOnEventList                    0x08005e89   Thumb Code    44  tasks.o(i.vTaskPlaceOnEventList)
    vTaskPlaceOnEventListRestricted          0x08005eb9   Thumb Code    52  tasks.o(i.vTaskPlaceOnEventListRestricted)
    vTaskStartScheduler                      0x08005ef1   Thumb Code   118  tasks.o(i.vTaskStartScheduler)
    vTaskSuspendAll                          0x08005f79   Thumb Code    10  tasks.o(i.vTaskSuspendAll)
    vTaskSwitchContext                       0x08005f89   Thumb Code    82  tasks.o(i.vTaskSwitchContext)
    xMBASCIIReceiveFSM                       0x08005fe5   Thumb Code   222  mbascii.o(i.xMBASCIIReceiveFSM)
    xMBASCIITimerT1SExpired                  0x080060c9   Thumb Code    42  mbascii.o(i.xMBASCIITimerT1SExpired)
    xMBASCIITransmitFSM                      0x080060f9   Thumb Code   168  mbascii.o(i.xMBASCIITransmitFSM)
    xMBPortEventGet                          0x080061a5   Thumb Code    24  portevent.o(i.xMBPortEventGet)
    xMBPortEventInit                         0x080061c1   Thumb Code    10  portevent.o(i.xMBPortEventInit)
    xMBPortEventPost                         0x080061d1   Thumb Code    12  portevent.o(i.xMBPortEventPost)
    xMBPortSerialGetByte                     0x080061e1   Thumb Code    10  portserial.o(i.xMBPortSerialGetByte)
    xMBPortSerialInit                        0x080061f1   Thumb Code    70  portserial.o(i.xMBPortSerialInit)
    xMBPortSerialPutByte                     0x08006241   Thumb Code     8  portserial.o(i.xMBPortSerialPutByte)
    xMBPortTimersInit                        0x0800624d   Thumb Code   106  porttimer.o(i.xMBPortTimersInit)
    xMBRTUReceiveFSM                         0x080062c1   Thumb Code    96  mbrtu.o(i.xMBRTUReceiveFSM)
    xMBRTUTimerT35Expired                    0x08006329   Thumb Code    58  mbrtu.o(i.xMBRTUTimerT35Expired)
    xMBRTUTransmitFSM                        0x08006369   Thumb Code    86  mbrtu.o(i.xMBRTUTransmitFSM)
    xPortStartScheduler                      0x080063c5   Thumb Code   154  port_1.o(i.xPortStartScheduler)
    xQueueGenericCreateStatic                0x0800646d   Thumb Code   102  queue.o(i.xQueueGenericCreateStatic)
    xQueueGenericReset                       0x080064d5   Thumb Code   132  queue.o(i.xQueueGenericReset)
    xQueueGenericSend                        0x0800655d   Thumb Code   346  queue.o(i.xQueueGenericSend)
    xQueueGenericSendFromISR                 0x080066bd   Thumb Code   190  queue.o(i.xQueueGenericSendFromISR)
    xQueueReceive                            0x0800677d   Thumb Code   308  queue.o(i.xQueueReceive)
    xTaskCheckForTimeOut                     0x080068b5   Thumb Code   112  tasks.o(i.xTaskCheckForTimeOut)
    xTaskCreate                              0x08006929   Thumb Code    90  tasks.o(i.xTaskCreate)
    xTaskCreateStatic                        0x08006983   Thumb Code    86  tasks.o(i.xTaskCreateStatic)
    xTaskGetSchedulerState                   0x080069d9   Thumb Code    22  tasks.o(i.xTaskGetSchedulerState)
    xTaskGetTickCount                        0x080069f5   Thumb Code     6  tasks.o(i.xTaskGetTickCount)
    xTaskIncrementTick                       0x08006a01   Thumb Code   194  tasks.o(i.xTaskIncrementTick)
    xTaskPriorityDisinherit                  0x08006acd   Thumb Code   144  tasks.o(i.xTaskPriorityDisinherit)
    xTaskRemoveFromEventList                 0x08006b65   Thumb Code   108  tasks.o(i.xTaskRemoveFromEventList)
    xTaskResumeAll                           0x08006bd9   Thumb Code   182  tasks.o(i.xTaskResumeAll)
    xTimerCreate                             0x08006c9d   Thumb Code    52  timers.o(i.xTimerCreate)
    xTimerCreateStatic                       0x08006cd1   Thumb Code    46  timers.o(i.xTimerCreateStatic)
    xTimerCreateTimerTask                    0x08006d01   Thumb Code    78  timers.o(i.xTimerCreateTimerTask)
    xTimerGenericCommand                     0x08006d61   Thumb Code    92  timers.o(i.xTimerGenericCommand)
    F6x8                                     0x08006dc0   Data         552  oled.o(.constdata)
    F8X16                                    0x08006fe8   Data        1520  oled.o(.constdata)
    AHBPrescTable                            0x08007820   Data          16  system_stm32f1xx.o(.constdata)
    APBPrescTable                            0x08007830   Data           8  system_stm32f1xx.o(.constdata)
    Region$$Table$$Base                      0x08007844   Number         0  anon$$obj.o(Region$$Table)
    Region$$Table$$Limit                     0x08007864   Number         0  anon$$obj.o(Region$$Table)
    RH                                       0x20000000   Data           4  aht20.o(.data)
    Temp                                     0x20000004   Data           4  aht20.o(.data)
    SlaveAddress                             0x20000008   Data           1  modbus.o(.data)
    Modify_SlaveAddress_Flag                 0x20000009   Data           1  modbus.o(.data)
    TIM3_Timerout_Flag                       0x2000000a   Data           1  modbus.o(.data)
    Key_Value                                0x2000000b   Data           1  gpio.o(.data)
    ModbusTaskHandle                         0x2000000c   Data           4  freertos.o(.data)
    ModbusTimerHandle                        0x20000010   Data           4  freertos.o(.data)
    pxMBFrameCBByteReceived                  0x20000038   Data           4  mb.o(.data)
    pxMBFrameCBTransmitterEmpty              0x2000003c   Data           4  mb.o(.data)
    pxMBPortCBTimerExpired                   0x20000040   Data           4  mb.o(.data)
    REG_COILS_BUF                            0x200000e4   Data          10  port.o(.data)
    REG_DISC_BUF                             0x200000ee   Data          10  port.o(.data)
    uwTickFreq                               0x200000fc   Data           1  stm32f1xx_hal.o(.data)
    uwTickPrio                               0x20000100   Data           4  stm32f1xx_hal.o(.data)
    uwTick                                   0x20000104   Data           4  stm32f1xx_hal.o(.data)
    SystemCoreClock                          0x20000108   Data           4  system_stm32f1xx.o(.data)
    pxCurrentTCB                             0x2000010c   Data           4  tasks.o(.data)
    __stdout                                 0x20000188   Data           4  stdout.o(.data)
    hadc1                                    0x20000834   Data          48  adc.o(.bss)
    hi2c1                                    0x20000a64   Data          84  i2c.o(.bss)
    htim3                                    0x20000ab8   Data          72  tim.o(.bss)
    huart1                                   0x20000b00   Data          72  usart.o(.bss)
    huart2                                   0x20000b48   Data          72  usart.o(.bss)
    htim1                                    0x20000b90   Data          72  stm32f1xx_hal_timebase_tim.o(.bss)
    ucRTUBuf                                 0x20000bf8   Data         256  mbrtu.o(.bss)
    REG_HOLD_BUF                             0x20000cf8   Data          20  port.o(.bss)
    REG_INPUT_BUF                            0x20000d0c   Data          20  port.o(.bss)
    xQueueRegistry                           0x20000d20   Data          64  queue.o(.bss)
    __initial_sp                             0x20001f38   Data           0  startup_stm32f103xb.o(STACK)



==============================================================================

Memory Map of the image

  Image Entry point : 0x080000ed

  Load Region LR_IROM1 (Base: 0x08000000, Size: 0x000079f0, Max: 0x00010000, ABSOLUTE, COMPRESSED[0x000078bc])

    Execution Region ER_IROM1 (Exec base: 0x08000000, Load base: 0x08000000, Size: 0x00007864, Max: 0x00010000, ABSOLUTE)

    Exec Addr    Load Addr    Size         Type   Attr      Idx    E Section Name        Object

    0x08000000   0x08000000   0x000000ec   Data   RO            3    RESET               startup_stm32f103xb.o
    0x080000ec   0x080000ec   0x00000000   Code   RO         6083  * .ARM.Collect$$$$00000000  mc_w.l(entry.o)
    0x080000ec   0x080000ec   0x00000004   Code   RO         6383    .ARM.Collect$$$$00000001  mc_w.l(entry2.o)
    0x080000f0   0x080000f0   0x00000004   Code   RO         6386    .ARM.Collect$$$$00000004  mc_w.l(entry5.o)
    0x080000f4   0x080000f4   0x00000000   Code   RO         6388    .ARM.Collect$$$$00000008  mc_w.l(entry7b.o)
    0x080000f4   0x080000f4   0x00000000   Code   RO         6390    .ARM.Collect$$$$0000000A  mc_w.l(entry8b.o)
    0x080000f4   0x080000f4   0x00000008   Code   RO         6391    .ARM.Collect$$$$0000000B  mc_w.l(entry9a.o)
    0x080000fc   0x080000fc   0x00000000   Code   RO         6393    .ARM.Collect$$$$0000000D  mc_w.l(entry10a.o)
    0x080000fc   0x080000fc   0x00000000   Code   RO         6395    .ARM.Collect$$$$0000000F  mc_w.l(entry11a.o)
    0x080000fc   0x080000fc   0x00000004   Code   RO         6384    .ARM.Collect$$$$00002712  mc_w.l(entry2.o)
    0x08000100   0x08000100   0x00000096   Code   RO         6006    .emb_text           port_1.o
    0x08000196   0x08000196   0x00000002   PAD
    0x08000198   0x08000198   0x00000024   Code   RO            4    .text               startup_stm32f103xb.o
    0x080001bc   0x080001bc   0x00000020   Code   RO         6086    .text               mc_w.l(llushr.o)
    0x080001dc   0x080001dc   0x00000024   Code   RO         6090    .text               mc_w.l(memcpya.o)
    0x08000200   0x08000200   0x00000024   Code   RO         6094    .text               mc_w.l(memseta.o)
    0x08000224   0x08000224   0x00000064   Code   RO         6361    .text               mf_w.l(fmul.o)
    0x08000288   0x08000288   0x0000007c   Code   RO         6363    .text               mf_w.l(fdiv.o)
    0x08000304   0x08000304   0x0000014e   Code   RO         6365    .text               mf_w.l(dadd.o)
    0x08000452   0x08000452   0x000000e4   Code   RO         6367    .text               mf_w.l(dmul.o)
    0x08000536   0x08000536   0x000000de   Code   RO         6369    .text               mf_w.l(ddiv.o)
    0x08000614   0x08000614   0x0000002e   Code   RO         6371    .text               mf_w.l(dscalb.o)
    0x08000642   0x08000642   0x0000000a   Code   RO         6373    .text               mf_w.l(ffltui.o)
    0x0800064c   0x0800064c   0x0000001a   Code   RO         6375    .text               mf_w.l(dfltui.o)
    0x08000666   0x08000666   0x00000028   Code   RO         6377    .text               mf_w.l(ffixui.o)
    0x0800068e   0x0800068e   0x00000026   Code   RO         6379    .text               mf_w.l(f2d.o)
    0x080006b4   0x080006b4   0x00000038   Code   RO         6381    .text               mf_w.l(d2f.o)
    0x080006ec   0x080006ec   0x0000002c   Code   RO         6398    .text               mc_w.l(uidiv.o)
    0x08000718   0x08000718   0x00000062   Code   RO         6400    .text               mc_w.l(uldiv.o)
    0x0800077a   0x0800077a   0x0000001e   Code   RO         6402    .text               mc_w.l(llshl.o)
    0x08000798   0x08000798   0x00000024   Code   RO         6404    .text               mc_w.l(llsshr.o)
    0x080007bc   0x080007bc   0x00000000   Code   RO         6406    .text               mc_w.l(iusefp.o)
    0x080007bc   0x080007bc   0x0000006e   Code   RO         6407    .text               mf_w.l(fepilogue.o)
    0x0800082a   0x0800082a   0x000000ba   Code   RO         6409    .text               mf_w.l(depilogue.o)
    0x080008e4   0x080008e4   0x00000030   Code   RO         6411    .text               mf_w.l(dfixul.o)
    0x08000914   0x08000914   0x00000030   Code   RO         6413    .text               mf_w.l(cdrcmple.o)
    0x08000944   0x08000944   0x00000024   Code   RO         6415    .text               mc_w.l(init.o)
    0x08000968   0x08000968   0x00000056   Code   RO         6425    .text               mc_w.l(__dczerorl2.o)
    0x080009be   0x080009be   0x00000002   PAD
    0x080009c0   0x080009c0   0x00000056   Code   RO         2568    i.ADC_ConversionStop_Disable  stm32f1xx_hal_adc.o
    0x08000a16   0x08000a16   0x00000002   PAD
    0x08000a18   0x08000a18   0x0000007c   Code   RO         2572    i.ADC_Enable        stm32f1xx_hal_adc.o
    0x08000a94   0x08000a94   0x0000012c   Code   RO          642    i.ADC_VR_CPU_Read   adc.o
    0x08000bc0   0x08000bc0   0x0000002c   Code   RO           13    i.AHT20_DeInit      aht20.o
    0x08000bec   0x08000bec   0x00000040   Code   RO           14    i.AHT20_Init        aht20.o
    0x08000c2c   0x08000c2c   0x00000114   Code   RO           15    i.AHT20_ReadData    aht20.o
    0x08000d40   0x08000d40   0x00000020   Code   RO           16    i.AHT20_Read_Status  aht20.o
    0x08000d60   0x08000d60   0x00000002   Code   RO          863    i.BusFault_Handler  stm32f1xx_it.o
    0x08000d62   0x08000d62   0x00000002   PAD
    0x08000d64   0x08000d64   0x00000018   Code   RO          579    i.CallbackModbus    freertos.o
    0x08000d7c   0x08000d7c   0x00000002   Code   RO          864    i.DebugMon_Handler  stm32f1xx_it.o
    0x08000d7e   0x08000d7e   0x00000026   Code   RO          865    i.EXTI15_10_IRQHandler  stm32f1xx_it.o
    0x08000da4   0x08000da4   0x00000014   Code   RO          866    i.EXTI9_5_IRQHandler  stm32f1xx_it.o
    0x08000db8   0x08000db8   0x00000004   Code   RO          410    i.Error_Handler     main.o
    0x08000dbc   0x08000dbc   0x000000d8   Code   RO         2748    i.HAL_ADCEx_Calibration_Start  stm32f1xx_hal_adc_ex.o
    0x08000e94   0x08000e94   0x000000fc   Code   RO         2574    i.HAL_ADC_ConfigChannel  stm32f1xx_hal_adc.o
    0x08000f90   0x08000f90   0x00000006   Code   RO         2581    i.HAL_ADC_GetValue  stm32f1xx_hal_adc.o
    0x08000f96   0x08000f96   0x00000002   PAD
    0x08000f98   0x08000f98   0x0000011c   Code   RO         2583    i.HAL_ADC_Init      stm32f1xx_hal_adc.o
    0x080010b4   0x080010b4   0x00000058   Code   RO          646    i.HAL_ADC_MspInit   adc.o
    0x0800110c   0x0800110c   0x0000013c   Code   RO         2587    i.HAL_ADC_PollForConversion  stm32f1xx_hal_adc.o
    0x08001248   0x08001248   0x000000c0   Code   RO         2589    i.HAL_ADC_Start     stm32f1xx_hal_adc.o
    0x08001308   0x08001308   0x00000024   Code   RO         2851    i.HAL_Delay         stm32f1xx_hal.o
    0x0800132c   0x0800132c   0x00000060   Code   RO          867    i.HAL_GPIO_EXTI_Callback  stm32f1xx_it.o
    0x0800138c   0x0800138c   0x00000018   Code   RO         3160    i.HAL_GPIO_EXTI_IRQHandler  stm32f1xx_hal_gpio.o
    0x080013a4   0x080013a4   0x000001e0   Code   RO         3161    i.HAL_GPIO_Init     stm32f1xx_hal_gpio.o
    0x08001584   0x08001584   0x0000000a   Code   RO         3165    i.HAL_GPIO_WritePin  stm32f1xx_hal_gpio.o
    0x0800158e   0x0800158e   0x00000002   PAD
    0x08001590   0x08001590   0x0000000c   Code   RO         2855    i.HAL_GetTick       stm32f1xx_hal.o
    0x0800159c   0x0800159c   0x00000188   Code   RO         3832    i.HAL_I2C_Init      stm32f1xx_hal_i2c.o
    0x08001724   0x08001724   0x00000250   Code   RO         3838    i.HAL_I2C_Master_Receive  stm32f1xx_hal_i2c.o
    0x08001974   0x08001974   0x0000012c   Code   RO         3845    i.HAL_I2C_Master_Transmit  stm32f1xx_hal_i2c.o
    0x08001aa0   0x08001aa0   0x0000025c   Code   RO         3850    i.HAL_I2C_Mem_Read  stm32f1xx_hal_i2c.o
    0x08001cfc   0x08001cfc   0x00000130   Code   RO         3853    i.HAL_I2C_Mem_Write  stm32f1xx_hal_i2c.o
    0x08001e2c   0x08001e2c   0x0000005c   Code   RO          709    i.HAL_I2C_MspInit   i2c.o
    0x08001e88   0x08001e88   0x00000010   Code   RO         2861    i.HAL_IncTick       stm32f1xx_hal.o
    0x08001e98   0x08001e98   0x00000024   Code   RO         2862    i.HAL_Init          stm32f1xx_hal.o
    0x08001ebc   0x08001ebc   0x0000008c   Code   RO          981    i.HAL_InitTick      stm32f1xx_hal_timebase_tim.o
    0x08001f48   0x08001f48   0x00000048   Code   RO          957    i.HAL_MspInit       stm32f1xx_hal_msp.o
    0x08001f90   0x08001f90   0x0000001a   Code   RO         3321    i.HAL_NVIC_EnableIRQ  stm32f1xx_hal_cortex.o
    0x08001faa   0x08001faa   0x00000002   PAD
    0x08001fac   0x08001fac   0x00000040   Code   RO         3327    i.HAL_NVIC_SetPriority  stm32f1xx_hal_cortex.o
    0x08001fec   0x08001fec   0x00000024   Code   RO         3328    i.HAL_NVIC_SetPriorityGrouping  stm32f1xx_hal_cortex.o
    0x08002010   0x08002010   0x000000a4   Code   RO         3122    i.HAL_RCCEx_GetPeriphCLKFreq  stm32f1xx_hal_rcc_ex.o
    0x080020b4   0x080020b4   0x000000ec   Code   RO         3123    i.HAL_RCCEx_PeriphCLKConfig  stm32f1xx_hal_rcc_ex.o
    0x080021a0   0x080021a0   0x0000012c   Code   RO         3019    i.HAL_RCC_ClockConfig  stm32f1xx_hal_rcc.o
    0x080022cc   0x080022cc   0x00000040   Code   RO         3023    i.HAL_RCC_GetClockConfig  stm32f1xx_hal_rcc.o
    0x0800230c   0x0800230c   0x00000020   Code   RO         3026    i.HAL_RCC_GetPCLK1Freq  stm32f1xx_hal_rcc.o
    0x0800232c   0x0800232c   0x00000020   Code   RO         3027    i.HAL_RCC_GetPCLK2Freq  stm32f1xx_hal_rcc.o
    0x0800234c   0x0800234c   0x0000004c   Code   RO         3028    i.HAL_RCC_GetSysClockFreq  stm32f1xx_hal_rcc.o
    0x08002398   0x08002398   0x00000320   Code   RO         3031    i.HAL_RCC_OscConfig  stm32f1xx_hal_rcc.o
    0x080026b8   0x080026b8   0x00000002   Code   RO         2301    i.HAL_TIMEx_BreakCallback  stm32f1xx_hal_tim_ex.o
    0x080026ba   0x080026ba   0x00000002   Code   RO         2302    i.HAL_TIMEx_CommutCallback  stm32f1xx_hal_tim_ex.o
    0x080026bc   0x080026bc   0x00000068   Code   RO         2320    i.HAL_TIMEx_MasterConfigSynchronization  stm32f1xx_hal_tim_ex.o
    0x08002724   0x08002724   0x0000005a   Code   RO         1597    i.HAL_TIM_Base_Init  stm32f1xx_hal_tim.o
    0x0800277e   0x0800277e   0x00000002   PAD
    0x08002780   0x08002780   0x0000003c   Code   RO          759    i.HAL_TIM_Base_MspInit  tim.o
    0x080027bc   0x080027bc   0x00000058   Code   RO         1602    i.HAL_TIM_Base_Start_IT  stm32f1xx_hal_tim.o
    0x08002814   0x08002814   0x000000dc   Code   RO         1606    i.HAL_TIM_ConfigClockSource  stm32f1xx_hal_tim.o
    0x080028f0   0x080028f0   0x00000002   Code   RO         1631    i.HAL_TIM_IC_CaptureCallback  stm32f1xx_hal_tim.o
    0x080028f2   0x080028f2   0x00000130   Code   RO         1645    i.HAL_TIM_IRQHandler  stm32f1xx_hal_tim.o
    0x08002a22   0x08002a22   0x00000002   Code   RO         1648    i.HAL_TIM_OC_DelayElapsedCallback  stm32f1xx_hal_tim.o
    0x08002a24   0x08002a24   0x00000002   Code   RO         1675    i.HAL_TIM_PWM_PulseFinishedCallback  stm32f1xx_hal_tim.o
    0x08002a26   0x08002a26   0x00000002   PAD
    0x08002a28   0x08002a28   0x0000003c   Code   RO          411    i.HAL_TIM_PeriodElapsedCallback  main.o
    0x08002a64   0x08002a64   0x00000002   Code   RO         1688    i.HAL_TIM_TriggerCallback  stm32f1xx_hal_tim.o
    0x08002a66   0x08002a66   0x00000064   Code   RO         4288    i.HAL_UART_Init     stm32f1xx_hal_uart.o
    0x08002aca   0x08002aca   0x00000002   PAD
    0x08002acc   0x08002acc   0x000000cc   Code   RO          801    i.HAL_UART_MspInit  usart.o
    0x08002b98   0x08002b98   0x000000a0   Code   RO         4296    i.HAL_UART_Transmit  stm32f1xx_hal_uart.o
    0x08002c38   0x08002c38   0x00000002   Code   RO          868    i.HardFault_Handler  stm32f1xx_it.o
    0x08002c3a   0x08002c3a   0x0000002e   Code   RO         3875    i.I2C_IsAcknowledgeFailed  stm32f1xx_hal_i2c.o
    0x08002c68   0x08002c68   0x000000ec   Code   RO         3878    i.I2C_MasterRequestRead  stm32f1xx_hal_i2c.o
    0x08002d54   0x08002d54   0x0000009c   Code   RO         3879    i.I2C_MasterRequestWrite  stm32f1xx_hal_i2c.o
    0x08002df0   0x08002df0   0x000000fc   Code   RO         3885    i.I2C_RequestMemoryRead  stm32f1xx_hal_i2c.o
    0x08002eec   0x08002eec   0x000000a8   Code   RO         3886    i.I2C_RequestMemoryWrite  stm32f1xx_hal_i2c.o
    0x08002f94   0x08002f94   0x00000056   Code   RO         3890    i.I2C_WaitOnBTFFlagUntilTimeout  stm32f1xx_hal_i2c.o
    0x08002fea   0x08002fea   0x00000002   PAD
    0x08002fec   0x08002fec   0x00000090   Code   RO         3891    i.I2C_WaitOnFlagUntilTimeout  stm32f1xx_hal_i2c.o
    0x0800307c   0x0800307c   0x000000bc   Code   RO         3892    i.I2C_WaitOnMasterAddressFlagUntilTimeout  stm32f1xx_hal_i2c.o
    0x08003138   0x08003138   0x00000070   Code   RO         3893    i.I2C_WaitOnRXNEFlagUntilTimeout  stm32f1xx_hal_i2c.o
    0x080031a8   0x080031a8   0x00000056   Code   RO         3894    i.I2C_WaitOnTXEFlagUntilTimeout  stm32f1xx_hal_i2c.o
    0x080031fe   0x080031fe   0x00000002   PAD
    0x08003200   0x08003200   0x0000004c   Code   RO          179    i.INA226_Init       ina226.o
    0x0800324c   0x0800324c   0x000000f4   Code   RO          180    i.INA226_Read       ina226.o
    0x08003340   0x08003340   0x00000038   Code   RO          181    i.INA226_Read_Bus_Voltage  ina226.o
    0x08003378   0x08003378   0x00000038   Code   RO          182    i.INA226_Read_Current  ina226.o
    0x080033b0   0x080033b0   0x00000038   Code   RO          183    i.INA226_Read_Pow   ina226.o
    0x080033e8   0x080033e8   0x00000030   Code   RO          506    i.LED_Control       gpio.o
    0x08003418   0x08003418   0x00000054   Code   RO          647    i.MX_ADC1_Init      adc.o
    0x0800346c   0x0800346c   0x00000048   Code   RO          580    i.MX_FREERTOS_Init  freertos.o
    0x080034b4   0x080034b4   0x00000120   Code   RO          508    i.MX_GPIO_Init      gpio.o
    0x080035d4   0x080035d4   0x00000040   Code   RO          710    i.MX_I2C1_Init      i2c.o
    0x08003614   0x08003614   0x0000006c   Code   RO          760    i.MX_TIM3_Init      tim.o
    0x08003680   0x08003680   0x00000038   Code   RO          802    i.MX_USART1_UART_Init  usart.o
    0x080036b8   0x080036b8   0x00000038   Code   RO          803    i.MX_USART2_UART_Init  usart.o
    0x080036f0   0x080036f0   0x00000002   Code   RO          869    i.MemManage_Handler  stm32f1xx_it.o
    0x080036f2   0x080036f2   0x00000002   PAD
    0x080036f4   0x080036f4   0x00000044   Code   RO          243    i.Modbus_Init       modbus.o
    0x08003738   0x08003738   0x00000080   Code   RO          244    i.Modbus_Parse      modbus.o
    0x080037b8   0x080037b8   0x00000002   Code   RO          870    i.NMI_Handler       stm32f1xx_it.o
    0x080037ba   0x080037ba   0x00000006   Code   RO          318    i.OLED_CLS          oled.o
    0x080037c0   0x080037c0   0x00000038   Code   RO          320    i.OLED_Fill         oled.o
    0x080037f8   0x080037f8   0x000000b4   Code   RO          321    i.OLED_Init         oled.o
    0x080038ac   0x080038ac   0x00000026   Code   RO          324    i.OLED_SetPos       oled.o
    0x080038d2   0x080038d2   0x00000002   PAD
    0x080038d4   0x080038d4   0x000000d8   Code   RO          326    i.OLED_ShowStr      oled.o
    0x080039ac   0x080039ac   0x0000002c   Code   RO          245    i.ReadSlaveAddress  modbus.o
    0x080039d8   0x080039d8   0x00000014   Code   RO          581    i.StartModbusTask   freertos.o
    0x080039ec   0x080039ec   0x0000002c   Code   RO         6007    i.SysTick_Handler   port_1.o
    0x08003a18   0x08003a18   0x00000078   Code   RO          412    i.SystemClock_Config  main.o
    0x08003a90   0x08003a90   0x00000002   Code   RO         4622    i.SystemInit        system_stm32f1xx.o
    0x08003a92   0x08003a92   0x00000002   PAD
    0x08003a94   0x08003a94   0x0000000c   Code   RO          871    i.TIM1_UP_IRQHandler  stm32f1xx_it.o
    0x08003aa0   0x08003aa0   0x00000020   Code   RO         1517    i.TIM3_IRQHandler   porttimer.o
    0x08003ac0   0x08003ac0   0x00000078   Code   RO         1690    i.TIM_Base_SetConfig  stm32f1xx_hal_tim.o
    0x08003b38   0x08003b38   0x00000014   Code   RO         1701    i.TIM_ETR_SetConfig  stm32f1xx_hal_tim.o
    0x08003b4c   0x08003b4c   0x00000010   Code   RO         1702    i.TIM_ITRx_SetConfig  stm32f1xx_hal_tim.o
    0x08003b5c   0x08003b5c   0x00000022   Code   RO         1708    i.TIM_TI1_ConfigInputStage  stm32f1xx_hal_tim.o
    0x08003b7e   0x08003b7e   0x00000024   Code   RO         1710    i.TIM_TI2_ConfigInputStage  stm32f1xx_hal_tim.o
    0x08003ba2   0x08003ba2   0x0000004e   Code   RO         4311    i.UART_EndRxTransfer  stm32f1xx_hal_uart.o
    0x08003bf0   0x08003bf0   0x000000b8   Code   RO         4314    i.UART_SetConfig    stm32f1xx_hal_uart.o
    0x08003ca8   0x08003ca8   0x00000072   Code   RO         4317    i.UART_WaitOnFlagUntilTimeout  stm32f1xx_hal_uart.o
    0x08003d1a   0x08003d1a   0x00000002   PAD
    0x08003d1c   0x08003d1c   0x00000044   Code   RO         1466    i.USART2_IRQHandler  portserial.o
    0x08003d60   0x08003d60   0x00000002   Code   RO          872    i.UsageFault_Handler  stm32f1xx_it.o
    0x08003d62   0x08003d62   0x00000002   PAD
    0x08003d64   0x08003d64   0x00000024   Code   RO          328    i.WriteCmd          oled.o
    0x08003d88   0x08003d88   0x00000024   Code   RO          329    i.WriteDat          oled.o
    0x08003dac   0x08003dac   0x00000028   Code   RO          246    i.WriteSlaveAddress  modbus.o
    0x08003dd4   0x08003dd4   0x00000020   Code   RO         6333    i.__0printf         mc_w.l(printfa.o)
    0x08003df4   0x08003df4   0x00000020   Code   RO         3334    i.__NVIC_SetPriority  stm32f1xx_hal_cortex.o
    0x08003e14   0x08003e14   0x0000000e   Code   RO         6419    i.__scatterload_copy  mc_w.l(handlers.o)
    0x08003e22   0x08003e22   0x00000002   Code   RO         6420    i.__scatterload_null  mc_w.l(handlers.o)
    0x08003e24   0x08003e24   0x0000000e   Code   RO         6421    i.__scatterload_zeroinit  mc_w.l(handlers.o)
    0x08003e32   0x08003e32   0x00000002   PAD
    0x08003e34   0x08003e34   0x00000184   Code   RO         6340    i._fp_digits        mc_w.l(printfa.o)
    0x08003fb8   0x08003fb8   0x000006dc   Code   RO         6341    i._printf_core      mc_w.l(printfa.o)
    0x08004694   0x08004694   0x00000024   Code   RO         6342    i._printf_post_padding  mc_w.l(printfa.o)
    0x080046b8   0x080046b8   0x0000002e   Code   RO         6343    i._printf_pre_padding  mc_w.l(printfa.o)
    0x080046e6   0x080046e6   0x00000002   PAD
    0x080046e8   0x080046e8   0x00000030   Code   RO         1100    i.eMBASCIIInit      mbascii.o
    0x08004718   0x08004718   0x00000048   Code   RO         1101    i.eMBASCIIReceive   mbascii.o
    0x08004760   0x08004760   0x00000048   Code   RO         1102    i.eMBASCIISend      mbascii.o
    0x080047a8   0x080047a8   0x0000001c   Code   RO         1103    i.eMBASCIIStart     mbascii.o
    0x080047c4   0x080047c4   0x00000012   Code   RO         1104    i.eMBASCIIStop      mbascii.o
    0x080047d6   0x080047d6   0x00000002   PAD
    0x080047d8   0x080047d8   0x00000020   Code   RO         1017    i.eMBClose          mb.o
    0x080047f8   0x080047f8   0x00000020   Code   RO         1018    i.eMBDisable        mb.o
    0x08004818   0x08004818   0x00000020   Code   RO         1019    i.eMBEnable         mb.o
    0x08004838   0x08004838   0x00000072   Code   RO         1191    i.eMBFuncReadCoils  mbfunccoils.o
    0x080048aa   0x080048aa   0x00000072   Code   RO         1218    i.eMBFuncReadDiscreteInputs  mbfuncdisc.o
    0x0800491c   0x0800491c   0x0000005e   Code   RO         1230    i.eMBFuncReadHoldingRegister  mbfuncholding.o
    0x0800497a   0x0800497a   0x00000062   Code   RO         1260    i.eMBFuncReadInputRegister  mbfuncinput.o
    0x080049dc   0x080049dc   0x0000009c   Code   RO         1231    i.eMBFuncReadWriteMultipleHoldingRegister  mbfuncholding.o
    0x08004a78   0x08004a78   0x00000024   Code   RO         1272    i.eMBFuncReportSlaveID  mbfuncother.o
    0x08004a9c   0x08004a9c   0x00000056   Code   RO         1192    i.eMBFuncWriteCoil  mbfunccoils.o
    0x08004af2   0x08004af2   0x00000032   Code   RO         1232    i.eMBFuncWriteHoldingRegister  mbfuncholding.o
    0x08004b24   0x08004b24   0x00000064   Code   RO         1193    i.eMBFuncWriteMultipleCoils  mbfunccoils.o
    0x08004b88   0x08004b88   0x0000004e   Code   RO         1233    i.eMBFuncWriteMultipleHoldingRegister  mbfuncholding.o
    0x08004bd6   0x08004bd6   0x00000002   PAD
    0x08004bd8   0x08004bd8   0x000000cc   Code   RO         1020    i.eMBInit           mb.o
    0x08004ca4   0x08004ca4   0x000000b8   Code   RO         1021    i.eMBPoll           mb.o
    0x08004d5c   0x08004d5c   0x0000003c   Code   RO         1293    i.eMBRTUInit        mbrtu.o
    0x08004d98   0x08004d98   0x00000050   Code   RO         1294    i.eMBRTUReceive     mbrtu.o
    0x08004de8   0x08004de8   0x00000058   Code   RO         1295    i.eMBRTUSend        mbrtu.o
    0x08004e40   0x08004e40   0x0000001c   Code   RO         1296    i.eMBRTUStart       mbrtu.o
    0x08004e5c   0x08004e5c   0x00000012   Code   RO         1297    i.eMBRTUStop        mbrtu.o
    0x08004e6e   0x08004e6e   0x00000002   PAD
    0x08004e70   0x08004e70   0x0000009c   Code   RO         1387    i.eMBRegCoilsCB     port.o
    0x08004f0c   0x08004f0c   0x00000080   Code   RO         1388    i.eMBRegDiscreteCB  port.o
    0x08004f8c   0x08004f8c   0x00000068   Code   RO         1389    i.eMBRegHoldingCB   port.o
    0x08004ff4   0x08004ff4   0x00000050   Code   RO         1390    i.eMBRegInputCB     port.o
    0x08005044   0x08005044   0x00000018   Code   RO          804    i.fputc             usart.o
    0x0800505c   0x0800505c   0x0000000c   Code   RO         5582    i.inHandlerMode     cmsis_os.o
    0x08005068   0x08005068   0x00000090   Code   RO          413    i.main              main.o
    0x080050f8   0x080050f8   0x0000000c   Code   RO         5584    i.makeFreeRtosPriority  cmsis_os.o
    0x08005104   0x08005104   0x0000000e   Code   RO         5586    i.osDelay           cmsis_os.o
    0x08005112   0x08005112   0x0000000a   Code   RO         5589    i.osKernelStart     cmsis_os.o
    0x0800511c   0x0800511c   0x00000054   Code   RO         5623    i.osThreadCreate    cmsis_os.o
    0x08005170   0x08005170   0x00000040   Code   RO         5634    i.osTimerCreate     cmsis_os.o
    0x080051b0   0x080051b0   0x0000005c   Code   RO         5636    i.osTimerStart      cmsis_os.o
    0x0800520c   0x0800520c   0x00000070   Code   RO         5124    i.prvAddCurrentTaskToDelayedList  tasks.o
    0x0800527c   0x0800527c   0x000000d0   Code   RO         5125    i.prvAddNewTaskToReadyList  tasks.o
    0x0800534c   0x0800534c   0x00000058   Code   RO         5438    i.prvCheckForValidListAndQueue  timers.o
    0x080053a4   0x080053a4   0x00000026   Code   RO         4797    i.prvCopyDataFromQueue  queue.o
    0x080053ca   0x080053ca   0x0000006c   Code   RO         4798    i.prvCopyDataToQueue  queue.o
    0x08005436   0x08005436   0x00000034   Code   RO         5126    i.prvDeleteTCB      tasks.o
    0x0800546a   0x0800546a   0x00000002   PAD
    0x0800546c   0x0800546c   0x0000004c   Code   RO         5951    i.prvHeapInit       heap_4.o
    0x080054b8   0x080054b8   0x00000060   Code   RO         5127    i.prvIdleTask       tasks.o
    0x08005518   0x08005518   0x00000016   Code   RO         4800    i.prvInitialiseNewQueue  queue.o
    0x0800552e   0x0800552e   0x00000098   Code   RO         5128    i.prvInitialiseNewTask  tasks.o
    0x080055c6   0x080055c6   0x0000004e   Code   RO         5439    i.prvInitialiseNewTimer  timers.o
    0x08005614   0x08005614   0x0000004c   Code   RO         5952    i.prvInsertBlockIntoFreeList  heap_4.o
    0x08005660   0x08005660   0x00000038   Code   RO         5440    i.prvInsertTimerInActiveList  timers.o
    0x08005698   0x08005698   0x0000001c   Code   RO         4801    i.prvIsQueueEmpty   queue.o
    0x080056b4   0x080056b4   0x000000f0   Code   RO         5441    i.prvProcessReceivedCommands  timers.o
    0x080057a4   0x080057a4   0x000000c0   Code   RO         5442    i.prvProcessTimerOrBlockTask  timers.o
    0x08005864   0x08005864   0x00000020   Code   RO         5129    i.prvResetNextTaskUnblockTime  tasks.o
    0x08005884   0x08005884   0x00000028   Code   RO         5443    i.prvSampleTimeNow  timers.o
    0x080058ac   0x080058ac   0x0000006c   Code   RO         5444    i.prvSwitchTimerLists  timers.o
    0x08005918   0x08005918   0x00000028   Code   RO         6008    i.prvTaskExitError  port_1.o
    0x08005940   0x08005940   0x00000024   Code   RO         5445    i.prvTimerTask      timers.o
    0x08005964   0x08005964   0x0000006a   Code   RO         4802    i.prvUnlockQueue    queue.o
    0x080059ce   0x080059ce   0x00000018   Code   RO         1360    i.prveMBError2Exception  mbutils.o
    0x080059e6   0x080059e6   0x0000001c   Code   RO         1105    i.prvucMBBIN2CHAR   mbascii.o
    0x08005a02   0x08005a02   0x00000018   Code   RO         1106    i.prvucMBLRC        mbascii.o
    0x08005a1a   0x08005a1a   0x00000002   PAD
    0x08005a1c   0x08005a1c   0x000000dc   Code   RO         5953    i.pvPortMalloc      heap_4.o
    0x08005af8   0x08005af8   0x00000024   Code   RO         6009    i.pxPortInitialiseStack  port_1.o
    0x08005b1c   0x08005b1c   0x0000002c   Code   RO         1174    i.usMBCRC16         mbcrc.o
    0x08005b48   0x08005b48   0x00000026   Code   RO         4757    i.uxListRemove      list.o
    0x08005b6e   0x08005b6e   0x00000002   PAD
    0x08005b70   0x08005b70   0x00000014   Code   RO          582    i.vApplicationGetIdleTaskMemory  freertos.o
    0x08005b84   0x08005b84   0x00000018   Code   RO          583    i.vApplicationGetTimerTaskMemory  freertos.o
    0x08005b9c   0x08005b9c   0x00000016   Code   RO         4758    i.vListInitialise   list.o
    0x08005bb2   0x08005bb2   0x00000006   Code   RO         4759    i.vListInitialiseItem  list.o
    0x08005bb8   0x08005bb8   0x00000030   Code   RO         4760    i.vListInsert       list.o
    0x08005be8   0x08005be8   0x00000018   Code   RO         4761    i.vListInsertEnd    list.o
    0x08005c00   0x08005c00   0x00000054   Code   RO         1467    i.vMBPortSerialEnable  portserial.o
    0x08005c54   0x08005c54   0x00000002   Code   RO         1547    i.vMBPortTimersDisable  porttimer.o
    0x08005c56   0x08005c56   0x00000002   PAD
    0x08005c58   0x08005c58   0x00000018   Code   RO         1541    i.vMBPortTimersEnable  porttimer.o
    0x08005c70   0x08005c70   0x00000040   Code   RO         6011    i.vPortEnterCritical  port_1.o
    0x08005cb0   0x08005cb0   0x00000028   Code   RO         6012    i.vPortExitCritical  port_1.o
    0x08005cd8   0x08005cd8   0x00000064   Code   RO         5954    i.vPortFree         heap_4.o
    0x08005d3c   0x08005d3c   0x00000024   Code   RO         6013    i.vPortSetupTimerInterrupt  port_1.o
    0x08005d60   0x08005d60   0x00000054   Code   RO         6014    i.vPortValidateInterruptPriority  port_1.o
    0x08005db4   0x08005db4   0x00000028   Code   RO         4806    i.vQueueAddToRegistry  queue.o
    0x08005ddc   0x08005ddc   0x00000044   Code   RO         4809    i.vQueueWaitForMessageRestricted  queue.o
    0x08005e20   0x08005e20   0x0000004c   Code   RO         5138    i.vTaskDelay        tasks.o
    0x08005e6c   0x08005e6c   0x00000010   Code   RO         5141    i.vTaskInternalSetTimeOutState  tasks.o
    0x08005e7c   0x08005e7c   0x0000000c   Code   RO         5142    i.vTaskMissedYield  tasks.o
    0x08005e88   0x08005e88   0x00000030   Code   RO         5144    i.vTaskPlaceOnEventList  tasks.o
    0x08005eb8   0x08005eb8   0x00000038   Code   RO         5145    i.vTaskPlaceOnEventListRestricted  tasks.o
    0x08005ef0   0x08005ef0   0x00000088   Code   RO         5152    i.vTaskStartScheduler  tasks.o
    0x08005f78   0x08005f78   0x00000010   Code   RO         5154    i.vTaskSuspendAll   tasks.o
    0x08005f88   0x08005f88   0x0000005c   Code   RO         5155    i.vTaskSwitchContext  tasks.o
    0x08005fe4   0x08005fe4   0x000000e4   Code   RO         1107    i.xMBASCIIReceiveFSM  mbascii.o
    0x080060c8   0x080060c8   0x00000030   Code   RO         1108    i.xMBASCIITimerT1SExpired  mbascii.o
    0x080060f8   0x080060f8   0x000000ac   Code   RO         1109    i.xMBASCIITransmitFSM  mbascii.o
    0x080061a4   0x080061a4   0x0000001c   Code   RO         1437    i.xMBPortEventGet   portevent.o
    0x080061c0   0x080061c0   0x00000010   Code   RO         1438    i.xMBPortEventInit  portevent.o
    0x080061d0   0x080061d0   0x00000010   Code   RO         1439    i.xMBPortEventPost  portevent.o
    0x080061e0   0x080061e0   0x00000010   Code   RO         1468    i.xMBPortSerialGetByte  portserial.o
    0x080061f0   0x080061f0   0x00000050   Code   RO         1469    i.xMBPortSerialInit  portserial.o
    0x08006240   0x08006240   0x0000000c   Code   RO         1470    i.xMBPortSerialPutByte  portserial.o
    0x0800624c   0x0800624c   0x00000074   Code   RO         1518    i.xMBPortTimersInit  porttimer.o
    0x080062c0   0x080062c0   0x00000068   Code   RO         1298    i.xMBRTUReceiveFSM  mbrtu.o
    0x08006328   0x08006328   0x00000040   Code   RO         1299    i.xMBRTUTimerT35Expired  mbrtu.o
    0x08006368   0x08006368   0x0000005c   Code   RO         1300    i.xMBRTUTransmitFSM  mbrtu.o
    0x080063c4   0x080063c4   0x000000a8   Code   RO         6015    i.xPortStartScheduler  port_1.o
    0x0800646c   0x0800646c   0x00000066   Code   RO         4813    i.xQueueGenericCreateStatic  queue.o
    0x080064d2   0x080064d2   0x00000002   PAD
    0x080064d4   0x080064d4   0x00000088   Code   RO         4814    i.xQueueGenericReset  queue.o
    0x0800655c   0x0800655c   0x00000160   Code   RO         4815    i.xQueueGenericSend  queue.o
    0x080066bc   0x080066bc   0x000000be   Code   RO         4816    i.xQueueGenericSendFromISR  queue.o
    0x0800677a   0x0800677a   0x00000002   PAD
    0x0800677c   0x0800677c   0x00000138   Code   RO         4822    i.xQueueReceive     queue.o
    0x080068b4   0x080068b4   0x00000074   Code   RO         5157    i.xTaskCheckForTimeOut  tasks.o
    0x08006928   0x08006928   0x0000005a   Code   RO         5158    i.xTaskCreate       tasks.o
    0x08006982   0x08006982   0x00000056   Code   RO         5159    i.xTaskCreateStatic  tasks.o
    0x080069d8   0x080069d8   0x0000001c   Code   RO         5163    i.xTaskGetSchedulerState  tasks.o
    0x080069f4   0x080069f4   0x0000000c   Code   RO         5164    i.xTaskGetTickCount  tasks.o
    0x08006a00   0x08006a00   0x000000cc   Code   RO         5166    i.xTaskIncrementTick  tasks.o
    0x08006acc   0x08006acc   0x00000098   Code   RO         5169    i.xTaskPriorityDisinherit  tasks.o
    0x08006b64   0x08006b64   0x00000074   Code   RO         5171    i.xTaskRemoveFromEventList  tasks.o
    0x08006bd8   0x08006bd8   0x000000c4   Code   RO         5172    i.xTaskResumeAll    tasks.o
    0x08006c9c   0x08006c9c   0x00000034   Code   RO         5450    i.xTimerCreate      timers.o
    0x08006cd0   0x08006cd0   0x0000002e   Code   RO         5451    i.xTimerCreateStatic  timers.o
    0x08006cfe   0x08006cfe   0x00000002   PAD
    0x08006d00   0x08006d00   0x00000060   Code   RO         5452    i.xTimerCreateTimerTask  timers.o
    0x08006d60   0x08006d60   0x00000060   Code   RO         5453    i.xTimerGenericCommand  timers.o
    0x08006dc0   0x08006dc0   0x00000818   Data   RO          330    .constdata          oled.o
    0x080075d8   0x080075d8   0x00000024   Data   RO          585    .constdata          freertos.o
    0x080075fc   0x080075fc   0x00000200   Data   RO         1175    .constdata          mbcrc.o
    0x080077fc   0x080077fc   0x00000012   Data   RO         3032    .constdata          stm32f1xx_hal_rcc.o
    0x0800780e   0x0800780e   0x00000012   Data   RO         3124    .constdata          stm32f1xx_hal_rcc_ex.o
    0x08007820   0x08007820   0x00000010   Data   RO         4623    .constdata          system_stm32f1xx.o
    0x08007830   0x08007830   0x00000008   Data   RO         4624    .constdata          system_stm32f1xx.o
    0x08007838   0x08007838   0x0000000b   Data   RO          586    .conststring        freertos.o
    0x08007843   0x08007843   0x00000001   PAD
    0x08007844   0x08007844   0x00000020   Data   RO         6417    Region$$Table       anon$$obj.o


    Execution Region RW_IRAM1 (Exec base: 0x20000000, Load base: 0x08007864, Size: 0x00001f38, Max: 0x00005000, ABSOLUTE, COMPRESSED[0x00000058])

    Exec Addr    Load Addr    Size         Type   Attr      Idx    E Section Name        Object

    0x20000000   COMPRESSED   0x00000008   Data   RW           18    .data               aht20.o
    0x20000008   COMPRESSED   0x00000003   Data   RW          247    .data               modbus.o
    0x2000000b   COMPRESSED   0x00000001   Data   RW          511    .data               gpio.o
    0x2000000c   COMPRESSED   0x00000008   Data   RW          587    .data               freertos.o
    0x20000014   COMPRESSED   0x00000004   Data   RW          873    .data               stm32f1xx_it.o
    0x20000018   COMPRESSED   0x000000ac   Data   RW         1023    .data               mb.o
    0x200000c4   COMPRESSED   0x00000010   Data   RW         1110    .data               mbascii.o
    0x200000d4   COMPRESSED   0x00000002   Data   RW         1275    .data               mbfuncother.o
    0x200000d6   COMPRESSED   0x00000002   PAD
    0x200000d8   COMPRESSED   0x0000000c   Data   RW         1302    .data               mbrtu.o
    0x200000e4   COMPRESSED   0x00000014   Data   RW         1392    .data               port.o
    0x200000f8   COMPRESSED   0x00000002   Data   RW         1440    .data               portevent.o
    0x200000fa   COMPRESSED   0x00000002   PAD
    0x200000fc   COMPRESSED   0x0000000c   Data   RW         2869    .data               stm32f1xx_hal.o
    0x20000108   COMPRESSED   0x00000004   Data   RW         4625    .data               system_stm32f1xx.o
    0x2000010c   COMPRESSED   0x0000003c   Data   RW         5175    .data               tasks.o
    0x20000148   COMPRESSED   0x00000014   Data   RW         5459    .data               timers.o
    0x2000015c   COMPRESSED   0x00000020   Data   RW         5960    .data               heap_4.o
    0x2000017c   COMPRESSED   0x0000000c   Data   RW         6016    .data               port_1.o
    0x20000188   COMPRESSED   0x00000004   Data   RW         6397    .data               mc_w.l(stdout.o)
    0x2000018c        -       0x000006a8   Zero   RW          584    .bss                freertos.o
    0x20000834        -       0x00000030   Zero   RW          648    .bss                adc.o
    0x20000864        -       0x00000254   Zero   RW          711    .bss                i2c.o
    0x20000ab8        -       0x00000048   Zero   RW          761    .bss                tim.o
    0x20000b00        -       0x00000090   Zero   RW          808    .bss                usart.o
    0x20000b90        -       0x00000048   Zero   RW          984    .bss                stm32f1xx_hal_timebase_tim.o
    0x20000bd8        -       0x00000020   Zero   RW         1274    .bss                mbfuncother.o
    0x20000bf8        -       0x00000100   Zero   RW         1301    .bss                mbrtu.o
    0x20000cf8        -       0x00000028   Zero   RW         1391    .bss                port.o
    0x20000d20        -       0x00000040   Zero   RW         4825    .bss                queue.o
    0x20000d60        -       0x000000f0   Zero   RW         5174    .bss                tasks.o
    0x20000e50        -       0x000000e8   Zero   RW         5458    .bss                timers.o
    0x20000f38        -       0x00000c00   Zero   RW         5959    .bss                heap_4.o
    0x20001b38        -       0x00000400   Zero   RW            1    STACK               startup_stm32f103xb.o


==============================================================================

Image component sizes


      Code (inc. data)   RO Data    RW Data    ZI Data      Debug   Object Name

       472         62          0          0         48       2559   adc.o
       416         42          0          8          0     458049   aht20.o
       288          8          0          0          0      29052   cmsis_os.o
         0          0          0          0          0      18640   event_groups.o
       160         38         47          8       1704       3868   freertos.o
       336         28          0          1          0       1978   gpio.o
       472         24          0         32       3072       4855   heap_4.o
       156         26          0          0        596       1837   i2c.o
       488        114          0          0          0       4722   ina226.o
       138          0          0          0          0       3482   list.o
       328         78          0          0          0      34776   main.o
       484         78          0        172          0       9840   mb.o
       738         38          0         16          0       8632   mbascii.o
        44          4        512          0          0       1236   mbcrc.o
       300          0          0          0          0       3626   mbfunccoils.o
       114          0          0          0          0       1504   mbfuncdisc.o
       378          0          0          0          0       5027   mbfuncholding.o
        98          0          0          0          0       1495   mbfuncinput.o
        36         10          0          2         32       1327   mbfuncother.o
       534         48          0         12        256       6203   mbrtu.o
        24          0          0          0          0        612   mbutils.o
       280         46          0          3          0       3113   modbus.o
       568         16       2072          0          0       5138   oled.o
       468         26          0         20         40       4325   port.o
       662         70          0         12          0      11269   port_1.o
        60         14          0          2          0       2144   portevent.o
       260         40          0          0          0       3420   portserial.o
       174         22          0          0          0       2607   porttimer.o
      1502         20          0          0         64      17176   queue.o
        36          8        236          0       1024        820   startup_stm32f103xb.o
       100         18          0         12          0       5354   stm32f1xx_hal.o
      1260         54          0          0          0       6652   stm32f1xx_hal_adc.o
       216          6          0          0          0       1462   stm32f1xx_hal_adc_ex.o
       158         14          0          0          0      28258   stm32f1xx_hal_cortex.o
       514         40          0          0          0       3551   stm32f1xx_hal_gpio.o
      3666         94          0          0          0      17917   stm32f1xx_hal_i2c.o
        72         10          0          0          0        902   stm32f1xx_hal_msp.o
      1304         94         18          0          0       5849   stm32f1xx_hal_rcc.o
       400         28         18          0          0       2513   stm32f1xx_hal_rcc_ex.o
       936         24          0          0          0      10085   stm32f1xx_hal_tim.o
       108         12          0          0          0       2465   stm32f1xx_hal_tim_ex.o
       140         22          0          0         72       1471   stm32f1xx_hal_timebase_tim.o
       636          6          0          0          0       4728   stm32f1xx_hal_uart.o
       178         20          0          4          0       4791   stm32f1xx_it.o
         0          0          0          0          0        384   stream_buffer.o
         2          0         24          4          0       1167   system_stm32f1xx.o
      2104        160          0         60        240      26400   tasks.o
       168         20          0          0         72       1726   tim.o
      1128         80          0         20        232      32999   timers.o
       340         38          0          0        144       3248   usart.o

    ----------------------------------------------------------------------
     23496       1600       2960        392       7596     815254   Object Totals
         0          0         32          0          0          0   (incl. Generated)
        52          0          1          4          0          0   (incl. Padding)

    ----------------------------------------------------------------------

      Code (inc. data)   RO Data    RW Data    ZI Data      Debug   Library Member Name

        86          0          0          0          0          0   __dczerorl2.o
         0          0          0          0          0          0   entry.o
         0          0          0          0          0          0   entry10a.o
         0          0          0          0          0          0   entry11a.o
         8          4          0          0          0          0   entry2.o
         4          0          0          0          0          0   entry5.o
         0          0          0          0          0          0   entry7b.o
         0          0          0          0          0          0   entry8b.o
         8          4          0          0          0          0   entry9a.o
        30          0          0          0          0          0   handlers.o
        36          8          0          0          0         68   init.o
         0          0          0          0          0          0   iusefp.o
        30          0          0          0          0         68   llshl.o
        36          0          0          0          0         68   llsshr.o
        32          0          0          0          0         68   llushr.o
        36          0          0          0          0         68   memcpya.o
        36          0          0          0          0        108   memseta.o
      2258         90          0          0          0        452   printfa.o
         0          0          0          4          0          0   stdout.o
        44          0          0          0          0         80   uidiv.o
        98          0          0          0          0         92   uldiv.o
        48          0          0          0          0         68   cdrcmple.o
        56          0          0          0          0         88   d2f.o
       334          0          0          0          0        148   dadd.o
       222          0          0          0          0        100   ddiv.o
       186          0          0          0          0        176   depilogue.o
        48          0          0          0          0         68   dfixul.o
        26          0          0          0          0         76   dfltui.o
       228          0          0          0          0         96   dmul.o
        46          0          0          0          0         80   dscalb.o
        38          0          0          0          0         68   f2d.o
       124          0          0          0          0         88   fdiv.o
       110          0          0          0          0        168   fepilogue.o
        40          0          0          0          0         68   ffixui.o
        10          0          0          0          0         68   ffltui.o
       100          0          0          0          0         76   fmul.o

    ----------------------------------------------------------------------
      4364        106          0          4          0       2508   Library Totals
         6          0          0          0          0          0   (incl. Padding)

    ----------------------------------------------------------------------

      Code (inc. data)   RO Data    RW Data    ZI Data      Debug   Library Name

      2742        106          0          4          0       1072   mc_w.l
      1616          0          0          0          0       1436   mf_w.l

    ----------------------------------------------------------------------
      4364        106          0          4          0       2508   Library Totals

    ----------------------------------------------------------------------

==============================================================================


      Code (inc. data)   RO Data    RW Data    ZI Data      Debug   

     27860       1706       2960        396       7596     804266   Grand Totals
     27860       1706       2960         88       7596     804266   ELF Image Totals (compressed)
     27860       1706       2960         88          0          0   ROM Totals

==============================================================================

    Total RO  Size (Code + RO Data)                30820 (  30.10kB)
    Total RW  Size (RW Data + ZI Data)              7992 (   7.80kB)
    Total ROM Size (Code + RO Data + RW Data)      30908 (  30.18kB)

==============================================================================

