Component: ARM Compiler 5.06 update 7 (build 960) Tool: armlink [4d3601]

==============================================================================

Section Cross References

    startup_stm32f103xb.o(RESET) refers to startup_stm32f103xb.o(STACK) for __initial_sp
    startup_stm32f103xb.o(RESET) refers to startup_stm32f103xb.o(.text) for Reset_Handler
    startup_stm32f103xb.o(RESET) refers to stm32f1xx_it.o(i.NMI_Handler) for NMI_Handler
    startup_stm32f103xb.o(RESET) refers to stm32f1xx_it.o(i.HardFault_Handler) for HardFault_Handler
    startup_stm32f103xb.o(RESET) refers to stm32f1xx_it.o(i.MemManage_Handler) for MemManage_Handler
    startup_stm32f103xb.o(RESET) refers to stm32f1xx_it.o(i.BusFault_Handler) for BusFault_Handler
    startup_stm32f103xb.o(RESET) refers to stm32f1xx_it.o(i.UsageFault_Handler) for UsageFault_Handler
    startup_stm32f103xb.o(RESET) refers to port.o(.emb_text) for SVC_Handler
    startup_stm32f103xb.o(RESET) refers to stm32f1xx_it.o(i.DebugMon_Handler) for DebugMon_Handler
    startup_stm32f103xb.o(RESET) refers to port.o(i.SysTick_Handler) for SysTick_Handler
    startup_stm32f103xb.o(RESET) refers to stm32f1xx_it.o(i.DMA1_Channel3_IRQHandler) for DMA1_Channel3_IRQHandler
    startup_stm32f103xb.o(RESET) refers to stm32f1xx_it.o(i.DMA1_Channel5_IRQHandler) for DMA1_Channel5_IRQHandler
    startup_stm32f103xb.o(RESET) refers to stm32f1xx_it.o(i.DMA1_Channel6_IRQHandler) for DMA1_Channel6_IRQHandler
    startup_stm32f103xb.o(RESET) refers to stm32f1xx_it.o(i.USB_LP_CAN1_RX0_IRQHandler) for USB_LP_CAN1_RX0_IRQHandler
    startup_stm32f103xb.o(RESET) refers to stm32f1xx_it.o(i.EXTI9_5_IRQHandler) for EXTI9_5_IRQHandler
    startup_stm32f103xb.o(RESET) refers to stm32f1xx_it.o(i.TIM1_UP_IRQHandler) for TIM1_UP_IRQHandler
    startup_stm32f103xb.o(RESET) refers to stm32f1xx_it.o(i.TIM4_IRQHandler) for TIM4_IRQHandler
    startup_stm32f103xb.o(RESET) refers to stm32f1xx_it.o(i.USART1_IRQHandler) for USART1_IRQHandler
    startup_stm32f103xb.o(RESET) refers to stm32f1xx_it.o(i.USART2_IRQHandler) for USART2_IRQHandler
    startup_stm32f103xb.o(RESET) refers to stm32f1xx_it.o(i.USART3_IRQHandler) for USART3_IRQHandler
    startup_stm32f103xb.o(RESET) refers to stm32f1xx_it.o(i.EXTI15_10_IRQHandler) for EXTI15_10_IRQHandler
    startup_stm32f103xb.o(.text) refers to system_stm32f1xx.o(i.SystemInit) for SystemInit
    startup_stm32f103xb.o(.text) refers to entry.o(.ARM.Collect$$$$00000000) for __main
    aht20.o(i.AHT20_DeInit) refers to stm32f1xx_hal_i2c.o(i.HAL_I2C_Master_Transmit) for HAL_I2C_Master_Transmit
    aht20.o(i.AHT20_DeInit) refers to i2c.o(.bss) for hi2c1
    aht20.o(i.AHT20_Init) refers to stm32f1xx_hal.o(i.HAL_Delay) for HAL_Delay
    aht20.o(i.AHT20_Init) refers to stm32f1xx_hal_i2c.o(i.HAL_I2C_Master_Transmit) for HAL_I2C_Master_Transmit
    aht20.o(i.AHT20_Init) refers to aht20.o(i.AHT20_Read_Status) for AHT20_Read_Status
    aht20.o(i.AHT20_Init) refers to aht20.o(i.AHT20_DeInit) for AHT20_DeInit
    aht20.o(i.AHT20_Init) refers to i2c.o(.bss) for hi2c1
    aht20.o(i.AHT20_ReadData) refers to stm32f1xx_hal_i2c.o(i.HAL_I2C_Master_Transmit) for HAL_I2C_Master_Transmit
    aht20.o(i.AHT20_ReadData) refers to stm32f1xx_hal.o(i.HAL_Delay) for HAL_Delay
    aht20.o(i.AHT20_ReadData) refers to aht20.o(i.AHT20_Read_Status) for AHT20_Read_Status
    aht20.o(i.AHT20_ReadData) refers to stm32f1xx_hal_i2c.o(i.HAL_I2C_Master_Receive) for HAL_I2C_Master_Receive
    aht20.o(i.AHT20_ReadData) refers to dfltui.o(.text) for __aeabi_ui2d
    aht20.o(i.AHT20_ReadData) refers to dmul.o(.text) for __aeabi_dmul
    aht20.o(i.AHT20_ReadData) refers to dscalb.o(.text) for __ARM_scalbn
    aht20.o(i.AHT20_ReadData) refers to d2f.o(.text) for __aeabi_d2f
    aht20.o(i.AHT20_ReadData) refers to dadd.o(.text) for __aeabi_dsub
    aht20.o(i.AHT20_ReadData) refers to i2c.o(.bss) for hi2c1
    aht20.o(i.AHT20_ReadData) refers to aht20.o(.data) for .data
    aht20.o(i.AHT20_Read_Status) refers to stm32f1xx_hal_i2c.o(i.HAL_I2C_Master_Receive) for HAL_I2C_Master_Receive
    aht20.o(i.AHT20_Read_Status) refers to i2c.o(.bss) for hi2c1
    aht20.o(i.AHT20_Test) refers to aht20.o(i.AHT20_ReadData) for AHT20_ReadData
    aht20.o(i.AHT20_Test) refers to f2d.o(.text) for __aeabi_f2d
    aht20.o(i.AHT20_Test) refers to printfa.o(i.__0printf) for __2printf
    aht20.o(i.AHT20_Test) refers to printfa.o(i.__0sprintf) for __2sprintf
    aht20.o(i.AHT20_Test) refers to oled.o(i.OLED_ShowStr) for OLED_ShowStr
    aht20.o(i.AHT20_Test) refers to aht20.o(.data) for .data
    fifo.o(i.Dequeue) refers to fifo.o(i.Queue_IsEmpty) for Queue_IsEmpty
    fifo.o(i.Enqueue) refers to fifo.o(i.Queue_IsFull) for Queue_IsFull
    fifo.o(i.Enqueue) refers to printfa.o(i.__0printf) for __2printf
    fifo.o(i.Enqueue_Bytes) refers to fifo.o(i.Enqueue) for Enqueue
    fifo.o(i.Queue_Init) refers to memseta.o(.text) for __aeabi_memclr4
[...]
    .bss                                     0x200004d8   Section      596  freertos.o(.bss)
    xIdleTaskTCBBuffer                       0x200004d8   Data          84  freertos.o(.bss)
    xIdleStack                               0x2000052c   Data         512  freertos.o(.bss)
    .bss                                     0x2000072c   Section       48  adc.o(.bss)
    .bss                                     0x2000075c   Section       40  can.o(.bss)
    .bss                                     0x20000784   Section      596  i2c.o(.bss)
    src                                      0x20000784   Data         256  i2c.o(.bss)
    dst                                      0x20000884   Data         256  i2c.o(.bss)
    .bss                                     0x200009d8   Section       20  rtc.o(.bss)
    .bss                                     0x200009ec   Section       88  spi.o(.bss)
    .bss                                     0x20000a44   Section       72  tim.o(.bss)
    .bss                                     0x20000a8c   Section      256  usart.o(.bss)
    .bss                                     0x20000b8c   Section      256  usart.o(.bss)
    .bss                                     0x20000c8c   Section      256  usart.o(.bss)
    .bss                                     0x20000d8c   Section      420  usart.o(.bss)
    .bss                                     0x20000f30   Section       28  stm32f1xx_it.o(.bss)
    .bss                                     0x20000f4c   Section       72  stm32f1xx_hal_timebase_tim.o(.bss)
    .bss                                     0x20000f94   Section      240  tasks.o(.bss)
    pxReadyTasksLists                        0x20000f94   Data         140  tasks.o(.bss)
    xDelayedTaskList1                        0x20001020   Data          20  tasks.o(.bss)
    xDelayedTaskList2                        0x20001034   Data          20  tasks.o(.bss)
    xPendingReadyList                        0x20001048   Data          20  tasks.o(.bss)
    xTasksWaitingTermination                 0x2000105c   Data          20  tasks.o(.bss)
    xSuspendedTaskList                       0x20001070   Data          20  tasks.o(.bss)
    .bss                                     0x20001084   Section     4096  heap_4.o(.bss)
    ucHeap                                   0x20001084   Data        4096  heap_4.o(.bss)
    .bss                                     0x20002084   Section       44  localtime_w.o(.bss)
    _tms                                     0x20002084   Data          44  localtime_w.o(.bss)
    STACK                                    0x200020b0   Section     1024  startup_stm32f103xb.o(STACK)

    Global Symbols

    Symbol Name                              Value     Ov Type        Size  Object(Section)

    BuildAttributes$$THM_ISAv4$P$D$K$B$S$PE$A:L22UL41UL21$X:L11$S22US41US21$IEEE1$IW$USESV6$~STKCKD$USESV7$~SHL$OTIME$ROPI$EBA8$MICROLIB$REQ8$PRES8$EABIv2 0x00000000   Number         0  anon$$obj.o ABSOLUTE
    __ARM_use_no_argv                        0x00000000   Number         0  main.o ABSOLUTE
    _printf_a                                0x00000000   Number         0  stubs.o ABSOLUTE
    _printf_c                                0x00000000   Number         0  stubs.o ABSOLUTE
    _printf_charcount                        0x00000000   Number         0  stubs.o ABSOLUTE
    _printf_d                                0x00000000   Number         0  stubs.o ABSOLUTE
    _printf_e                                0x00000000   Number         0  stubs.o ABSOLUTE
    _printf_f                                0x00000000   Number         0  stubs.o ABSOLUTE
    _printf_flags                            0x00000000   Number         0  stubs.o ABSOLUTE
    _printf_fp_dec                           0x00000000   Number         0  stubs.o ABSOLUTE
    _printf_fp_hex                           0x00000000   Number         0  stubs.o ABSOLUTE
    _printf_g                                0x00000000   Number         0  stubs.o ABSOLUTE
    _printf_i                                0x00000000   Number         0  stubs.o ABSOLUTE
    _printf_int_dec                          0x00000000   Number         0  stubs.o ABSOLUTE
    _printf_l                                0x00000000   Number         0  stubs.o ABSOLUTE
    _printf_lc                               0x00000000   Number         0  stubs.o ABSOLUTE
    _printf_ll                               0x00000000   Number         0  stubs.o ABSOLUTE
    _printf_lld                              0x00000000   Number         0  stubs.o ABSOLUTE
    _printf_lli                              0x00000000   Number         0  stubs.o ABSOLUTE
    _printf_llo                              0x00000000   Number         0  stubs.o ABSOLUTE
    _printf_llu                              0x00000000   Number         0  stubs.o ABSOLUTE
    _printf_llx                              0x00000000   Number         0  stubs.o ABSOLUTE
    _printf_longlong_dec                     0x00000000   Number         0  stubs.o ABSOLUTE
    _printf_longlong_hex                     0x00000000   Number         0  stubs.o ABSOLUTE
    _printf_longlong_oct                     0x00000000   Number         0  stubs.o ABSOLUTE
    _printf_ls                               0x00000000   Number         0  stubs.o ABSOLUTE
    _printf_mbtowc                           0x00000000   Number         0  stubs.o ABSOLUTE
    _printf_n                                0x00000000   Number         0  stubs.o ABSOLUTE
    _printf_o                                0x00000000   Number         0  stubs.o ABSOLUTE
    _printf_p                                0x00000000   Number         0  stubs.o ABSOLUTE
    _printf_percent                          0x00000000   Number         0  stubs.o ABSOLUTE
    _printf_pre_padding                      0x00000000   Number         0  stubs.o ABSOLUTE
    _printf_return_value                     0x00000000   Number         0  stubs.o ABSOLUTE
    _printf_s                                0x00000000   Number         0  stubs.o ABSOLUTE
    _printf_sizespec                         0x00000000   Number         0  stubs.o ABSOLUTE
    _printf_str                              0x00000000   Number         0  stubs.o ABSOLUTE
    _printf_truncate_signed                  0x00000000   Number         0  stubs.o ABSOLUTE
    _printf_truncate_unsigned                0x00000000   Number         0  stubs.o ABSOLUTE
    _printf_u                                0x00000000   Number         0  stubs.o ABSOLUTE
    _printf_wc                               0x00000000   Number         0  stubs.o ABSOLUTE
    _printf_wctomb                           0x00000000   Number         0  stubs.o ABSOLUTE
    _printf_widthprec                        0x00000000   Number         0  stubs.o ABSOLUTE
    _printf_x                                0x00000000   Number         0  stubs.o ABSOLUTE
    __arm_fini_                               - Undefined Weak Reference
    __cpp_initialize__aeabi_                  - Undefined Weak Reference
    __cxa_finalize                            - Undefined Weak Reference
    __decompress                              - Undefined Weak Reference
    _clock_init                               - Undefined Weak Reference
    _microlib_exit                            - Undefined Weak Reference
    __Vectors_Size                           0x000000ec   Number         0  startup_stm32f103xb.o ABSOLUTE
    __Vectors                                0x08000000   Data           4  startup_stm32f103xb.o(RESET)
    __Vectors_End                            0x080000ec   Data           0  startup_stm32f103xb.o(RESET)
    __main                                   0x080000ed   Thumb Code     0  entry.o(.ARM.Collect$$$$00000000)
    _main_stk                                0x080000ed   Thumb Code     0  entry2.o(.ARM.Collect$$$$00000001)
    _main_scatterload                        0x080000f1   Thumb Code     0  entry5.o(.ARM.Collect$$$$00000004)
    __main_after_scatterload                 0x080000f5   Thumb Code     0  entry5.o(.ARM.Collect$$$$00000004)
    _main_clock                              0x080000f5   Thumb Code     0  entry7b.o(.ARM.Collect$$$$00000008)
    _main_cpp_init                           0x080000f5   Thumb Code     0  entry8b.o(.ARM.Collect$$$$0000000A)
    _main_init                               0x080000f5   Thumb Code     0  entry9a.o(.ARM.Collect$$$$0000000B)
    __rt_lib_shutdown_fini                   0x080000fd   Thumb Code     0  entry12b.o(.ARM.Collect$$$$0000000E)
    __rt_final_cpp                           0x08000101   Thumb Code     0  entry10a.o(.ARM.Collect$$$$0000000F)
    __rt_final_exit                          0x08000101   Thumb Code     0  entry11a.o(.ARM.Collect$$$$00000011)
    SVC_Handler                              0x08000105   Thumb Code    32  port.o(.emb_text)
    __asm___6_port_c_39a90d8d__prvStartFirstTask 0x08000129   Thumb Code    28  port.o(.emb_text)
    PendSV_Handler                           0x08000149   Thumb Code    72  port.o(.emb_text)
    vPortGetIPSR                             0x08000195   Thumb Code     6  port.o(.emb_text)
    Reset_Handler                            0x0800019d   Thumb Code     8  startup_stm32f103xb.o(.text)
    ADC1_2_IRQHandler                        0x080001b7   Thumb Code     0  startup_stm32f103xb.o(.text)
    CAN1_RX1_IRQHandler                      0x080001b7   Thumb Code     0  startup_stm32f103xb.o(.text)
    CAN1_SCE_IRQHandler                      0x080001b7   Thumb Code     0  startup_stm32f103xb.o(.text)
    DMA1_Channel1_IRQHandler                 0x080001b7   Thumb Code     0  startup_stm32f103xb.o(.text)
    DMA1_Channel2_IRQHandler                 0x080001b7   Thumb Code     0  startup_stm32f103xb.o(.text)
    DMA1_Channel4_IRQHandler                 0x080001b7   Thumb Code     0  startup_stm32f103xb.o(.text)
    DMA1_Channel7_IRQHandler                 0x080001b7   Thumb Code     0  startup_stm32f103xb.o(.text)
    EXTI0_IRQHandler                         0x080001b7   Thumb Code     0  startup_stm32f103xb.o(.text)
    EXTI1_IRQHandler                         0x080001b7   Thumb Code     0  startup_stm32f103xb.o(.text)
    EXTI2_IRQHandler                         0x080001b7   Thumb Code     0  startup_stm32f103xb.o(.text)
    EXTI3_IRQHandler                         0x080001b7   Thumb Code     0  startup_stm32f103xb.o(.text)
    EXTI4_IRQHandler                         0x080001b7   Thumb Code     0  startup_stm32f103xb.o(.text)
    FLASH_IRQHandler                         0x080001b7   Thumb Code     0  startup_stm32f103xb.o(.text)
    I2C1_ER_IRQHandler                       0x080001b7   Thumb Code     0  startup_stm32f103xb.o(.text)
    I2C1_EV_IRQHandler                       0x080001b7   Thumb Code     0  startup_stm32f103xb.o(.text)
    I2C2_ER_IRQHandler                       0x080001b7   Thumb Code     0  startup_stm32f103xb.o(.text)
    I2C2_EV_IRQHandler                       0x080001b7   Thumb Code     0  startup_stm32f103xb.o(.text)
    PVD_IRQHandler                           0x080001b7   Thumb Code     0  startup_stm32f103xb.o(.text)
    RCC_IRQHandler                           0x080001b7   Thumb Code     0  startup_stm32f103xb.o(.text)
    RTC_Alarm_IRQHandler                     0x080001b7   Thumb Code     0  startup_stm32f103xb.o(.text)
    RTC_IRQHandler                           0x080001b7   Thumb Code     0  startup_stm32f103xb.o(.text)
    SPI1_IRQHandler                          0x080001b7   Thumb Code     0  startup_stm32f103xb.o(.text)
    SPI2_IRQHandler                          0x080001b7   Thumb Code     0  startup_stm32f103xb.o(.text)
    TAMPER_IRQHandler                        0x080001b7   Thumb Code     0  startup_stm32f103xb.o(.text)
    TIM1_BRK_IRQHandler                      0x080001b7   Thumb Code     0  startup_stm32f103xb.o(.text)
    TIM1_CC_IRQHandler                       0x080001b7   Thumb Code     0  startup_stm32f103xb.o(.text)
    TIM1_TRG_COM_IRQHandler                  0x080001b7   Thumb Code     0  startup_stm32f103xb.o(.text)
    TIM2_IRQHandler                          0x080001b7   Thumb Code     0  startup_stm32f103xb.o(.text)
    TIM3_IRQHandler                          0x080001b7   Thumb Code     0  startup_stm32f103xb.o(.text)
    USBWakeUp_IRQHandler                     0x080001b7   Thumb Code     0  startup_stm32f103xb.o(.text)
    USB_HP_CAN1_TX_IRQHandler                0x080001b7   Thumb Code     0  startup_stm32f103xb.o(.text)
    WWDG_IRQHandler                          0x080001b7   Thumb Code     0  startup_stm32f103xb.o(.text)
    __aeabi_llsr                             0x080001c1   Thumb Code    32  llushr.o(.text)
    _ll_ushift_r                             0x080001c1   Thumb Code     0  llushr.o(.text)
    mktime                                   0x080001e1   Thumb Code   150  mktime.o(.text)
    __aeabi_memcpy                           0x08000289   Thumb Code    36  memcpya.o(.text)
    __aeabi_memcpy4                          0x08000289   Thumb Code     0  memcpya.o(.text)
    __aeabi_memcpy8                          0x08000289   Thumb Code     0  memcpya.o(.text)
    __aeabi_memset                           0x080002ad   Thumb Code    14  memseta.o(.text)
    __aeabi_memset4                          0x080002ad   Thumb Code     0  memseta.o(.text)
    __aeabi_memset8                          0x080002ad   Thumb Code     0  memseta.o(.text)
    __aeabi_memclr                           0x080002bb   Thumb Code     4  memseta.o(.text)
    __aeabi_memclr4                          0x080002bb   Thumb Code     0  memseta.o(.text)
    __aeabi_memclr8                          0x080002bb   Thumb Code     0  memseta.o(.text)
    memset                                   0x080002bf   Thumb Code    18  memseta.o(.text)
    strstr                                   0x080002d1   Thumb Code    36  strstr.o(.text)
    strlen                                   0x080002f5   Thumb Code    14  strlen.o(.text)
    memcmp                                   0x08000303   Thumb Code    26  memcmp.o(.text)
    strcpy                                   0x0800031d   Thumb Code    18  strcpy.o(.text)
    __aeabi_fmul                             0x0800032f   Thumb Code   100  fmul.o(.text)
    __aeabi_fdiv                             0x08000393   Thumb Code   124  fdiv.o(.text)
    __aeabi_dadd                             0x0800040f   Thumb Code   322  dadd.o(.text)
    __aeabi_dsub                             0x08000551   Thumb Code     6  dadd.o(.text)
    __aeabi_drsub                            0x08000557   Thumb Code     6  dadd.o(.text)
    __aeabi_dmul                             0x0800055d   Thumb Code   228  dmul.o(.text)
    __aeabi_ddiv                             0x08000641   Thumb Code   222  ddiv.o(.text)
    __ARM_scalbn                             0x0800071f   Thumb Code    46  dscalb.o(.text)
    scalbn                                   0x0800071f   Thumb Code     0  dscalb.o(.text)
    __aeabi_ui2f                             0x0800074d   Thumb Code    10  ffltui.o(.text)
    __aeabi_ui2d                             0x08000757   Thumb Code    26  dfltui.o(.text)
    __aeabi_f2d                              0x08000771   Thumb Code    38  f2d.o(.text)
    __aeabi_d2f                              0x08000797   Thumb Code    56  d2f.o(.text)
    __aeabi_uidiv                            0x080007cf   Thumb Code     0  uidiv.o(.text)
    __aeabi_uidivmod                         0x080007cf   Thumb Code    44  uidiv.o(.text)
    __aeabi_uldivmod                         0x080007fb   Thumb Code    98  uldiv.o(.text)
    __aeabi_llsl                             0x0800085d   Thumb Code    30  llshl.o(.text)
    _ll_shift_l                              0x0800085d   Thumb Code     0  llshl.o(.text)
    __aeabi_lasr                             0x0800087b   Thumb Code    36  llsshr.o(.text)
    _ll_sshift_r                             0x0800087b   Thumb Code     0  llsshr.o(.text)
    localtime                                0x080008a1   Thumb Code     6  localtime_w.o(.text)
    _localtime                               0x080008ad   Thumb Code   134  localtime_i.o(.text)
    __I$use$fp                               0x08000939   Thumb Code     0  iusefp.o(.text)
    _float_round                             0x08000939   Thumb Code    18  fepilogue.o(.text)
    _float_epilogue                          0x0800094b   Thumb Code    92  fepilogue.o(.text)
    _double_round                            0x080009a7   Thumb Code    30  depilogue.o(.text)
    _double_epilogue                         0x080009c5   Thumb Code   156  depilogue.o(.text)
    __aeabi_d2ulz                            0x08000a61   Thumb Code    48  dfixul.o(.text)
    __aeabi_cdrcmple                         0x08000a91   Thumb Code    48  cdrcmple.o(.text)
    __scatterload                            0x08000ac1   Thumb Code    28  init.o(.text)
    __scatterload_rt2                        0x08000ac1   Thumb Code     0  init.o(.text)
    ADC_ConversionStop_Disable               0x08000ae5   Thumb Code    86  stm32f1xx_hal_adc.o(i.ADC_ConversionStop_Disable)
    ADC_Enable                               0x08000b3d   Thumb Code   114  stm32f1xx_hal_adc.o(i.ADC_Enable)
    ADC_VR_CPU_Test                          0x08000bb9   Thumb Code   324  adc.o(i.ADC_VR_CPU_Test)
    AHT20_DeInit                             0x08000d5d   Thumb Code    40  aht20.o(i.AHT20_DeInit)
    AHT20_Init                               0x08000d89   Thumb Code    58  aht20.o(i.AHT20_Init)
    AHT20_ReadData                           0x08000dc9   Thumb Code   232  aht20.o(i.AHT20_ReadData)
    AHT20_Read_Status                        0x08000ec5   Thumb Code    26  aht20.o(i.AHT20_Read_Status)
    AHT20_Test                               0x08000ee5   Thumb Code   106  aht20.o(i.AHT20_Test)
    BEEP_Control                             0x08000f95   Thumb Code    28  gpio.o(i.BEEP_Control)
    BusFault_Handler                         0x08000fb5   Thumb Code     2  stm32f1xx_it.o(i.BusFault_Handler)
    CANFilter_Init                           0x08000fb9   Thumb Code    48  can.o(i.CANFilter_Init)
    CAN_Start_Init                           0x08000fed   Thumb Code    36  can.o(i.CAN_Start_Init)
    CAN_Test                                 0x08001015   Thumb Code    52  can.o(i.CAN_Test)
    DMA1_Channel3_IRQHandler                 0x08001055   Thumb Code     6  stm32f1xx_it.o(i.DMA1_Channel3_IRQHandler)
    DMA1_Channel5_IRQHandler                 0x08001061   Thumb Code     6  stm32f1xx_it.o(i.DMA1_Channel5_IRQHandler)
    DMA1_Channel6_IRQHandler                 0x0800106d   Thumb Code     6  stm32f1xx_it.o(i.DMA1_Channel6_IRQHandler)
    DebugMon_Handler                         0x080010a3   Thumb Code     2  stm32f1xx_it.o(i.DebugMon_Handler)
    Dequeue                                  0x080010a5   Thumb Code    48  fifo.o(i.Dequeue)
    DownTask                                 0x080010d5   Thumb Code   136  freertos.o(i.DownTask)
    EEPROM_Test                              0x0800119d   Thumb Code   178  i2c.o(i.EEPROM_Test)
    EXTI15_10_IRQHandler                     0x080012d1   Thumb Code    38  stm32f1xx_it.o(i.EXTI15_10_IRQHandler)
    EXTI9_5_IRQHandler                       0x080012f7   Thumb Code    20  stm32f1xx_it.o(i.EXTI9_5_IRQHandler)
    Enqueue                                  0x0800130d   Thumb Code    52  fifo.o(i.Enqueue)
    Enqueue_Bytes                            0x08001351   Thumb Code    48  fifo.o(i.Enqueue_Bytes)
    Error_Handler                            0x08001381   Thumb Code     4  main.o(i.Error_Handler)
    EscTask                                  0x08001385   Thumb Code   122  freertos.o(i.EscTask)
    HAL_ADCEx_Calibration_Start              0x08001469   Thumb Code   210  stm32f1xx_hal_adc_ex.o(i.HAL_ADCEx_Calibration_Start)
    HAL_ADC_ConfigChannel                    0x08001541   Thumb Code   240  stm32f1xx_hal_adc.o(i.HAL_ADC_ConfigChannel)
    HAL_ADC_GetValue                         0x0800163d   Thumb Code     6  stm32f1xx_hal_adc.o(i.HAL_ADC_GetValue)
    HAL_ADC_Init                             0x08001645   Thumb Code   272  stm32f1xx_hal_adc.o(i.HAL_ADC_Init)
    HAL_ADC_MspInit                          0x08001761   Thumb Code    76  adc.o(i.HAL_ADC_MspInit)
    HAL_ADC_PollForConversion                0x080017b9   Thumb Code   304  stm32f1xx_hal_adc.o(i.HAL_ADC_PollForConversion)
    HAL_ADC_Start                            0x080018f5   Thumb Code   184  stm32f1xx_hal_adc.o(i.HAL_ADC_Start)
    HAL_CAN_ActivateNotification             0x080019b5   Thumb Code    36  stm32f1xx_hal_can.o(i.HAL_CAN_ActivateNotification)
    HAL_CAN_AddTxMessage                     0x080019d9   Thumb Code   208  stm32f1xx_hal_can.o(i.HAL_CAN_AddTxMessage)
    HAL_CAN_ConfigFilter                     0x08001aa9   Thumb Code   238  stm32f1xx_hal_can.o(i.HAL_CAN_ConfigFilter)
    HAL_CAN_ErrorCallback                    0x08001b97   Thumb Code     2  stm32f1xx_hal_can.o(i.HAL_CAN_ErrorCallback)
    HAL_CAN_GetRxMessage                     0x08001b99   Thumb Code   244  stm32f1xx_hal_can.o(i.HAL_CAN_GetRxMessage)
    HAL_CAN_IRQHandler                       0x08001c8d   Thumb Code   508  stm32f1xx_hal_can.o(i.HAL_CAN_IRQHandler)
    HAL_CAN_Init                             0x08001e89   Thumb Code   282  stm32f1xx_hal_can.o(i.HAL_CAN_Init)
    HAL_CAN_MspInit                          0x08001fa5   Thumb Code   112  can.o(i.HAL_CAN_MspInit)
    HAL_CAN_RxFifo0FullCallback              0x08002021   Thumb Code     2  stm32f1xx_hal_can.o(i.HAL_CAN_RxFifo0FullCallback)
    HAL_CAN_RxFifo0MsgPendingCallback        0x08002025   Thumb Code    54  stm32f1xx_it.o(i.HAL_CAN_RxFifo0MsgPendingCallback)
    HAL_CAN_RxFifo1FullCallback              0x08002075   Thumb Code     2  stm32f1xx_hal_can.o(i.HAL_CAN_RxFifo1FullCallback)
    HAL_CAN_RxFifo1MsgPendingCallback        0x08002077   Thumb Code     2  stm32f1xx_hal_can.o(i.HAL_CAN_RxFifo1MsgPendingCallback)
    HAL_CAN_SleepCallback                    0x08002079   Thumb Code     2  stm32f1xx_hal_can.o(i.HAL_CAN_SleepCallback)
    HAL_CAN_Start                            0x0800207d   Thumb Code    88  stm32f1xx_hal_can.o(i.HAL_CAN_Start)
    HAL_CAN_TxMailbox0AbortCallback          0x080020d5   Thumb Code     2  stm32f1xx_hal_can.o(i.HAL_CAN_TxMailbox0AbortCallback)
    HAL_CAN_TxMailbox0CompleteCallback       0x080020d7   Thumb Code     2  stm32f1xx_hal_can.o(i.HAL_CAN_TxMailbox0CompleteCallback)
    HAL_CAN_TxMailbox1AbortCallback          0x080020d9   Thumb Code     2  stm32f1xx_hal_can.o(i.HAL_CAN_TxMailbox1AbortCallback)
    HAL_CAN_TxMailbox1CompleteCallback       0x080020db   Thumb Code     2  stm32f1xx_hal_can.o(i.HAL_CAN_TxMailbox1CompleteCallback)
    HAL_CAN_TxMailbox2AbortCallback          0x080020dd   Thumb Code     2  stm32f1xx_hal_can.o(i.HAL_CAN_TxMailbox2AbortCallback)
    HAL_CAN_TxMailbox2CompleteCallback       0x080020df   Thumb Code     2  stm32f1xx_hal_can.o(i.HAL_CAN_TxMailbox2CompleteCallback)
    HAL_CAN_WakeUpFromRxMsgCallback          0x080020e1   Thumb Code     2  stm32f1xx_hal_can.o(i.HAL_CAN_WakeUpFromRxMsgCallback)
    HAL_DMA_Abort                            0x080020e3   Thumb Code    70  stm32f1xx_hal_dma.o(i.HAL_DMA_Abort)
    HAL_DMA_Abort_IT                         0x08002129   Thumb Code   148  stm32f1xx_hal_dma.o(i.HAL_DMA_Abort_IT)
    HAL_DMA_IRQHandler                       0x080021c1   Thumb Code   316  stm32f1xx_hal_dma.o(i.HAL_DMA_IRQHandler)
    HAL_DMA_Init                             0x08002315   Thumb Code    84  stm32f1xx_hal_dma.o(i.HAL_DMA_Init)
    HAL_DMA_Start_IT                         0x08002371   Thumb Code   112  stm32f1xx_hal_dma.o(i.HAL_DMA_Start_IT)
    HAL_Delay                                0x080023e1   Thumb Code    32  stm32f1xx_hal.o(i.HAL_Delay)
    HAL_GPIO_EXTI_Callback                   0x08002405   Thumb Code    82  stm32f1xx_it.o(i.HAL_GPIO_EXTI_Callback)
    HAL_GPIO_EXTI_IRQHandler                 0x08002465   Thumb Code    18  stm32f1xx_hal_gpio.o(i.HAL_GPIO_EXTI_IRQHandler)
    HAL_GPIO_Init                            0x0800247d   Thumb Code   446  stm32f1xx_hal_gpio.o(i.HAL_GPIO_Init)
    HAL_GPIO_WritePin                        0x0800265d   Thumb Code    10  stm32f1xx_hal_gpio.o(i.HAL_GPIO_WritePin)
    HAL_GetTick                              0x08002669   Thumb Code     6  stm32f1xx_hal.o(i.HAL_GetTick)
    HAL_I2C_Init                             0x08002675   Thumb Code   376  stm32f1xx_hal_i2c.o(i.HAL_I2C_Init)
    HAL_I2C_Master_Receive                   0x080027fd   Thumb Code   576  stm32f1xx_hal_i2c.o(i.HAL_I2C_Master_Receive)
    HAL_I2C_Master_Transmit                  0x08002a4d   Thumb Code   290  stm32f1xx_hal_i2c.o(i.HAL_I2C_Master_Transmit)
    HAL_I2C_Mem_Read                         0x08002b79   Thumb Code   586  stm32f1xx_hal_i2c.o(i.HAL_I2C_Mem_Read)
    HAL_I2C_Mem_Write                        0x08002dd5   Thumb Code   294  stm32f1xx_hal_i2c.o(i.HAL_I2C_Mem_Write)
    HAL_I2C_MspInit                          0x08002f05   Thumb Code    80  i2c.o(i.HAL_I2C_MspInit)
    HAL_IncTick                              0x08002f61   Thumb Code    12  stm32f1xx_hal.o(i.HAL_IncTick)
    HAL_Init                                 0x08002f71   Thumb Code    32  stm32f1xx_hal.o(i.HAL_Init)
    HAL_InitTick                             0x08002f95   Thumb Code   118  stm32f1xx_hal_timebase_tim.o(i.HAL_InitTick)
    HAL_MspInit                              0x08003021   Thumb Code    62  stm32f1xx_hal_msp.o(i.HAL_MspInit)
    HAL_NVIC_EnableIRQ                       0x08003069   Thumb Code    26  stm32f1xx_hal_cortex.o(i.HAL_NVIC_EnableIRQ)
    HAL_NVIC_SetPriority                     0x08003085   Thumb Code    60  stm32f1xx_hal_cortex.o(i.HAL_NVIC_SetPriority)
    HAL_NVIC_SetPriorityGrouping             0x080030c5   Thumb Code    26  stm32f1xx_hal_cortex.o(i.HAL_NVIC_SetPriorityGrouping)
    HAL_PWR_EnableBkUpAccess                 0x080030e9   Thumb Code     8  stm32f1xx_hal_pwr.o(i.HAL_PWR_EnableBkUpAccess)
    HAL_RCCEx_GetPeriphCLKFreq               0x080030f5   Thumb Code   148  stm32f1xx_hal_rcc_ex.o(i.HAL_RCCEx_GetPeriphCLKFreq)
    HAL_RCCEx_PeriphCLKConfig                0x08003199   Thumb Code   224  stm32f1xx_hal_rcc_ex.o(i.HAL_RCCEx_PeriphCLKConfig)
    HAL_RCC_ClockConfig                      0x08003285   Thumb Code   280  stm32f1xx_hal_rcc.o(i.HAL_RCC_ClockConfig)
    HAL_RCC_GetClockConfig                   0x080033b1   Thumb Code    54  stm32f1xx_hal_rcc.o(i.HAL_RCC_GetClockConfig)
    HAL_RCC_GetPCLK1Freq                     0x080033f1   Thumb Code    20  stm32f1xx_hal_rcc.o(i.HAL_RCC_GetPCLK1Freq)
    HAL_RCC_GetPCLK2Freq                     0x08003411   Thumb Code    20  stm32f1xx_hal_rcc.o(i.HAL_RCC_GetPCLK2Freq)
    HAL_RCC_GetSysClockFreq                  0x08003431   Thumb Code    58  stm32f1xx_hal_rcc.o(i.HAL_RCC_GetSysClockFreq)
    HAL_RCC_OscConfig                        0x0800347d   Thumb Code   778  stm32f1xx_hal_rcc.o(i.HAL_RCC_OscConfig)
    HAL_RTCEx_BKUPRead                       0x0800379d   Thumb Code    10  stm32f1xx_hal_rtc_ex.o(i.HAL_RTCEx_BKUPRead)
    HAL_RTCEx_BKUPWrite                      0x080037ad   Thumb Code    12  stm32f1xx_hal_rtc_ex.o(i.HAL_RTCEx_BKUPWrite)
    HAL_RTC_Init                             0x080037bd   Thumb Code   144  stm32f1xx_hal_rtc.o(i.HAL_RTC_Init)
    HAL_RTC_MspInit                          0x08003851   Thumb Code    40  rtc.o(i.HAL_RTC_MspInit)
    HAL_RTC_SetDate                          0x08003885   Thumb Code   192  stm32f1xx_hal_rtc.o(i.HAL_RTC_SetDate)
    HAL_RTC_SetTime                          0x08003949   Thumb Code   168  stm32f1xx_hal_rtc.o(i.HAL_RTC_SetTime)
    HAL_RTC_WaitForSynchro                   0x080039f5   Thumb Code    58  stm32f1xx_hal_rtc.o(i.HAL_RTC_WaitForSynchro)
    HAL_SPI_Init                             0x08003a2f   Thumb Code   178  stm32f1xx_hal_spi.o(i.HAL_SPI_Init)
    HAL_SPI_MspInit                          0x08003ae1   Thumb Code    98  spi.o(i.HAL_SPI_MspInit)
    HAL_SPI_Receive                          0x08003b51   Thumb Code   340  stm32f1xx_hal_spi.o(i.HAL_SPI_Receive)
    HAL_SPI_Transmit                         0x08003ca5   Thumb Code   358  stm32f1xx_hal_spi.o(i.HAL_SPI_Transmit)
    HAL_SPI_TransmitReceive                  0x08003e0b   Thumb Code   496  stm32f1xx_hal_spi.o(i.HAL_SPI_TransmitReceive)
    HAL_TIMEx_BreakCallback                  0x08003ffb   Thumb Code     2  stm32f1xx_hal_tim_ex.o(i.HAL_TIMEx_BreakCallback)
    HAL_TIMEx_CommutCallback                 0x08003ffd   Thumb Code     2  stm32f1xx_hal_tim_ex.o(i.HAL_TIMEx_CommutCallback)
    HAL_TIMEx_MasterConfigSynchronization    0x08004001   Thumb Code    92  stm32f1xx_hal_tim_ex.o(i.HAL_TIMEx_MasterConfigSynchronization)
    HAL_TIM_Base_Init                        0x08004069   Thumb Code    90  stm32f1xx_hal_tim.o(i.HAL_TIM_Base_Init)
    HAL_TIM_Base_MspInit                     0x080040c5   Thumb Code    50  tim.o(i.HAL_TIM_Base_MspInit)
    HAL_TIM_Base_Start_IT                    0x08004101   Thumb Code    76  stm32f1xx_hal_tim.o(i.HAL_TIM_Base_Start_IT)
    HAL_TIM_Base_Stop                        0x08004159   Thumb Code    38  stm32f1xx_hal_tim.o(i.HAL_TIM_Base_Stop)
    HAL_TIM_ConfigClockSource                0x0800417f   Thumb Code   220  stm32f1xx_hal_tim.o(i.HAL_TIM_ConfigClockSource)
    HAL_TIM_IC_CaptureCallback               0x0800425b   Thumb Code     2  stm32f1xx_hal_tim.o(i.HAL_TIM_IC_CaptureCallback)
    HAL_TIM_IRQHandler                       0x0800425d   Thumb Code   304  stm32f1xx_hal_tim.o(i.HAL_TIM_IRQHandler)
    HAL_TIM_OC_DelayElapsedCallback          0x0800438d   Thumb Code     2  stm32f1xx_hal_tim.o(i.HAL_TIM_OC_DelayElapsedCallback)
    HAL_TIM_PWM_PulseFinishedCallback        0x0800438f   Thumb Code     2  stm32f1xx_hal_tim.o(i.HAL_TIM_PWM_PulseFinishedCallback)
    HAL_TIM_PeriodElapsedCallback            0x08004391   Thumb Code    42  main.o(i.HAL_TIM_PeriodElapsedCallback)
    HAL_TIM_TriggerCallback                  0x080043d1   Thumb Code     2  stm32f1xx_hal_tim.o(i.HAL_TIM_TriggerCallback)
    HAL_UARTEx_RxEventCallback               0x080043d3   Thumb Code     2  stm32f1xx_hal_uart.o(i.HAL_UARTEx_RxEventCallback)
    HAL_UART_DMAStop                         0x080043d5   Thumb Code   112  stm32f1xx_hal_uart.o(i.HAL_UART_DMAStop)
    HAL_UART_ErrorCallback                   0x08004445   Thumb Code     2  stm32f1xx_hal_uart.o(i.HAL_UART_ErrorCallback)
    HAL_UART_IRQHandler                      0x08004449   Thumb Code   616  stm32f1xx_hal_uart.o(i.HAL_UART_IRQHandler)
    HAL_UART_Init                            0x080046b5   Thumb Code   100  stm32f1xx_hal_uart.o(i.HAL_UART_Init)
    HAL_UART_MspInit                         0x08004719   Thumb Code   482  usart.o(i.HAL_UART_MspInit)
    HAL_UART_Receive_DMA                     0x0800491d   Thumb Code    28  stm32f1xx_hal_uart.o(i.HAL_UART_Receive_DMA)
    HAL_UART_RxCpltCallback                  0x08004939   Thumb Code    94  stm32f1xx_it.o(i.HAL_UART_RxCpltCallback)
    HAL_UART_RxHalfCpltCallback              0x080049d5   Thumb Code   116  stm32f1xx_it.o(i.HAL_UART_RxHalfCpltCallback)
    HAL_UART_Transmit                        0x08004a85   Thumb Code   160  stm32f1xx_hal_uart.o(i.HAL_UART_Transmit)
    HAL_UART_TxCpltCallback                  0x08004b25   Thumb Code     2  stm32f1xx_hal_uart.o(i.HAL_UART_TxCpltCallback)
    HardFault_Handler                        0x08004b27   Thumb Code     2  stm32f1xx_it.o(i.HardFault_Handler)
    INA226_Init                              0x080050f1   Thumb Code    72  ina226.o(i.INA226_Init)
    INA226_Read_Bus_Voltage                  0x0800513d   Thumb Code    46  ina226.o(i.INA226_Read_Bus_Voltage)
    INA226_Read_Current                      0x08005175   Thumb Code    46  ina226.o(i.INA226_Read_Current)
    INA226_Read_Pow                          0x080051ad   Thumb Code    46  ina226.o(i.INA226_Read_Pow)
    INA226_Test                              0x080051e5   Thumb Code   218  ina226.o(i.INA226_Test)
    LED_Control                              0x08005339   Thumb Code    42  gpio.o(i.LED_Control)
    LeftTask                                 0x08005369   Thumb Code    44  freertos.o(i.LeftTask)
    MX_ADC1_Init                             0x080053c1   Thumb Code    74  adc.o(i.MX_ADC1_Init)
    MX_CAN_Init                              0x08005415   Thumb Code    60  can.o(i.MX_CAN_Init)
    MX_DMA_Init                              0x08005459   Thumb Code    72  dma.o(i.MX_DMA_Init)
    MX_FREERTOS_Init                         0x080054a5   Thumb Code   140  freertos.o(i.MX_FREERTOS_Init)
    MX_GPIO_Init                             0x08005539   Thumb Code   266  gpio.o(i.MX_GPIO_Init)
    MX_I2C1_Init                             0x08005659   Thumb Code    50  i2c.o(i.MX_I2C1_Init)
    MX_RTC_Init                              0x08005699   Thumb Code   160  rtc.o(i.MX_RTC_Init)
    MX_SPI1_Init                             0x08005741   Thumb Code    62  spi.o(i.MX_SPI1_Init)
    MX_TIM4_Init                             0x08005789   Thumb Code    94  tim.o(i.MX_TIM4_Init)
    MX_USART1_UART_Init                      0x080057f1   Thumb Code    48  usart.o(i.MX_USART1_UART_Init)
    MX_USART2_UART_Init                      0x08005829   Thumb Code    48  usart.o(i.MX_USART2_UART_Init)
    MX_USART3_UART_Init                      0x08005861   Thumb Code    48  usart.o(i.MX_USART3_UART_Init)
    MemManage_Handler                        0x08005899   Thumb Code     2  stm32f1xx_it.o(i.MemManage_Handler)
    NMI_Handler                              0x0800589b   Thumb Code     2  stm32f1xx_it.o(i.NMI_Handler)
    OKTask                                   0x0800589d   Thumb Code    58  freertos.o(i.OKTask)
    OLED_CLS                                 0x08005905   Thumb Code     6  oled.o(i.OLED_CLS)
    OLED_Fill                                0x0800590d   Thumb Code    56  oled.o(i.OLED_Fill)
    OLED_Init                                0x08005945   Thumb Code   180  oled.o(i.OLED_Init)
    OLED_SetPos                              0x080059f9   Thumb Code    38  oled.o(i.OLED_SetPos)
    OLED_ShowStr                             0x08005a21   Thumb Code   208  oled.o(i.OLED_ShowStr)
    Queue_IsEmpty                            0x08005af9   Thumb Code    16  fifo.o(i.Queue_IsEmpty)
    Queue_IsFull                             0x08005b09   Thumb Code    34  fifo.o(i.Queue_IsFull)
    RELAY_Control                            0x08005b2d   Thumb Code    26  gpio.o(i.RELAY_Control)
    RTC_Test                                 0x08005bf9   Thumb Code   148  rtc.o(i.RTC_Test)
    RightTask                                0x08005de9   Thumb Code    54  freertos.o(i.RightTask)
    SysTick_Handler                          0x08005f95   Thumb Code    38  port.o(i.SysTick_Handler)
    SystemClock_Config                       0x08005fc1   Thumb Code   134  main.o(i.SystemClock_Config)
    SystemInit                               0x08006047   Thumb Code     2  system_stm32f1xx.o(i.SystemInit)
    TIM1_UP_IRQHandler                       0x08006049   Thumb Code     6  stm32f1xx_it.o(i.TIM1_UP_IRQHandler)
    TIM4_IRQHandler                          0x08006055   Thumb Code     6  stm32f1xx_it.o(i.TIM4_IRQHandler)
    TIM_Base_SetConfig                       0x08006061   Thumb Code   108  stm32f1xx_hal_tim.o(i.TIM_Base_SetConfig)
    TIM_ETR_SetConfig                        0x080060d9   Thumb Code    20  stm32f1xx_hal_tim.o(i.TIM_ETR_SetConfig)
    Test_WIFI4G_CMD_Status                   0x08006145   Thumb Code    30  wifi4g.o(i.Test_WIFI4G_CMD_Status)
    UART_Start_Receive_DMA                   0x0800644d   Thumb Code   130  stm32f1xx_hal_uart.o(i.UART_Start_Receive_DMA)
    UPTask                                   0x08006551   Thumb Code   136  freertos.o(i.UPTask)
    USART1_IRQHandler                        0x08006605   Thumb Code    18  stm32f1xx_it.o(i.USART1_IRQHandler)
    USART2_IRQHandler                        0x0800661d   Thumb Code    18  stm32f1xx_it.o(i.USART2_IRQHandler)
    USART3_IRQHandler                        0x08006635   Thumb Code    18  stm32f1xx_it.o(i.USART3_IRQHandler)
    USB_LP_CAN1_RX0_IRQHandler               0x0800664d   Thumb Code     6  stm32f1xx_it.o(i.USB_LP_CAN1_RX0_IRQHandler)
    USER_UART_IRQHandler                     0x08006659   Thumb Code   352  stm32f1xx_it.o(i.USER_UART_IRQHandler)
    UsageFault_Handler                       0x08006805   Thumb Code     2  stm32f1xx_it.o(i.UsageFault_Handler)
    W25Qx_Erase_Block                        0x08006809   Thumb Code   106  w25qx.o(i.W25Qx_Erase_Block)
    W25Qx_Read                               0x080068d1   Thumb Code    88  w25qx.o(i.W25Qx_Read)
    W25Qx_Read_ID                            0x08006931   Thumb Code    62  w25qx.o(i.W25Qx_Read_ID)
    W25Qx_Test                               0x0800697d   Thumb Code   240  w25qx.o(i.W25Qx_Test)
    W25Qx_Write                              0x08006bb1   Thumb Code   184  w25qx.o(i.W25Qx_Write)
    W25Qx_WriteEnable                        0x08006c71   Thumb Code    82  w25qx.o(i.W25Qx_WriteEnable)
    WIFI4G_AT_Test                           0x08006cd1   Thumb Code    72  wifi4g.o(i.WIFI4G_AT_Test)
    WIFI4G_Parse_Queue                       0x08006d35   Thumb Code    90  wifi4g.o(i.WIFI4G_Parse_Queue)
    WriteCmd                                 0x08006da1   Thumb Code    32  oled.o(i.WriteCmd)
    WriteDat                                 0x08006dc5   Thumb Code    32  oled.o(i.WriteDat)
    __0printf                                0x08006de9   Thumb Code    22  printfa.o(i.__0printf)
    __1printf                                0x08006de9   Thumb Code     0  printfa.o(i.__0printf)
    __2printf                                0x08006de9   Thumb Code     0  printfa.o(i.__0printf)
    __c89printf                              0x08006de9   Thumb Code     0  printfa.o(i.__0printf)
    printf                                   0x08006de9   Thumb Code     0  printfa.o(i.__0printf)
    __0sprintf                               0x08006e09   Thumb Code    34  printfa.o(i.__0sprintf)
    __1sprintf                               0x08006e09   Thumb Code     0  printfa.o(i.__0sprintf)
    __2sprintf                               0x08006e09   Thumb Code     0  printfa.o(i.__0sprintf)
    __c89sprintf                             0x08006e09   Thumb Code     0  printfa.o(i.__0sprintf)
    sprintf                                  0x08006e09   Thumb Code     0  printfa.o(i.__0sprintf)
    __scatterload_copy                       0x08006e51   Thumb Code    14  handlers.o(i.__scatterload_copy)
    __scatterload_null                       0x08006e5f   Thumb Code     2  handlers.o(i.__scatterload_null)
    __scatterload_zeroinit                   0x08006e61   Thumb Code    14  handlers.o(i.__scatterload_zeroinit)
    fputc                                    0x08007705   Thumb Code    20  usart.o(i.fputc)
    main                                     0x0800771d   Thumb Code   188  main.o(i.main)
    osDelay                                  0x08007831   Thumb Code    14  cmsis_os.o(i.osDelay)
    osKernelStart                            0x0800783f   Thumb Code    10  cmsis_os.o(i.osKernelStart)
    osThreadCreate                           0x08007849   Thumb Code    84  cmsis_os.o(i.osThreadCreate)
    pvPortMalloc                             0x08007be9   Thumb Code   216  heap_4.o(i.pvPortMalloc)
    pxPortInitialiseStack                    0x08007cc5   Thumb Code    32  port.o(i.pxPortInitialiseStack)
    uxListRemove                             0x08007ce9   Thumb Code    38  list.o(i.uxListRemove)
    vApplicationGetIdleTaskMemory            0x08007d11   Thumb Code    16  freertos.o(i.vApplicationGetIdleTaskMemory)
    vListInitialise                          0x08007d25   Thumb Code    22  list.o(i.vListInitialise)
    vListInitialiseItem                      0x08007d3b   Thumb Code     6  list.o(i.vListInitialiseItem)
    vListInsert                              0x08007d41   Thumb Code    48  list.o(i.vListInsert)
    vListInsertEnd                           0x08007d71   Thumb Code    24  list.o(i.vListInsertEnd)
    vPortEnterCritical                       0x08007d89   Thumb Code    54  port.o(i.vPortEnterCritical)
    vPortExitCritical                        0x08007dc9   Thumb Code    34  port.o(i.vPortExitCritical)
    vPortFree                                0x08007df1   Thumb Code    94  heap_4.o(i.vPortFree)
    vPortSetupTimerInterrupt                 0x08007e55   Thumb Code    32  port.o(i.vPortSetupTimerInterrupt)
    vTaskDelay                               0x08007e79   Thumb Code    66  tasks.o(i.vTaskDelay)
    vTaskStartScheduler                      0x08007ec5   Thumb Code    90  tasks.o(i.vTaskStartScheduler)
    vTaskSuspendAll                          0x08007f31   Thumb Code    10  tasks.o(i.vTaskSuspendAll)
    vTaskSwitchContext                       0x08007f41   Thumb Code    82  tasks.o(i.vTaskSwitchContext)
    xPortStartScheduler                      0x08007f9d   Thumb Code   154  port.o(i.xPortStartScheduler)
    xTaskCreate                              0x08008045   Thumb Code    90  tasks.o(i.xTaskCreate)
    xTaskCreateStatic                        0x0800809f   Thumb Code    86  tasks.o(i.xTaskCreateStatic)
    xTaskIncrementTick                       0x080080f5   Thumb Code   194  tasks.o(i.xTaskIncrementTick)
    xTaskResumeAll                           0x080081c1   Thumb Code   182  tasks.o(i.xTaskResumeAll)
    F6x8                                     0x08008284   Data         552  oled.o(.constdata)
    F8X16                                    0x080084ac   Data        1520  oled.o(.constdata)
    AHBPrescTable                            0x08008b68   Data          16  system_stm32f1xx.o(.constdata)
    APBPrescTable                            0x08008b78   Data           8  system_stm32f1xx.o(.constdata)
    Region$$Table$$Base                      0x08008bbc   Number         0  anon$$obj.o(Region$$Table)
    Region$$Table$$Limit                     0x08008bdc   Number         0  anon$$obj.o(Region$$Table)
    RH                                       0x20000000   Data           4  aht20.o(.data)
    Temp                                     0x20000004   Data           4  aht20.o(.data)
    WIFI4G_CMD_Status                        0x20000008   Data           1  wifi4g.o(.data)
    WIFI4G_TouChuan_Flag                     0x20000009   Data           1  wifi4g.o(.data)
    Key_Value                                0x2000000a   Data           1  gpio.o(.data)
    UPHandle                                 0x2000000c   Data           4  freertos.o(.data)
    DOWNHandle                               0x20000010   Data           4  freertos.o(.data)
    LEFTHandle                               0x20000014   Data           4  freertos.o(.data)
    RIGHTHandle                              0x20000018   Data           4  freertos.o(.data)
    OKHandle                                 0x2000001c   Data           4  freertos.o(.data)
    ESCHandle                                0x20000020   Data           4  freertos.o(.data)
    RX1_Offset                               0x20000024   Data           1  usart.o(.data)
    RX2_Offset                               0x20000025   Data           1  usart.o(.data)
    RX3_Offset                               0x20000026   Data           1  usart.o(.data)
    RX_Message                               0x2000002c   Data           8  stm32f1xx_it.o(.data)
    uwTickFreq                               0x20000034   Data           1  stm32f1xx_hal.o(.data)
    uwTickPrio                               0x20000038   Data           4  stm32f1xx_hal.o(.data)
    uwTick                                   0x2000003c   Data           4  stm32f1xx_hal.o(.data)
    SystemCoreClock                          0x20000040   Data           4  system_stm32f1xx.o(.data)
    pxCurrentTCB                             0x20000044   Data           4  tasks.o(.data)
    __stdout                                 0x200000ac   Data           4  stdout.o(.data)
    QUART3                                   0x200000b0   Data         264  fifo.o(.bss)
    Parse_Substr                             0x200003b8   Data          32  wifi4g.o(.bss)
    RecvBuf                                  0x200003d8   Data         256  wifi4g.o(.bss)
    hadc1                                    0x2000072c   Data          48  adc.o(.bss)
    hcan                                     0x2000075c   Data          40  can.o(.bss)
    hi2c1                                    0x20000984   Data          84  i2c.o(.bss)
    hrtc                                     0x200009d8   Data          20  rtc.o(.bss)
    hspi1                                    0x200009ec   Data          88  spi.o(.bss)
    htim4                                    0x20000a44   Data          72  tim.o(.bss)
    RX1_Buf                                  0x20000a8c   Data         256  usart.o(.bss)
    RX2_Buf                                  0x20000b8c   Data         256  usart.o(.bss)
    RX3_Buf                                  0x20000c8c   Data         256  usart.o(.bss)
    huart1                                   0x20000d8c   Data          72  usart.o(.bss)
    huart2                                   0x20000dd4   Data          72  usart.o(.bss)
    huart3                                   0x20000e1c   Data          72  usart.o(.bss)
    hdma_usart1_rx                           0x20000e64   Data          68  usart.o(.bss)
    hdma_usart2_rx                           0x20000ea8   Data          68  usart.o(.bss)
    hdma_usart3_rx                           0x20000eec   Data          68  usart.o(.bss)
    RX_Header                                0x20000f30   Data          28  stm32f1xx_it.o(.bss)
    htim1                                    0x20000f4c   Data          72  stm32f1xx_hal_timebase_tim.o(.bss)
    __initial_sp                             0x200024b0   Data           0  startup_stm32f103xb.o(STACK)



==============================================================================

Memory Map of the image

  Image Entry point : 0x080000ed

  Load Region LR_IROM1 (Base: 0x08000000, Size: 0x00008c8c, Max: 0x00010000, ABSOLUTE)

    Execution Region ER_IROM1 (Exec base: 0x08000000, Load base: 0x08000000, Size: 0x00008bdc, Max: 0x00010000, ABSOLUTE)

    Exec Addr    Load Addr    Size         Type   Attr      Idx    E Section Name        Object

    0x08000000   0x08000000   0x000000ec   Data   RO            3    RESET               startup_stm32f103xb.o
    0x080000ec   0x080000ec   0x00000000   Code   RO         6695  * .ARM.Collect$$$$00000000  mc_w.l(entry.o)
    0x080000ec   0x080000ec   0x00000004   Code   RO         7004    .ARM.Collect$$$$00000001  mc_w.l(entry2.o)
    0x080000f0   0x080000f0   0x00000004   Code   RO         7007    .ARM.Collect$$$$00000004  mc_w.l(entry5.o)
    0x080000f4   0x080000f4   0x00000000   Code   RO         7009    .ARM.Collect$$$$00000008  mc_w.l(entry7b.o)
    0x080000f4   0x080000f4   0x00000000   Code   RO         7011    .ARM.Collect$$$$0000000A  mc_w.l(entry8b.o)
    0x080000f4   0x080000f4   0x00000008   Code   RO         7012    .ARM.Collect$$$$0000000B  mc_w.l(entry9a.o)
    0x080000fc   0x080000fc   0x00000004   Code   RO         7019    .ARM.Collect$$$$0000000E  mc_w.l(entry12b.o)
    0x08000100   0x08000100   0x00000000   Code   RO         7014    .ARM.Collect$$$$0000000F  mc_w.l(entry10a.o)
    0x08000100   0x08000100   0x00000000   Code   RO         7016    .ARM.Collect$$$$00000011  mc_w.l(entry11a.o)
    0x08000100   0x08000100   0x00000004   Code   RO         7005    .ARM.Collect$$$$00002712  mc_w.l(entry2.o)
    0x08000104   0x08000104   0x00000096   Code   RO         6618    .emb_text           port.o
    0x0800019a   0x0800019a   0x00000002   PAD
    0x0800019c   0x0800019c   0x00000024   Code   RO            4    .text               startup_stm32f103xb.o
    0x080001c0   0x080001c0   0x00000020   Code   RO         6698    .text               mc_w.l(llushr.o)
    0x080001e0   0x080001e0   0x000000a8   Code   RO         6704    .text               mc_w.l(mktime.o)
    0x08000288   0x08000288   0x00000024   Code   RO         6707    .text               mc_w.l(memcpya.o)
    0x080002ac   0x080002ac   0x00000024   Code   RO         6711    .text               mc_w.l(memseta.o)
    0x080002d0   0x080002d0   0x00000024   Code   RO         6713    .text               mc_w.l(strstr.o)
    0x080002f4   0x080002f4   0x0000000e   Code   RO         6715    .text               mc_w.l(strlen.o)
    0x08000302   0x08000302   0x0000001a   Code   RO         6717    .text               mc_w.l(memcmp.o)
    0x0800031c   0x0800031c   0x00000012   Code   RO         6719    .text               mc_w.l(strcpy.o)
    0x0800032e   0x0800032e   0x00000064   Code   RO         6984    .text               mf_w.l(fmul.o)
    0x08000392   0x08000392   0x0000007c   Code   RO         6986    .text               mf_w.l(fdiv.o)
    0x0800040e   0x0800040e   0x0000014e   Code   RO         6988    .text               mf_w.l(dadd.o)
    0x0800055c   0x0800055c   0x000000e4   Code   RO         6990    .text               mf_w.l(dmul.o)
    0x08000640   0x08000640   0x000000de   Code   RO         6992    .text               mf_w.l(ddiv.o)
    0x0800071e   0x0800071e   0x0000002e   Code   RO         6994    .text               mf_w.l(dscalb.o)
    0x0800074c   0x0800074c   0x0000000a   Code   RO         6996    .text               mf_w.l(ffltui.o)
    0x08000756   0x08000756   0x0000001a   Code   RO         6998    .text               mf_w.l(dfltui.o)
    0x08000770   0x08000770   0x00000026   Code   RO         7000    .text               mf_w.l(f2d.o)
    0x08000796   0x08000796   0x00000038   Code   RO         7002    .text               mf_w.l(d2f.o)
    0x080007ce   0x080007ce   0x0000002c   Code   RO         7021    .text               mc_w.l(uidiv.o)
    0x080007fa   0x080007fa   0x00000062   Code   RO         7023    .text               mc_w.l(uldiv.o)
    0x0800085c   0x0800085c   0x0000001e   Code   RO         7025    .text               mc_w.l(llshl.o)
    0x0800087a   0x0800087a   0x00000024   Code   RO         7027    .text               mc_w.l(llsshr.o)
    0x0800089e   0x0800089e   0x00000002   PAD
    0x080008a0   0x080008a0   0x0000000c   Code   RO         7029    .text               mc_w.l(localtime_w.o)
    0x080008ac   0x080008ac   0x0000008c   Code   RO         7032    .text               mc_w.l(localtime_i.o)
    0x08000938   0x08000938   0x00000000   Code   RO         7035    .text               mc_w.l(iusefp.o)
    0x08000938   0x08000938   0x0000006e   Code   RO         7036    .text               mf_w.l(fepilogue.o)
    0x080009a6   0x080009a6   0x000000ba   Code   RO         7038    .text               mf_w.l(depilogue.o)
    0x08000a60   0x08000a60   0x00000030   Code   RO         7040    .text               mf_w.l(dfixul.o)
    0x08000a90   0x08000a90   0x00000030   Code   RO         7042    .text               mf_w.l(cdrcmple.o)
    0x08000ac0   0x08000ac0   0x00000024   Code   RO         7044    .text               mc_w.l(init.o)
    0x08000ae4   0x08000ae4   0x00000056   Code   RO         2488    i.ADC_ConversionStop_Disable  stm32f1xx_hal_adc.o
    0x08000b3a   0x08000b3a   0x00000002   PAD
    0x08000b3c   0x08000b3c   0x0000007c   Code   RO         2492    i.ADC_Enable        stm32f1xx_hal_adc.o
    0x08000bb8   0x08000bb8   0x000001a4   Code   RO          861    i.ADC_VR_CPU_Test   adc.o
    0x08000d5c   0x08000d5c   0x0000002c   Code   RO           13    i.AHT20_DeInit      aht20.o
    0x08000d88   0x08000d88   0x00000040   Code   RO           14    i.AHT20_Init        aht20.o
    0x08000dc8   0x08000dc8   0x000000fc   Code   RO           15    i.AHT20_ReadData    aht20.o
    0x08000ec4   0x08000ec4   0x00000020   Code   RO           16    i.AHT20_Read_Status  aht20.o
    0x08000ee4   0x08000ee4   0x000000b0   Code   RO           17    i.AHT20_Test        aht20.o
    0x08000f94   0x08000f94   0x00000020   Code   RO          703    i.BEEP_Control      gpio.o
    0x08000fb4   0x08000fb4   0x00000002   Code   RO         1261    i.BusFault_Handler  stm32f1xx_it.o
    0x08000fb6   0x08000fb6   0x00000002   PAD
    0x08000fb8   0x08000fb8   0x00000034   Code   RO          920    i.CANFilter_Init    can.o
    0x08000fec   0x08000fec   0x00000028   Code   RO          921    i.CAN_Start_Init    can.o
    0x08001014   0x08001014   0x00000040   Code   RO          922    i.CAN_Test          can.o
    0x08001054   0x08001054   0x0000000c   Code   RO         1262    i.DMA1_Channel3_IRQHandler  stm32f1xx_it.o
    0x08001060   0x08001060   0x0000000c   Code   RO         1263    i.DMA1_Channel5_IRQHandler  stm32f1xx_it.o
    0x0800106c   0x0800106c   0x0000000c   Code   RO         1264    i.DMA1_Channel6_IRQHandler  stm32f1xx_it.o
    0x08001078   0x08001078   0x0000002a   Code   RO         3144    i.DMA_SetConfig     stm32f1xx_hal_dma.o
    0x080010a2   0x080010a2   0x00000002   Code   RO         1265    i.DebugMon_Handler  stm32f1xx_it.o
    0x080010a4   0x080010a4   0x00000030   Code   RO          184    i.Dequeue           fifo.o
    0x080010d4   0x080010d4   0x000000c8   Code   RO          780    i.DownTask          freertos.o
    0x0800119c   0x0800119c   0x00000134   Code   RO         1004    i.EEPROM_Test       i2c.o
    0x080012d0   0x080012d0   0x00000026   Code   RO         1266    i.EXTI15_10_IRQHandler  stm32f1xx_it.o
    0x080012f6   0x080012f6   0x00000014   Code   RO         1267    i.EXTI9_5_IRQHandler  stm32f1xx_it.o
    0x0800130a   0x0800130a   0x00000002   PAD
    0x0800130c   0x0800130c   0x00000044   Code   RO          185    i.Enqueue           fifo.o
    0x08001350   0x08001350   0x00000030   Code   RO          186    i.Enqueue_Bytes     fifo.o
    0x08001380   0x08001380   0x00000004   Code   RO          590    i.Error_Handler     main.o
    0x08001384   0x08001384   0x000000e4   Code   RO          781    i.EscTask           freertos.o
    0x08001468   0x08001468   0x000000d8   Code   RO         2668    i.HAL_ADCEx_Calibration_Start  stm32f1xx_hal_adc_ex.o
    0x08001540   0x08001540   0x000000fc   Code   RO         2494    i.HAL_ADC_ConfigChannel  stm32f1xx_hal_adc.o
    0x0800163c   0x0800163c   0x00000006   Code   RO         2501    i.HAL_ADC_GetValue  stm32f1xx_hal_adc.o
    0x08001642   0x08001642   0x00000002   PAD
    0x08001644   0x08001644   0x0000011c   Code   RO         2503    i.HAL_ADC_Init      stm32f1xx_hal_adc.o
    0x08001760   0x08001760   0x00000058   Code   RO          864    i.HAL_ADC_MspInit   adc.o
    0x080017b8   0x080017b8   0x0000013c   Code   RO         2507    i.HAL_ADC_PollForConversion  stm32f1xx_hal_adc.o
    0x080018f4   0x080018f4   0x000000c0   Code   RO         2509    i.HAL_ADC_Start     stm32f1xx_hal_adc.o
    0x080019b4   0x080019b4   0x00000024   Code   RO         3742    i.HAL_CAN_ActivateNotification  stm32f1xx_hal_can.o
    0x080019d8   0x080019d8   0x000000d0   Code   RO         3743    i.HAL_CAN_AddTxMessage  stm32f1xx_hal_can.o
    0x08001aa8   0x08001aa8   0x000000ee   Code   RO         3744    i.HAL_CAN_ConfigFilter  stm32f1xx_hal_can.o
    0x08001b96   0x08001b96   0x00000002   Code   RO         3747    i.HAL_CAN_ErrorCallback  stm32f1xx_hal_can.o
    0x08001b98   0x08001b98   0x000000f4   Code   RO         3750    i.HAL_CAN_GetRxMessage  stm32f1xx_hal_can.o
    0x08001c8c   0x08001c8c   0x000001fc   Code   RO         3754    i.HAL_CAN_IRQHandler  stm32f1xx_hal_can.o
    0x08001e88   0x08001e88   0x0000011a   Code   RO         3755    i.HAL_CAN_Init      stm32f1xx_hal_can.o
    0x08001fa2   0x08001fa2   0x00000002   PAD
    0x08001fa4   0x08001fa4   0x0000007c   Code   RO          924    i.HAL_CAN_MspInit   can.o
    0x08002020   0x08002020   0x00000002   Code   RO         3762    i.HAL_CAN_RxFifo0FullCallback  stm32f1xx_hal_can.o
    0x08002022   0x08002022   0x00000002   PAD
    0x08002024   0x08002024   0x00000050   Code   RO         1268    i.HAL_CAN_RxFifo0MsgPendingCallback  stm32f1xx_it.o
    0x08002074   0x08002074   0x00000002   Code   RO         3764    i.HAL_CAN_RxFifo1FullCallback  stm32f1xx_hal_can.o
    0x08002076   0x08002076   0x00000002   Code   RO         3765    i.HAL_CAN_RxFifo1MsgPendingCallback  stm32f1xx_hal_can.o
    0x08002078   0x08002078   0x00000002   Code   RO         3766    i.HAL_CAN_SleepCallback  stm32f1xx_hal_can.o
    0x0800207a   0x0800207a   0x00000002   PAD
    0x0800207c   0x0800207c   0x00000058   Code   RO         3767    i.HAL_CAN_Start     stm32f1xx_hal_can.o
    0x080020d4   0x080020d4   0x00000002   Code   RO         3769    i.HAL_CAN_TxMailbox0AbortCallback  stm32f1xx_hal_can.o
    0x080020d6   0x080020d6   0x00000002   Code   RO         3770    i.HAL_CAN_TxMailbox0CompleteCallback  stm32f1xx_hal_can.o
    0x080020d8   0x080020d8   0x00000002   Code   RO         3771    i.HAL_CAN_TxMailbox1AbortCallback  stm32f1xx_hal_can.o
    0x080020da   0x080020da   0x00000002   Code   RO         3772    i.HAL_CAN_TxMailbox1CompleteCallback  stm32f1xx_hal_can.o
    0x080020dc   0x080020dc   0x00000002   Code   RO         3773    i.HAL_CAN_TxMailbox2AbortCallback  stm32f1xx_hal_can.o
    0x080020de   0x080020de   0x00000002   Code   RO         3774    i.HAL_CAN_TxMailbox2CompleteCallback  stm32f1xx_hal_can.o
    0x080020e0   0x080020e0   0x00000002   Code   RO         3776    i.HAL_CAN_WakeUpFromRxMsgCallback  stm32f1xx_hal_can.o
    0x080020e2   0x080020e2   0x00000046   Code   RO         3145    i.HAL_DMA_Abort     stm32f1xx_hal_dma.o
    0x08002128   0x08002128   0x00000098   Code   RO         3146    i.HAL_DMA_Abort_IT  stm32f1xx_hal_dma.o
    0x080021c0   0x080021c0   0x00000154   Code   RO         3150    i.HAL_DMA_IRQHandler  stm32f1xx_hal_dma.o
    0x08002314   0x08002314   0x0000005c   Code   RO         3151    i.HAL_DMA_Init      stm32f1xx_hal_dma.o
    0x08002370   0x08002370   0x00000070   Code   RO         3155    i.HAL_DMA_Start_IT  stm32f1xx_hal_dma.o
    0x080023e0   0x080023e0   0x00000024   Code   RO         2771    i.HAL_Delay         stm32f1xx_hal.o
    0x08002404   0x08002404   0x00000060   Code   RO         1269    i.HAL_GPIO_EXTI_Callback  stm32f1xx_it.o
    0x08002464   0x08002464   0x00000018   Code   RO         3080    i.HAL_GPIO_EXTI_IRQHandler  stm32f1xx_hal_gpio.o
    0x0800247c   0x0800247c   0x000001e0   Code   RO         3081    i.HAL_GPIO_Init     stm32f1xx_hal_gpio.o
    0x0800265c   0x0800265c   0x0000000a   Code   RO         3085    i.HAL_GPIO_WritePin  stm32f1xx_hal_gpio.o
    0x08002666   0x08002666   0x00000002   PAD
    0x08002668   0x08002668   0x0000000c   Code   RO         2775    i.HAL_GetTick       stm32f1xx_hal.o
    0x08002674   0x08002674   0x00000188   Code   RO         3986    i.HAL_I2C_Init      stm32f1xx_hal_i2c.o
    0x080027fc   0x080027fc   0x00000250   Code   RO         3992    i.HAL_I2C_Master_Receive  stm32f1xx_hal_i2c.o
    0x08002a4c   0x08002a4c   0x0000012c   Code   RO         3999    i.HAL_I2C_Master_Transmit  stm32f1xx_hal_i2c.o
    0x08002b78   0x08002b78   0x0000025c   Code   RO         4004    i.HAL_I2C_Mem_Read  stm32f1xx_hal_i2c.o
    0x08002dd4   0x08002dd4   0x00000130   Code   RO         4007    i.HAL_I2C_Mem_Write  stm32f1xx_hal_i2c.o
    0x08002f04   0x08002f04   0x0000005c   Code   RO         1006    i.HAL_I2C_MspInit   i2c.o
    0x08002f60   0x08002f60   0x00000010   Code   RO         2781    i.HAL_IncTick       stm32f1xx_hal.o
    0x08002f70   0x08002f70   0x00000024   Code   RO         2782    i.HAL_Init          stm32f1xx_hal.o
    0x08002f94   0x08002f94   0x0000008c   Code   RO         1440    i.HAL_InitTick      stm32f1xx_hal_timebase_tim.o
    0x08003020   0x08003020   0x00000048   Code   RO         1416    i.HAL_MspInit       stm32f1xx_hal_msp.o
    0x08003068   0x08003068   0x0000001a   Code   RO         3241    i.HAL_NVIC_EnableIRQ  stm32f1xx_hal_cortex.o
    0x08003082   0x08003082   0x00000002   PAD
    0x08003084   0x08003084   0x00000040   Code   RO         3247    i.HAL_NVIC_SetPriority  stm32f1xx_hal_cortex.o
    0x080030c4   0x080030c4   0x00000024   Code   RO         3248    i.HAL_NVIC_SetPriorityGrouping  stm32f1xx_hal_cortex.o
    0x080030e8   0x080030e8   0x0000000c   Code   RO         3363    i.HAL_PWR_EnableBkUpAccess  stm32f1xx_hal_pwr.o
    0x080030f4   0x080030f4   0x000000a4   Code   RO         3042    i.HAL_RCCEx_GetPeriphCLKFreq  stm32f1xx_hal_rcc_ex.o
    0x08003198   0x08003198   0x000000ec   Code   RO         3043    i.HAL_RCCEx_PeriphCLKConfig  stm32f1xx_hal_rcc_ex.o
    0x08003284   0x08003284   0x0000012c   Code   RO         2939    i.HAL_RCC_ClockConfig  stm32f1xx_hal_rcc.o
    0x080033b0   0x080033b0   0x00000040   Code   RO         2943    i.HAL_RCC_GetClockConfig  stm32f1xx_hal_rcc.o
    0x080033f0   0x080033f0   0x00000020   Code   RO         2946    i.HAL_RCC_GetPCLK1Freq  stm32f1xx_hal_rcc.o
    0x08003410   0x08003410   0x00000020   Code   RO         2947    i.HAL_RCC_GetPCLK2Freq  stm32f1xx_hal_rcc.o
    0x08003430   0x08003430   0x0000004c   Code   RO         2948    i.HAL_RCC_GetSysClockFreq  stm32f1xx_hal_rcc.o
    0x0800347c   0x0800347c   0x00000320   Code   RO         2951    i.HAL_RCC_OscConfig  stm32f1xx_hal_rcc.o
    0x0800379c   0x0800379c   0x00000010   Code   RO         4582    i.HAL_RTCEx_BKUPRead  stm32f1xx_hal_rtc_ex.o
    0x080037ac   0x080037ac   0x00000010   Code   RO         4583    i.HAL_RTCEx_BKUPWrite  stm32f1xx_hal_rtc_ex.o
    0x080037bc   0x080037bc   0x00000094   Code   RO         4420    i.HAL_RTC_Init      stm32f1xx_hal_rtc.o
    0x08003850   0x08003850   0x00000034   Code   RO         1053    i.HAL_RTC_MspInit   rtc.o
    0x08003884   0x08003884   0x000000c4   Code   RO         4426    i.HAL_RTC_SetDate   stm32f1xx_hal_rtc.o
    0x08003948   0x08003948   0x000000ac   Code   RO         4427    i.HAL_RTC_SetTime   stm32f1xx_hal_rtc.o
    0x080039f4   0x080039f4   0x0000003a   Code   RO         4428    i.HAL_RTC_WaitForSynchro  stm32f1xx_hal_rtc.o
    0x08003a2e   0x08003a2e   0x000000b2   Code   RO         4695    i.HAL_SPI_Init      stm32f1xx_hal_spi.o
    0x08003ae0   0x08003ae0   0x00000070   Code   RO         1109    i.HAL_SPI_MspInit   spi.o
    0x08003b50   0x08003b50   0x00000154   Code   RO         4698    i.HAL_SPI_Receive   stm32f1xx_hal_spi.o
    0x08003ca4   0x08003ca4   0x00000166   Code   RO         4703    i.HAL_SPI_Transmit  stm32f1xx_hal_spi.o
    0x08003e0a   0x08003e0a   0x000001f0   Code   RO         4704    i.HAL_SPI_TransmitReceive  stm32f1xx_hal_spi.o
    0x08003ffa   0x08003ffa   0x00000002   Code   RO         2221    i.HAL_TIMEx_BreakCallback  stm32f1xx_hal_tim_ex.o
    0x08003ffc   0x08003ffc   0x00000002   Code   RO         2222    i.HAL_TIMEx_CommutCallback  stm32f1xx_hal_tim_ex.o
    0x08003ffe   0x08003ffe   0x00000002   PAD
    0x08004000   0x08004000   0x00000068   Code   RO         2240    i.HAL_TIMEx_MasterConfigSynchronization  stm32f1xx_hal_tim_ex.o
    0x08004068   0x08004068   0x0000005a   Code   RO         1517    i.HAL_TIM_Base_Init  stm32f1xx_hal_tim.o
    0x080040c2   0x080040c2   0x00000002   PAD
    0x080040c4   0x080040c4   0x0000003c   Code   RO         1151    i.HAL_TIM_Base_MspInit  tim.o
    0x08004100   0x08004100   0x00000058   Code   RO         1522    i.HAL_TIM_Base_Start_IT  stm32f1xx_hal_tim.o
    0x08004158   0x08004158   0x00000026   Code   RO         1523    i.HAL_TIM_Base_Stop  stm32f1xx_hal_tim.o
    0x0800417e   0x0800417e   0x000000dc   Code   RO         1526    i.HAL_TIM_ConfigClockSource  stm32f1xx_hal_tim.o
    0x0800425a   0x0800425a   0x00000002   Code   RO         1551    i.HAL_TIM_IC_CaptureCallback  stm32f1xx_hal_tim.o
    0x0800425c   0x0800425c   0x00000130   Code   RO         1565    i.HAL_TIM_IRQHandler  stm32f1xx_hal_tim.o
    0x0800438c   0x0800438c   0x00000002   Code   RO         1568    i.HAL_TIM_OC_DelayElapsedCallback  stm32f1xx_hal_tim.o
    0x0800438e   0x0800438e   0x00000002   Code   RO         1595    i.HAL_TIM_PWM_PulseFinishedCallback  stm32f1xx_hal_tim.o
    0x08004390   0x08004390   0x00000040   Code   RO          591    i.HAL_TIM_PeriodElapsedCallback  main.o
    0x080043d0   0x080043d0   0x00000002   Code   RO         1608    i.HAL_TIM_TriggerCallback  stm32f1xx_hal_tim.o
    0x080043d2   0x080043d2   0x00000002   Code   RO         5018    i.HAL_UARTEx_RxEventCallback  stm32f1xx_hal_uart.o
    0x080043d4   0x080043d4   0x00000070   Code   RO         5030    i.HAL_UART_DMAStop  stm32f1xx_hal_uart.o
    0x08004444   0x08004444   0x00000002   Code   RO         5032    i.HAL_UART_ErrorCallback  stm32f1xx_hal_uart.o
    0x08004446   0x08004446   0x00000002   PAD
    0x08004448   0x08004448   0x0000026c   Code   RO         5035    i.HAL_UART_IRQHandler  stm32f1xx_hal_uart.o
    0x080046b4   0x080046b4   0x00000064   Code   RO         5036    i.HAL_UART_Init     stm32f1xx_hal_uart.o
    0x08004718   0x08004718   0x00000204   Code   RO         1193    i.HAL_UART_MspInit  usart.o
    0x0800491c   0x0800491c   0x0000001c   Code   RO         5040    i.HAL_UART_Receive_DMA  stm32f1xx_hal_uart.o
    0x08004938   0x08004938   0x0000009c   Code   RO         1270    i.HAL_UART_RxCpltCallback  stm32f1xx_it.o
    0x080049d4   0x080049d4   0x000000b0   Code   RO         1271    i.HAL_UART_RxHalfCpltCallback  stm32f1xx_it.o
    0x08004a84   0x08004a84   0x000000a0   Code   RO         5044    i.HAL_UART_Transmit  stm32f1xx_hal_uart.o
    0x08004b24   0x08004b24   0x00000002   Code   RO         5047    i.HAL_UART_TxCpltCallback  stm32f1xx_hal_uart.o
    0x08004b26   0x08004b26   0x00000002   Code   RO         1272    i.HardFault_Handler  stm32f1xx_it.o
    0x08004b28   0x08004b28   0x0000002e   Code   RO         4029    i.I2C_IsAcknowledgeFailed  stm32f1xx_hal_i2c.o
    0x08004b56   0x08004b56   0x00000002   PAD
    0x08004b58   0x08004b58   0x000000ec   Code   RO         4032    i.I2C_MasterRequestRead  stm32f1xx_hal_i2c.o
    0x08004c44   0x08004c44   0x0000009c   Code   RO         4033    i.I2C_MasterRequestWrite  stm32f1xx_hal_i2c.o
    0x08004ce0   0x08004ce0   0x000000fc   Code   RO         4039    i.I2C_RequestMemoryRead  stm32f1xx_hal_i2c.o
    0x08004ddc   0x08004ddc   0x000000a8   Code   RO         4040    i.I2C_RequestMemoryWrite  stm32f1xx_hal_i2c.o
    0x08004e84   0x08004e84   0x00000056   Code   RO         4044    i.I2C_WaitOnBTFFlagUntilTimeout  stm32f1xx_hal_i2c.o
    0x08004eda   0x08004eda   0x00000002   PAD
    0x08004edc   0x08004edc   0x00000090   Code   RO         4045    i.I2C_WaitOnFlagUntilTimeout  stm32f1xx_hal_i2c.o
    0x08004f6c   0x08004f6c   0x000000bc   Code   RO         4046    i.I2C_WaitOnMasterAddressFlagUntilTimeout  stm32f1xx_hal_i2c.o
    0x08005028   0x08005028   0x00000070   Code   RO         4047    i.I2C_WaitOnRXNEFlagUntilTimeout  stm32f1xx_hal_i2c.o
    0x08005098   0x08005098   0x00000056   Code   RO         4048    i.I2C_WaitOnTXEFlagUntilTimeout  stm32f1xx_hal_i2c.o
    0x080050ee   0x080050ee   0x00000002   PAD
    0x080050f0   0x080050f0   0x0000004c   Code   RO          246    i.INA226_Init       ina226.o
    0x0800513c   0x0800513c   0x00000038   Code   RO          247    i.INA226_Read_Bus_Voltage  ina226.o
    0x08005174   0x08005174   0x00000038   Code   RO          248    i.INA226_Read_Current  ina226.o
    0x080051ac   0x080051ac   0x00000038   Code   RO          249    i.INA226_Read_Pow   ina226.o
    0x080051e4   0x080051e4   0x00000154   Code   RO          250    i.INA226_Test       ina226.o
    0x08005338   0x08005338   0x00000030   Code   RO          707    i.LED_Control       gpio.o
    0x08005368   0x08005368   0x00000058   Code   RO          782    i.LeftTask          freertos.o
    0x080053c0   0x080053c0   0x00000054   Code   RO          865    i.MX_ADC1_Init      adc.o
    0x08005414   0x08005414   0x00000044   Code   RO          925    i.MX_CAN_Init       can.o
    0x08005458   0x08005458   0x0000004c   Code   RO          980    i.MX_DMA_Init       dma.o
    0x080054a4   0x080054a4   0x00000094   Code   RO          783    i.MX_FREERTOS_Init  freertos.o
    0x08005538   0x08005538   0x00000120   Code   RO          709    i.MX_GPIO_Init      gpio.o
    0x08005658   0x08005658   0x00000040   Code   RO         1007    i.MX_I2C1_Init      i2c.o
    0x08005698   0x08005698   0x000000a8   Code   RO         1054    i.MX_RTC_Init       rtc.o
    0x08005740   0x08005740   0x00000048   Code   RO         1110    i.MX_SPI1_Init      spi.o
    0x08005788   0x08005788   0x00000068   Code   RO         1152    i.MX_TIM4_Init      tim.o
    0x080057f0   0x080057f0   0x00000038   Code   RO         1194    i.MX_USART1_UART_Init  usart.o
    0x08005828   0x08005828   0x00000038   Code   RO         1195    i.MX_USART2_UART_Init  usart.o
    0x08005860   0x08005860   0x00000038   Code   RO         1196    i.MX_USART3_UART_Init  usart.o
    0x08005898   0x08005898   0x00000002   Code   RO         1273    i.MemManage_Handler  stm32f1xx_it.o
    0x0800589a   0x0800589a   0x00000002   Code   RO         1274    i.NMI_Handler       stm32f1xx_it.o
    0x0800589c   0x0800589c   0x00000068   Code   RO          784    i.OKTask            freertos.o
    0x08005904   0x08005904   0x00000006   Code   RO          304    i.OLED_CLS          oled.o
    0x0800590a   0x0800590a   0x00000002   PAD
    0x0800590c   0x0800590c   0x00000038   Code   RO          306    i.OLED_Fill         oled.o
    0x08005944   0x08005944   0x000000b4   Code   RO          307    i.OLED_Init         oled.o
    0x080059f8   0x080059f8   0x00000026   Code   RO          310    i.OLED_SetPos       oled.o
    0x08005a1e   0x08005a1e   0x00000002   PAD
    0x08005a20   0x08005a20   0x000000d8   Code   RO          312    i.OLED_ShowStr      oled.o
    0x08005af8   0x08005af8   0x00000010   Code   RO          188    i.Queue_IsEmpty     fifo.o
    0x08005b08   0x08005b08   0x00000022   Code   RO          189    i.Queue_IsFull      fifo.o
    0x08005b2a   0x08005b2a   0x00000002   PAD
    0x08005b2c   0x08005b2c   0x00000020   Code   RO          710    i.RELAY_Control     gpio.o
    0x08005b4c   0x08005b4c   0x00000012   Code   RO         4429    i.RTC_Bcd2ToByte    stm32f1xx_hal_rtc.o
    0x08005b5e   0x08005b5e   0x00000034   Code   RO         4432    i.RTC_EnterInitMode  stm32f1xx_hal_rtc.o
    0x08005b92   0x08005b92   0x00000002   PAD
    0x08005b94   0x08005b94   0x00000036   Code   RO         4433    i.RTC_ExitInitMode  stm32f1xx_hal_rtc.o
    0x08005bca   0x08005bca   0x0000000e   Code   RO         4434    i.RTC_ReadAlarmCounter  stm32f1xx_hal_rtc.o
    0x08005bd8   0x08005bd8   0x00000020   Code   RO         4435    i.RTC_ReadTimeCounter  stm32f1xx_hal_rtc.o
    0x08005bf8   0x08005bf8   0x000000d8   Code   RO         1055    i.RTC_Test          rtc.o
    0x08005cd0   0x08005cd0   0x00000056   Code   RO         4436    i.RTC_WeekDayNum    stm32f1xx_hal_rtc.o
    0x08005d26   0x08005d26   0x00000028   Code   RO         4437    i.RTC_WriteAlarmCounter  stm32f1xx_hal_rtc.o
    0x08005d4e   0x08005d4e   0x00000002   PAD
    0x08005d50   0x08005d50   0x00000070   Code   RO         1056    i.RTC_WriteTimeCounter  rtc.o
    0x08005dc0   0x08005dc0   0x00000028   Code   RO         4438    i.RTC_WriteTimeCounter  stm32f1xx_hal_rtc.o
    0x08005de8   0x08005de8   0x00000064   Code   RO          785    i.RightTask         freertos.o
    0x08005e4c   0x08005e4c   0x0000005c   Code   RO         4732    i.SPI_EndRxTransaction  stm32f1xx_hal_spi.o
    0x08005ea8   0x08005ea8   0x00000034   Code   RO         4733    i.SPI_EndRxTxTransaction  stm32f1xx_hal_spi.o
    0x08005edc   0x08005edc   0x000000b8   Code   RO         4738    i.SPI_WaitFlagStateUntilTimeout  stm32f1xx_hal_spi.o
    0x08005f94   0x08005f94   0x0000002c   Code   RO         6619    i.SysTick_Handler   port.o
    0x08005fc0   0x08005fc0   0x00000086   Code   RO          592    i.SystemClock_Config  main.o
    0x08006046   0x08006046   0x00000002   Code   RO         5370    i.SystemInit        system_stm32f1xx.o
    0x08006048   0x08006048   0x0000000c   Code   RO         1275    i.TIM1_UP_IRQHandler  stm32f1xx_it.o
    0x08006054   0x08006054   0x0000000c   Code   RO         1276    i.TIM4_IRQHandler   stm32f1xx_it.o
    0x08006060   0x08006060   0x00000078   Code   RO         1610    i.TIM_Base_SetConfig  stm32f1xx_hal_tim.o
    0x080060d8   0x080060d8   0x00000014   Code   RO         1621    i.TIM_ETR_SetConfig  stm32f1xx_hal_tim.o
    0x080060ec   0x080060ec   0x00000010   Code   RO         1622    i.TIM_ITRx_SetConfig  stm32f1xx_hal_tim.o
    0x080060fc   0x080060fc   0x00000022   Code   RO         1628    i.TIM_TI1_ConfigInputStage  stm32f1xx_hal_tim.o
    0x0800611e   0x0800611e   0x00000024   Code   RO         1630    i.TIM_TI2_ConfigInputStage  stm32f1xx_hal_tim.o
    0x08006142   0x08006142   0x00000002   PAD
    0x08006144   0x08006144   0x00000024   Code   RO          493    i.Test_WIFI4G_CMD_Status  wifi4g.o
    0x08006168   0x08006168   0x00000010   Code   RO         5049    i.UART_DMAAbortOnError  stm32f1xx_hal_uart.o
    0x08006178   0x08006178   0x0000004a   Code   RO         5050    i.UART_DMAError     stm32f1xx_hal_uart.o
    0x080061c2   0x080061c2   0x00000086   Code   RO         5051    i.UART_DMAReceiveCplt  stm32f1xx_hal_uart.o
    0x08006248   0x08006248   0x0000001e   Code   RO         5053    i.UART_DMARxHalfCplt  stm32f1xx_hal_uart.o
    0x08006266   0x08006266   0x0000004e   Code   RO         5059    i.UART_EndRxTransfer  stm32f1xx_hal_uart.o
    0x080062b4   0x080062b4   0x0000001c   Code   RO         5060    i.UART_EndTxTransfer  stm32f1xx_hal_uart.o
    0x080062d0   0x080062d0   0x000000c2   Code   RO         5061    i.UART_Receive_IT   stm32f1xx_hal_uart.o
    0x08006392   0x08006392   0x00000002   PAD
    0x08006394   0x08006394   0x000000b8   Code   RO         5062    i.UART_SetConfig    stm32f1xx_hal_uart.o
    0x0800644c   0x0800644c   0x00000090   Code   RO         5063    i.UART_Start_Receive_DMA  stm32f1xx_hal_uart.o
    0x080064dc   0x080064dc   0x00000072   Code   RO         5065    i.UART_WaitOnFlagUntilTimeout  stm32f1xx_hal_uart.o
    0x0800654e   0x0800654e   0x00000002   PAD
    0x08006550   0x08006550   0x000000b4   Code   RO          786    i.UPTask            freertos.o
    0x08006604   0x08006604   0x00000018   Code   RO         1277    i.USART1_IRQHandler  stm32f1xx_it.o
    0x0800661c   0x0800661c   0x00000018   Code   RO         1278    i.USART2_IRQHandler  stm32f1xx_it.o
    0x08006634   0x08006634   0x00000018   Code   RO         1279    i.USART3_IRQHandler  stm32f1xx_it.o
    0x0800664c   0x0800664c   0x0000000c   Code   RO         1280    i.USB_LP_CAN1_RX0_IRQHandler  stm32f1xx_it.o
    0x08006658   0x08006658   0x000001ac   Code   RO         1281    i.USER_UART_IRQHandler  stm32f1xx_it.o
    0x08006804   0x08006804   0x00000002   Code   RO         1282    i.UsageFault_Handler  stm32f1xx_it.o
    0x08006806   0x08006806   0x00000002   PAD
    0x08006808   0x08006808   0x00000074   Code   RO          396    i.W25Qx_Erase_Block  w25qx.o
    0x0800687c   0x0800687c   0x00000054   Code   RO          398    i.W25Qx_GetStatus   w25qx.o
    0x080068d0   0x080068d0   0x00000060   Code   RO          400    i.W25Qx_Read        w25qx.o
    0x08006930   0x08006930   0x0000004c   Code   RO          401    i.W25Qx_Read_ID     w25qx.o
    0x0800697c   0x0800697c   0x00000234   Code   RO          402    i.W25Qx_Test        w25qx.o
    0x08006bb0   0x08006bb0   0x000000c0   Code   RO          403    i.W25Qx_Write       w25qx.o
    0x08006c70   0x08006c70   0x00000060   Code   RO          404    i.W25Qx_WriteEnable  w25qx.o
    0x08006cd0   0x08006cd0   0x00000064   Code   RO          494    i.WIFI4G_AT_Test    wifi4g.o
    0x08006d34   0x08006d34   0x0000006c   Code   RO          495    i.WIFI4G_Parse_Queue  wifi4g.o
    0x08006da0   0x08006da0   0x00000024   Code   RO          314    i.WriteCmd          oled.o
    0x08006dc4   0x08006dc4   0x00000024   Code   RO          315    i.WriteDat          oled.o
    0x08006de8   0x08006de8   0x00000020   Code   RO         6956    i.__0printf         mc_w.l(printfa.o)
    0x08006e08   0x08006e08   0x00000028   Code   RO         6958    i.__0sprintf        mc_w.l(printfa.o)
    0x08006e30   0x08006e30   0x00000020   Code   RO         3254    i.__NVIC_SetPriority  stm32f1xx_hal_cortex.o
    0x08006e50   0x08006e50   0x0000000e   Code   RO         7048    i.__scatterload_copy  mc_w.l(handlers.o)
    0x08006e5e   0x08006e5e   0x00000002   Code   RO         7049    i.__scatterload_null  mc_w.l(handlers.o)
    0x08006e60   0x08006e60   0x0000000e   Code   RO         7050    i.__scatterload_zeroinit  mc_w.l(handlers.o)
    0x08006e6e   0x08006e6e   0x00000002   PAD
    0x08006e70   0x08006e70   0x00000184   Code   RO         6963    i._fp_digits        mc_w.l(printfa.o)
    0x08006ff4   0x08006ff4   0x000006b4   Code   RO         6964    i._printf_core      mc_w.l(printfa.o)
    0x080076a8   0x080076a8   0x00000024   Code   RO         6965    i._printf_post_padding  mc_w.l(printfa.o)
    0x080076cc   0x080076cc   0x0000002e   Code   RO         6966    i._printf_pre_padding  mc_w.l(printfa.o)
    0x080076fa   0x080076fa   0x0000000a   Code   RO         6968    i._sputc            mc_w.l(printfa.o)
    0x08007704   0x08007704   0x00000018   Code   RO         1197    i.fputc             usart.o
    0x0800771c   0x0800771c   0x00000108   Code   RO          593    i.main              main.o
    0x08007824   0x08007824   0x0000000c   Code   RO         6184    i.makeFreeRtosPriority  cmsis_os.o
    0x08007830   0x08007830   0x0000000e   Code   RO         6186    i.osDelay           cmsis_os.o
    0x0800783e   0x0800783e   0x0000000a   Code   RO         6189    i.osKernelStart     cmsis_os.o
    0x08007848   0x08007848   0x00000054   Code   RO         6223    i.osThreadCreate    cmsis_os.o
    0x0800789c   0x0800789c   0x00000070   Code   RO         5866    i.prvAddCurrentTaskToDelayedList  tasks.o
    0x0800790c   0x0800790c   0x000000d0   Code   RO         5867    i.prvAddNewTaskToReadyList  tasks.o
    0x080079dc   0x080079dc   0x00000034   Code   RO         5868    i.prvDeleteTCB      tasks.o
    0x08007a10   0x08007a10   0x0000004c   Code   RO         6551    i.prvHeapInit       heap_4.o
    0x08007a5c   0x08007a5c   0x00000060   Code   RO         5869    i.prvIdleTask       tasks.o
    0x08007abc   0x08007abc   0x00000098   Code   RO         5870    i.prvInitialiseNewTask  tasks.o
    0x08007b54   0x08007b54   0x0000004c   Code   RO         6552    i.prvInsertBlockIntoFreeList  heap_4.o
    0x08007ba0   0x08007ba0   0x00000020   Code   RO         5871    i.prvResetNextTaskUnblockTime  tasks.o
    0x08007bc0   0x08007bc0   0x00000028   Code   RO         6620    i.prvTaskExitError  port.o
    0x08007be8   0x08007be8   0x000000dc   Code   RO         6553    i.pvPortMalloc      heap_4.o
    0x08007cc4   0x08007cc4   0x00000024   Code   RO         6621    i.pxPortInitialiseStack  port.o
    0x08007ce8   0x08007ce8   0x00000026   Code   RO         5508    i.uxListRemove      list.o
    0x08007d0e   0x08007d0e   0x00000002   PAD
    0x08007d10   0x08007d10   0x00000014   Code   RO          787    i.vApplicationGetIdleTaskMemory  freertos.o
    0x08007d24   0x08007d24   0x00000016   Code   RO         5509    i.vListInitialise   list.o
    0x08007d3a   0x08007d3a   0x00000006   Code   RO         5510    i.vListInitialiseItem  list.o
    0x08007d40   0x08007d40   0x00000030   Code   RO         5511    i.vListInsert       list.o
    0x08007d70   0x08007d70   0x00000018   Code   RO         5512    i.vListInsertEnd    list.o
    0x08007d88   0x08007d88   0x00000040   Code   RO         6623    i.vPortEnterCritical  port.o
    0x08007dc8   0x08007dc8   0x00000028   Code   RO         6624    i.vPortExitCritical  port.o
    0x08007df0   0x08007df0   0x00000064   Code   RO         6554    i.vPortFree         heap_4.o
    0x08007e54   0x08007e54   0x00000024   Code   RO         6625    i.vPortSetupTimerInterrupt  port.o
    0x08007e78   0x08007e78   0x0000004c   Code   RO         5880    i.vTaskDelay        tasks.o
    0x08007ec4   0x08007ec4   0x0000006c   Code   RO         5893    i.vTaskStartScheduler  tasks.o
    0x08007f30   0x08007f30   0x00000010   Code   RO         5895    i.vTaskSuspendAll   tasks.o
    0x08007f40   0x08007f40   0x0000005c   Code   RO         5896    i.vTaskSwitchContext  tasks.o
    0x08007f9c   0x08007f9c   0x000000a8   Code   RO         6627    i.xPortStartScheduler  port.o
    0x08008044   0x08008044   0x0000005a   Code   RO         5899    i.xTaskCreate       tasks.o
    0x0800809e   0x0800809e   0x00000056   Code   RO         5900    i.xTaskCreateStatic  tasks.o
    0x080080f4   0x080080f4   0x000000cc   Code   RO         5907    i.xTaskIncrementTick  tasks.o
    0x080081c0   0x080081c0   0x000000c4   Code   RO         5913    i.xTaskResumeAll    tasks.o
    0x08008284   0x08008284   0x00000818   Data   RO          316    .constdata          oled.o
    0x08008a9c   0x08008a9c   0x000000a8   Data   RO          789    .constdata          freertos.o
    0x08008b44   0x08008b44   0x00000012   Data   RO         2952    .constdata          stm32f1xx_hal_rcc.o
    0x08008b56   0x08008b56   0x00000012   Data   RO         3044    .constdata          stm32f1xx_hal_rcc_ex.o
    0x08008b68   0x08008b68   0x00000010   Data   RO         5371    .constdata          system_stm32f1xx.o
    0x08008b78   0x08008b78   0x00000008   Data   RO         5372    .constdata          system_stm32f1xx.o
    0x08008b80   0x08008b80   0x0000000c   Data   RO         6705    .constdata          mc_w.l(mktime.o)
    0x08008b8c   0x08008b8c   0x0000000c   Data   RO         7033    .constdata          mc_w.l(localtime_i.o)
    0x08008b98   0x08008b98   0x00000022   Data   RO          790    .conststring        freertos.o
    0x08008bba   0x08008bba   0x00000002   PAD
    0x08008bbc   0x08008bbc   0x00000020   Data   RO         7046    Region$$Table       anon$$obj.o


    Execution Region RW_IRAM1 (Exec base: 0x20000000, Load base: 0x08008bdc, Size: 0x000024b0, Max: 0x00005000, ABSOLUTE)

    Exec Addr    Load Addr    Size         Type   Attr      Idx    E Section Name        Object

    0x20000000   0x08008bdc   0x00000008   Data   RW           18    .data               aht20.o
    0x20000008   0x08008be4   0x00000002   Data   RW          498    .data               wifi4g.o
    0x2000000a   0x08008be6   0x00000001   Data   RW          712    .data               gpio.o
    0x2000000b   0x08008be7   0x00000001   PAD
    0x2000000c   0x08008be8   0x00000018   Data   RW          791    .data               freertos.o
    0x20000024   0x08008c00   0x00000001   Data   RW         1202    .data               usart.o
    0x20000025   0x08008c01   0x00000001   Data   RW         1203    .data               usart.o
    0x20000026   0x08008c02   0x00000001   Data   RW         1204    .data               usart.o
    0x20000027   0x08008c03   0x00000001   PAD
    0x20000028   0x08008c04   0x0000000c   Data   RW         1284    .data               stm32f1xx_it.o
    0x20000034   0x08008c10   0x0000000c   Data   RW         2789    .data               stm32f1xx_hal.o
    0x20000040   0x08008c1c   0x00000004   Data   RW         5373    .data               system_stm32f1xx.o
    0x20000044   0x08008c20   0x0000003c   Data   RW         5916    .data               tasks.o
    0x20000080   0x08008c5c   0x00000020   Data   RW         6560    .data               heap_4.o
    0x200000a0   0x08008c7c   0x0000000c   Data   RW         6628    .data               port.o
    0x200000ac   0x08008c88   0x00000004   Data   RW         7020    .data               mc_w.l(stdout.o)
    0x200000b0        -       0x00000108   Zero   RW          191    .bss                fifo.o
    0x200001b8        -       0x00000200   Zero   RW          405    .bss                w25qx.o
    0x200003b8        -       0x00000120   Zero   RW          496    .bss                wifi4g.o
    0x200004d8        -       0x00000254   Zero   RW          788    .bss                freertos.o
    0x2000072c        -       0x00000030   Zero   RW          866    .bss                adc.o
    0x2000075c        -       0x00000028   Zero   RW          926    .bss                can.o
    0x20000784        -       0x00000254   Zero   RW         1008    .bss                i2c.o
    0x200009d8        -       0x00000014   Zero   RW         1057    .bss                rtc.o
    0x200009ec        -       0x00000058   Zero   RW         1111    .bss                spi.o
    0x20000a44        -       0x00000048   Zero   RW         1153    .bss                tim.o
    0x20000a8c        -       0x00000100   Zero   RW         1198    .bss                usart.o
    0x20000b8c        -       0x00000100   Zero   RW         1199    .bss                usart.o
    0x20000c8c        -       0x00000100   Zero   RW         1200    .bss                usart.o
    0x20000d8c        -       0x000001a4   Zero   RW         1201    .bss                usart.o
    0x20000f30        -       0x0000001c   Zero   RW         1283    .bss                stm32f1xx_it.o
    0x20000f4c        -       0x00000048   Zero   RW         1443    .bss                stm32f1xx_hal_timebase_tim.o
    0x20000f94        -       0x000000f0   Zero   RW         5915    .bss                tasks.o
    0x20001084        -       0x00001000   Zero   RW         6559    .bss                heap_4.o
    0x20002084        -       0x0000002c   Zero   RW         7030    .bss                mc_w.l(localtime_w.o)
    0x200020b0        -       0x00000400   Zero   RW            1    STACK               startup_stm32f103xb.o


==============================================================================

Image component sizes


      Code (inc. data)   RO Data    RW Data    ZI Data      Debug   Object Name

       592        118          0          0         48       2563   adc.o
       568        106          0          8          0     483646   aht20.o
       348         40          0          0         40       3240   can.o
       120          0          0          0          0      23269   cmsis_os.o
        76          4          0          0          0        778   dma.o
         0          0          0          0          0      16984   event_groups.o
       214         16          0          0        264       4058   fifo.o
      1068        362        202         24        596       5405   freertos.o
       400         38          0          1          0       2806   gpio.o
       472         24          0         32       4096       7347   heap_4.o
       464        156          0          0        596       2631   i2c.o
       584        156          0          0          0       4814   ina226.o
       138          0          0          0          0       3414   list.o
       466         98          0          0          0      34700   main.o
       568         16       2072          0          0       4998   oled.o
       578         60          0         12          0      10280   port.o
       548         88          0          0         20       4462   rtc.o
       184         24          0          0         88       1657   spi.o
        36          8        236          0       1024        804   startup_stm32f103xb.o
       100         18          0         12          0       5262   stm32f1xx_hal.o
      1260         54          0          0          0       6544   stm32f1xx_hal_adc.o
       216          6          0          0          0       1438   stm32f1xx_hal_adc_ex.o
      1628          0          0          0          0      13735   stm32f1xx_hal_can.o
       158         14          0          0          0      28202   stm32f1xx_hal_cortex.o
       808         36          0          0          0       5002   stm32f1xx_hal_dma.o
       514         40          0          0          0       3487   stm32f1xx_hal_gpio.o
      3666         94          0          0          0      17693   stm32f1xx_hal_i2c.o
        72         10          0          0          0        874   stm32f1xx_hal_msp.o
        12          4          0          0          0        515   stm32f1xx_hal_pwr.o
      1304         94         18          0          0       5753   stm32f1xx_hal_rcc.o
       400         28         18          0          0       2477   stm32f1xx_hal_rcc_ex.o
       910         12          0          0          0       9404   stm32f1xx_hal_rtc.o
        32         10          0          0          0       1639   stm32f1xx_hal_rtc_ex.o
      1700          4          0          0          0       8070   stm32f1xx_hal_spi.o
       974         24          0          0          0      10449   stm32f1xx_hal_tim.o
       108         12          0          0          0       2409   stm32f1xx_hal_tim_ex.o
       140         22          0          0         72       1431   stm32f1xx_hal_timebase_tim.o
      2022         24          0          0          0      14341   stm32f1xx_hal_uart.o
      1150        292          0         12         28      12405   stm32f1xx_it.o
         2          0         24          4          0       1119   system_stm32f1xx.o
      1520        112          0         60        240      19110   tasks.o
       164         20          0          0         72       1670   tim.o
       708         62          0          3       1188       4110   usart.o
      1224        392          0          0        512       5960   w25qx.o
       244         52          0          2        288       3210   wifi4g.o

    ----------------------------------------------------------------------
     28512       2750       2604        172       9172     804165   Object Totals
         0          0         32          0          0          0   (incl. Generated)
        52          0          2          2          0          0   (incl. Padding)

    ----------------------------------------------------------------------

      Code (inc. data)   RO Data    RW Data    ZI Data      Debug   Library Member Name

         0          0          0          0          0          0   entry.o
         0          0          0          0          0          0   entry10a.o
         0          0          0          0          0          0   entry11a.o
         4          0          0          0          0          0   entry12b.o
         8          4          0          0          0          0   entry2.o
         4          0          0          0          0          0   entry5.o
         0          0          0          0          0          0   entry7b.o
         0          0          0          0          0          0   entry8b.o
         8          4          0          0          0          0   entry9a.o
        30          0          0          0          0          0   handlers.o
        36          8          0          0          0         68   init.o
         0          0          0          0          0          0   iusefp.o
        30          0          0          0          0         68   llshl.o
        36          0          0          0          0         68   llsshr.o
        32          0          0          0          0         68   llushr.o
       140          6         12          0          0         76   localtime_i.o
        12          6          0          0         44         68   localtime_w.o
        26          0          0          0          0         80   memcmp.o
        36          0          0          0          0         68   memcpya.o
        36          0          0          0          0        108   memseta.o
       168         18         12          0          0         80   mktime.o
      2268         96          0          0          0        616   printfa.o
         0          0          0          4          0          0   stdout.o
        18          0          0          0          0         68   strcpy.o
        14          0          0          0          0         68   strlen.o
        36          0          0          0          0         80   strstr.o
        44          0          0          0          0         80   uidiv.o
        98          0          0          0          0         92   uldiv.o
        48          0          0          0          0         68   cdrcmple.o
        56          0          0          0          0         88   d2f.o
       334          0          0          0          0        148   dadd.o
       222          0          0          0          0        100   ddiv.o
       186          0          0          0          0        176   depilogue.o
        48          0          0          0          0         68   dfixul.o
        26          0          0          0          0         76   dfltui.o
       228          0          0          0          0         96   dmul.o
        46          0          0          0          0         80   dscalb.o
        38          0          0          0          0         68   f2d.o
       124          0          0          0          0         88   fdiv.o
       110          0          0          0          0        168   fepilogue.o
        10          0          0          0          0         68   ffltui.o
       100          0          0          0          0         76   fmul.o

    ----------------------------------------------------------------------
      4664        142         24          4         44       3124   Library Totals
         4          0          0          0          0          0   (incl. Padding)

    ----------------------------------------------------------------------

      Code (inc. data)   RO Data    RW Data    ZI Data      Debug   Library Name

      3084        142         24          4         44       1756   mc_w.l
      1576          0          0          0          0       1368   mf_w.l

    ----------------------------------------------------------------------
      4664        142         24          4         44       3124   Library Totals

    ----------------------------------------------------------------------

==============================================================================


      Code (inc. data)   RO Data    RW Data    ZI Data      Debug   

     33176       2892       2628        176       9216     792465   Grand Totals
     33176       2892       2628        176       9216     792465   ELF Image Totals
     33176       2892       2628        176          0          0   ROM Totals

==============================================================================

    Total RO  Size (Code + RO Data)                35804 (  34.96kB)
    Total RW  Size (RW Data + ZI Data)              9392 (   9.17kB)
    Total ROM Size (Code + RO Data + RW Data)      35980 (  35.14kB)

==============================================================================

