Component: ARM Compiler 5.06 update 5 (build 528) Tool: armlink [4d35e2]

==============================================================================

Section Cross References

    startup_stm32f103xb.o(RESET) refers to startup_stm32f103xb.o(STACK) for __initial_sp
    startup_stm32f103xb.o(RESET) refers to startup_stm32f103xb.o(.text) for Reset_Handler
    startup_stm32f103xb.o(RESET) refers to stm32f1xx_it.o(i.NMI_Handler) for NMI_Handler
    startup_stm32f103xb.o(RESET) refers to stm32f1xx_it.o(i.HardFault_Handler) for HardFault_Handler
    startup_stm32f103xb.o(RESET) refers to stm32f1xx_it.o(i.MemManage_Handler) for MemManage_Handler
    startup_stm32f103xb.o(RESET) refers to stm32f1xx_it.o(i.BusFault_Handler) for BusFault_Handler
    startup_stm32f103xb.o(RESET) refers to stm32f1xx_it.o(i.UsageFault_Handler) for UsageFault_Handler
    startup_stm32f103xb.o(RESET) refers to stm32f1xx_it.o(i.SVC_Handler) for SVC_Handler
    startup_stm32f103xb.o(RESET) refers to stm32f1xx_it.o(i.DebugMon_Handler) for DebugMon_Handler
    startup_stm32f103xb.o(RESET) refers to stm32f1xx_it.o(i.PendSV_Handler) for PendSV_Handler
    startup_stm32f103xb.o(RESET) refers to stm32f1xx_it.o(i.SysTick_Handler) for SysTick_Handler
    startup_stm32f103xb.o(RESET) refers to stm32f1xx_it.o(i.DMA1_Channel3_IRQHandler) for DMA1_Channel3_IRQHandler
    startup_stm32f103xb.o(RESET) refers to stm32f1xx_it.o(i.EXTI9_5_IRQHandler) for EXTI9_5_IRQHandler
    startup_stm32f103xb.o(RESET) refers to stm32f1xx_it.o(i.TIM1_UP_IRQHandler) for TIM1_UP_IRQHandler
    startup_stm32f103xb.o(RESET) refers to porttimer.o(i.TIM3_IRQHandler) for TIM3_IRQHandler
    startup_stm32f103xb.o(RESET) refers to portserial.o(i.USART2_IRQHandler) for USART2_IRQHandler
    startup_stm32f103xb.o(RESET) refers to stm32f1xx_it.o(i.USART3_IRQHandler) for USART3_IRQHandler
    startup_stm32f103xb.o(RESET) refers to stm32f1xx_it.o(i.EXTI15_10_IRQHandler) for EXTI15_10_IRQHandler
    startup_stm32f103xb.o(.text) refers to system_stm32f1xx.o(i.SystemInit) for SystemInit
    startup_stm32f103xb.o(.text) refers to entry.o(.ARM.Collect$$$$00000000) for __main
    aht20.o(i.AHT20_DeInit) refers to stm32f1xx_hal_i2c.o(i.HAL_I2C_Master_Transmit) for HAL_I2C_Master_Transmit
    aht20.o(i.AHT20_DeInit) refers to i2c.o(.bss) for hi2c1
    aht20.o(i.AHT20_Init) refers to stm32f1xx_hal.o(i.HAL_Delay) for HAL_Delay
    aht20.o(i.AHT20_Init) refers to stm32f1xx_hal_i2c.o(i.HAL_I2C_Master_Transmit) for HAL_I2C_Master_Transmit
    aht20.o(i.AHT20_Init) refers to aht20.o(i.AHT20_Read_Status) for AHT20_Read_Status
    aht20.o(i.AHT20_Init) refers to aht20.o(i.AHT20_DeInit) for AHT20_DeInit
    aht20.o(i.AHT20_Init) refers to i2c.o(.bss) for hi2c1
    aht20.o(i.AHT20_ReadData) refers to stm32f1xx_hal_i2c.o(i.HAL_I2C_Master_Transmit) for HAL_I2C_Master_Transmit
    aht20.o(i.AHT20_ReadData) refers to stm32f1xx_hal.o(i.HAL_Delay) for HAL_Delay
    aht20.o(i.AHT20_ReadData) refers to aht20.o(i.AHT20_Read_Status) for AHT20_Read_Status
    aht20.o(i.AHT20_ReadData) refers to stm32f1xx_hal_i2c.o(i.HAL_I2C_Master_Receive) for HAL_I2C_Master_Receive
    aht20.o(i.AHT20_ReadData) refers to dfltui.o(.text) for __aeabi_ui2d
    aht20.o(i.AHT20_ReadData) refers to dmul.o(.text) for __aeabi_dmul
    aht20.o(i.AHT20_ReadData) refers to dscalb.o(.text) for __ARM_scalbn
    aht20.o(i.AHT20_ReadData) refers to d2f.o(.text) for __aeabi_d2f
    aht20.o(i.AHT20_ReadData) refers to dadd.o(.text) for __aeabi_dsub
    aht20.o(i.AHT20_ReadData) refers to ffixui.o(.text) for __aeabi_f2uiz
    aht20.o(i.AHT20_ReadData) refers to i2c.o(.bss) for hi2c1
    aht20.o(i.AHT20_ReadData) refers to aht20.o(.data) for .data
    aht20.o(i.AHT20_ReadData) refers to port.o(.bss) for REG_HOLD_BUF
    aht20.o(i.AHT20_Read_Status) refers to stm32f1xx_hal_i2c.o(i.HAL_I2C_Master_Receive) for HAL_I2C_Master_Receive
    aht20.o(i.AHT20_Read_Status) refers to i2c.o(.bss) for hi2c1
    aht20.o(i.AHT20_Test) refers to aht20.o(i.AHT20_ReadData) for AHT20_ReadData
    aht20.o(i.AHT20_Test) refers to f2d.o(.text) for __aeabi_f2d
    aht20.o(i.AHT20_Test) refers to printfa.o(i.__0printf) for __2printf
    aht20.o(i.AHT20_Test) refers to printfa.o(i.__0sprintf) for __2sprintf
    aht20.o(i.AHT20_Test) refers to oled.o(i.OLED_ShowStr) for OLED_ShowStr
    aht20.o(i.AHT20_Test) refers to aht20.o(.data) for .data
    ina226.o(i.INA226_Init) refers to stm32f1xx_hal_i2c.o(i.HAL_I2C_Master_Transmit) for HAL_I2C_Master_Transmit
    ina226.o(i.INA226_Init) refers to stm32f1xx_hal.o(i.HAL_Delay) for HAL_Delay
    ina226.o(i.INA226_Init) refers to i2c.o(.bss) for hi2c1
    ina226.o(i.INA226_Read) refers to ina226.o(i.INA226_Read_Current) for INA226_Read_Current
    ina226.o(i.INA226_Read) refers to ina226.o(i.INA226_Read_Bus_Voltage) for INA226_Read_Bus_Voltage
    ina226.o(i.INA226_Read) refers to ina226.o(i.INA226_Read_Pow) for INA226_Read_Pow
    ina226.o(i.INA226_Read) refers to ffltui.o(.text) for __aeabi_ui2f
[...]
    i.HardFault_Handler                      0x080030c4   Section        0  stm32f1xx_it.o(i.HardFault_Handler)
    i.I2C_IsAcknowledgeFailed                0x080030c6   Section        0  stm32f1xx_hal_i2c.o(i.I2C_IsAcknowledgeFailed)
    I2C_IsAcknowledgeFailed                  0x080030c7   Thumb Code    46  stm32f1xx_hal_i2c.o(i.I2C_IsAcknowledgeFailed)
    i.I2C_MasterRequestRead                  0x080030f4   Section        0  stm32f1xx_hal_i2c.o(i.I2C_MasterRequestRead)
    I2C_MasterRequestRead                    0x080030f5   Thumb Code   230  stm32f1xx_hal_i2c.o(i.I2C_MasterRequestRead)
    i.I2C_MasterRequestWrite                 0x080031e0   Section        0  stm32f1xx_hal_i2c.o(i.I2C_MasterRequestWrite)
    I2C_MasterRequestWrite                   0x080031e1   Thumb Code   150  stm32f1xx_hal_i2c.o(i.I2C_MasterRequestWrite)
    i.I2C_RequestMemoryRead                  0x0800327c   Section        0  stm32f1xx_hal_i2c.o(i.I2C_RequestMemoryRead)
    I2C_RequestMemoryRead                    0x0800327d   Thumb Code   246  stm32f1xx_hal_i2c.o(i.I2C_RequestMemoryRead)
    i.I2C_RequestMemoryWrite                 0x08003378   Section        0  stm32f1xx_hal_i2c.o(i.I2C_RequestMemoryWrite)
    I2C_RequestMemoryWrite                   0x08003379   Thumb Code   162  stm32f1xx_hal_i2c.o(i.I2C_RequestMemoryWrite)
    i.I2C_WaitOnBTFFlagUntilTimeout          0x08003420   Section        0  stm32f1xx_hal_i2c.o(i.I2C_WaitOnBTFFlagUntilTimeout)
    I2C_WaitOnBTFFlagUntilTimeout            0x08003421   Thumb Code    86  stm32f1xx_hal_i2c.o(i.I2C_WaitOnBTFFlagUntilTimeout)
    i.I2C_WaitOnFlagUntilTimeout             0x08003478   Section        0  stm32f1xx_hal_i2c.o(i.I2C_WaitOnFlagUntilTimeout)
    I2C_WaitOnFlagUntilTimeout               0x08003479   Thumb Code   144  stm32f1xx_hal_i2c.o(i.I2C_WaitOnFlagUntilTimeout)
    i.I2C_WaitOnMasterAddressFlagUntilTimeout 0x08003508   Section        0  stm32f1xx_hal_i2c.o(i.I2C_WaitOnMasterAddressFlagUntilTimeout)
    I2C_WaitOnMasterAddressFlagUntilTimeout  0x08003509   Thumb Code   188  stm32f1xx_hal_i2c.o(i.I2C_WaitOnMasterAddressFlagUntilTimeout)
    i.I2C_WaitOnRXNEFlagUntilTimeout         0x080035c4   Section        0  stm32f1xx_hal_i2c.o(i.I2C_WaitOnRXNEFlagUntilTimeout)
    I2C_WaitOnRXNEFlagUntilTimeout           0x080035c5   Thumb Code   112  stm32f1xx_hal_i2c.o(i.I2C_WaitOnRXNEFlagUntilTimeout)
    i.I2C_WaitOnTXEFlagUntilTimeout          0x08003634   Section        0  stm32f1xx_hal_i2c.o(i.I2C_WaitOnTXEFlagUntilTimeout)
    I2C_WaitOnTXEFlagUntilTimeout            0x08003635   Thumb Code    86  stm32f1xx_hal_i2c.o(i.I2C_WaitOnTXEFlagUntilTimeout)
    i.INA226_Init                            0x0800368c   Section        0  ina226.o(i.INA226_Init)
    i.INA226_Read                            0x080036d8   Section        0  ina226.o(i.INA226_Read)
    i.INA226_Read_Bus_Voltage                0x080037cc   Section        0  ina226.o(i.INA226_Read_Bus_Voltage)
    i.INA226_Read_Current                    0x08003804   Section        0  ina226.o(i.INA226_Read_Current)
    i.INA226_Read_Pow                        0x0800383c   Section        0  ina226.o(i.INA226_Read_Pow)
    i.LED_Control                            0x08003874   Section        0  gpio.o(i.LED_Control)
    i.MX_ADC1_Init                           0x080038a4   Section        0  adc.o(i.MX_ADC1_Init)
    i.MX_DMA_Init                            0x080038f8   Section        0  dma.o(i.MX_DMA_Init)
    i.MX_GPIO_Init                           0x08003924   Section        0  gpio.o(i.MX_GPIO_Init)
    i.MX_I2C1_Init                           0x08003a44   Section        0  i2c.o(i.MX_I2C1_Init)
    i.MX_TIM3_Init                           0x08003a84   Section        0  tim.o(i.MX_TIM3_Init)
    i.MX_USART1_UART_Init                    0x08003af0   Section        0  usart.o(i.MX_USART1_UART_Init)
    i.MX_USART2_UART_Init                    0x08003b28   Section        0  usart.o(i.MX_USART2_UART_Init)
    i.MX_USART3_UART_Init                    0x08003b60   Section        0  usart.o(i.MX_USART3_UART_Init)
    i.MemManage_Handler                      0x08003b98   Section        0  stm32f1xx_it.o(i.MemManage_Handler)
    i.Modbus_Init                            0x08003b9c   Section        0  modbus.o(i.Modbus_Init)
    i.Modbus_Parse                           0x08003be0   Section        0  modbus.o(i.Modbus_Parse)
    i.NMI_Handler                            0x08003c60   Section        0  stm32f1xx_it.o(i.NMI_Handler)
    i.OLED_CLS                               0x08003c62   Section        0  oled.o(i.OLED_CLS)
    i.OLED_Fill                              0x08003c68   Section        0  oled.o(i.OLED_Fill)
    i.OLED_Init                              0x08003ca0   Section        0  oled.o(i.OLED_Init)
    i.OLED_SetPos                            0x08003d54   Section        0  oled.o(i.OLED_SetPos)
    i.OLED_ShowStr                           0x08003d7c   Section        0  oled.o(i.OLED_ShowStr)
    i.PendSV_Handler                         0x08003e54   Section        0  stm32f1xx_it.o(i.PendSV_Handler)
    i.ReadSlaveAddress                       0x08003e58   Section        0  modbus.o(i.ReadSlaveAddress)
    i.SVC_Handler                            0x08003e84   Section        0  stm32f1xx_it.o(i.SVC_Handler)
    i.SysTick_Handler                        0x08003e86   Section        0  stm32f1xx_it.o(i.SysTick_Handler)
    i.SystemClock_Config                     0x08003e88   Section        0  main.o(i.SystemClock_Config)
    i.SystemInit                             0x08003f00   Section        0  system_stm32f1xx.o(i.SystemInit)
    i.TIM1_UP_IRQHandler                     0x08003f04   Section        0  stm32f1xx_it.o(i.TIM1_UP_IRQHandler)
    i.TIM3_IRQHandler                        0x08003f10   Section        0  porttimer.o(i.TIM3_IRQHandler)
    i.TIM_Base_SetConfig                     0x08003f30   Section        0  stm32f1xx_hal_tim.o(i.TIM_Base_SetConfig)
    i.TIM_ETR_SetConfig                      0x08003fa8   Section        0  stm32f1xx_hal_tim.o(i.TIM_ETR_SetConfig)
    i.TIM_ITRx_SetConfig                     0x08003fbc   Section        0  stm32f1xx_hal_tim.o(i.TIM_ITRx_SetConfig)
    TIM_ITRx_SetConfig                       0x08003fbd   Thumb Code    16  stm32f1xx_hal_tim.o(i.TIM_ITRx_SetConfig)
    i.TIM_TI1_ConfigInputStage               0x08003fcc   Section        0  stm32f1xx_hal_tim.o(i.TIM_TI1_ConfigInputStage)
    TIM_TI1_ConfigInputStage                 0x08003fcd   Thumb Code    34  stm32f1xx_hal_tim.o(i.TIM_TI1_ConfigInputStage)
    i.TIM_TI2_ConfigInputStage               0x08003fee   Section        0  stm32f1xx_hal_tim.o(i.TIM_TI2_ConfigInputStage)
    TIM_TI2_ConfigInputStage                 0x08003fef   Thumb Code    36  stm32f1xx_hal_tim.o(i.TIM_TI2_ConfigInputStage)
    i.UART_DMAAbortOnError                   0x08004012   Section        0  stm32f1xx_hal_uart.o(i.UART_DMAAbortOnError)
    UART_DMAAbortOnError                     0x08004013   Thumb Code    16  stm32f1xx_hal_uart.o(i.UART_DMAAbortOnError)
    i.UART_EndRxTransfer                     0x08004022   Section        0  stm32f1xx_hal_uart.o(i.UART_EndRxTransfer)
    UART_EndRxTransfer                       0x08004023   Thumb Code    78  stm32f1xx_hal_uart.o(i.UART_EndRxTransfer)
    i.UART_Receive_IT                        0x08004070   Section        0  stm32f1xx_hal_uart.o(i.UART_Receive_IT)
    UART_Receive_IT                          0x08004071   Thumb Code   194  stm32f1xx_hal_uart.o(i.UART_Receive_IT)
    i.UART_SetConfig                         0x08004134   Section        0  stm32f1xx_hal_uart.o(i.UART_SetConfig)
    UART_SetConfig                           0x08004135   Thumb Code   178  stm32f1xx_hal_uart.o(i.UART_SetConfig)
    i.UART_WaitOnFlagUntilTimeout            0x080041ec   Section        0  stm32f1xx_hal_uart.o(i.UART_WaitOnFlagUntilTimeout)
    UART_WaitOnFlagUntilTimeout              0x080041ed   Thumb Code   114  stm32f1xx_hal_uart.o(i.UART_WaitOnFlagUntilTimeout)
    i.USART2_IRQHandler                      0x08004260   Section        0  portserial.o(i.USART2_IRQHandler)
    i.USART3_IRQHandler                      0x080042a4   Section        0  stm32f1xx_it.o(i.USART3_IRQHandler)
    i.UsageFault_Handler                     0x080042b0   Section        0  stm32f1xx_it.o(i.UsageFault_Handler)
    i.WriteCmd                               0x080042b4   Section        0  oled.o(i.WriteCmd)
    i.WriteDat                               0x080042d8   Section        0  oled.o(i.WriteDat)
    i.WriteSlaveAddress                      0x080042fc   Section        0  modbus.o(i.WriteSlaveAddress)
    i.__0printf                              0x08004324   Section        0  printfa.o(i.__0printf)
    i.__NVIC_SetPriority                     0x08004344   Section        0  stm32f1xx_hal_cortex.o(i.__NVIC_SetPriority)
    __NVIC_SetPriority                       0x08004345   Thumb Code    32  stm32f1xx_hal_cortex.o(i.__NVIC_SetPriority)
    i.__scatterload_copy                     0x08004364   Section       14  handlers.o(i.__scatterload_copy)
    i.__scatterload_null                     0x08004372   Section        2  handlers.o(i.__scatterload_null)
    i.__scatterload_zeroinit                 0x08004374   Section       14  handlers.o(i.__scatterload_zeroinit)
    i._fp_digits                             0x08004384   Section        0  printfa.o(i._fp_digits)
    _fp_digits                               0x08004385   Thumb Code   366  printfa.o(i._fp_digits)
    i._printf_core                           0x08004508   Section        0  printfa.o(i._printf_core)
    _printf_core                             0x08004509   Thumb Code  1744  printfa.o(i._printf_core)
    i._printf_post_padding                   0x08004be4   Section        0  printfa.o(i._printf_post_padding)
    _printf_post_padding                     0x08004be5   Thumb Code    36  printfa.o(i._printf_post_padding)
    i._printf_pre_padding                    0x08004c08   Section        0  printfa.o(i._printf_pre_padding)
    _printf_pre_padding                      0x08004c09   Thumb Code    46  printfa.o(i._printf_pre_padding)
    i.eMBASCIIInit                           0x08004c38   Section        0  mbascii.o(i.eMBASCIIInit)
    i.eMBASCIIReceive                        0x08004c68   Section        0  mbascii.o(i.eMBASCIIReceive)
    i.eMBASCIISend                           0x08004cb0   Section        0  mbascii.o(i.eMBASCIISend)
    i.eMBASCIIStart                          0x08004cf8   Section        0  mbascii.o(i.eMBASCIIStart)
    i.eMBASCIIStop                           0x08004d14   Section        0  mbascii.o(i.eMBASCIIStop)
    i.eMBClose                               0x08004d28   Section        0  mb.o(i.eMBClose)
    i.eMBDisable                             0x08004d48   Section        0  mb.o(i.eMBDisable)
    i.eMBEnable                              0x08004d68   Section        0  mb.o(i.eMBEnable)
    i.eMBFuncReadCoils                       0x08004d88   Section        0  mbfunccoils.o(i.eMBFuncReadCoils)
    i.eMBFuncReadDiscreteInputs              0x08004dfa   Section        0  mbfuncdisc.o(i.eMBFuncReadDiscreteInputs)
    i.eMBFuncReadHoldingRegister             0x08004e6c   Section        0  mbfuncholding.o(i.eMBFuncReadHoldingRegister)
    i.eMBFuncReadInputRegister               0x08004eca   Section        0  mbfuncinput.o(i.eMBFuncReadInputRegister)
    i.eMBFuncReadWriteMultipleHoldingRegister 0x08004f2c   Section        0  mbfuncholding.o(i.eMBFuncReadWriteMultipleHoldingRegister)
    i.eMBFuncReportSlaveID                   0x08004fc8   Section        0  mbfuncother.o(i.eMBFuncReportSlaveID)
    i.eMBFuncWriteCoil                       0x08004fec   Section        0  mbfunccoils.o(i.eMBFuncWriteCoil)
    i.eMBFuncWriteHoldingRegister            0x08005042   Section        0  mbfuncholding.o(i.eMBFuncWriteHoldingRegister)
    i.eMBFuncWriteMultipleCoils              0x08005074   Section        0  mbfunccoils.o(i.eMBFuncWriteMultipleCoils)
    i.eMBFuncWriteMultipleHoldingRegister    0x080050d8   Section        0  mbfuncholding.o(i.eMBFuncWriteMultipleHoldingRegister)
    i.eMBInit                                0x08005128   Section        0  mb.o(i.eMBInit)
    i.eMBPoll                                0x080051f4   Section        0  mb.o(i.eMBPoll)
    i.eMBRTUInit                             0x080052ac   Section        0  mbrtu.o(i.eMBRTUInit)
    i.eMBRTUReceive                          0x080052e8   Section        0  mbrtu.o(i.eMBRTUReceive)
    i.eMBRTUSend                             0x08005338   Section        0  mbrtu.o(i.eMBRTUSend)
    i.eMBRTUStart                            0x08005390   Section        0  mbrtu.o(i.eMBRTUStart)
    i.eMBRTUStop                             0x080053ac   Section        0  mbrtu.o(i.eMBRTUStop)
    i.eMBRegCoilsCB                          0x080053c0   Section        0  port.o(i.eMBRegCoilsCB)
    i.eMBRegDiscreteCB                       0x0800545c   Section        0  port.o(i.eMBRegDiscreteCB)
    i.eMBRegHoldingCB                        0x080054dc   Section        0  port.o(i.eMBRegHoldingCB)
    i.eMBRegInputCB                          0x08005544   Section        0  port.o(i.eMBRegInputCB)
    i.fputc                                  0x08005594   Section        0  usart.o(i.fputc)
    i.main                                   0x080055ac   Section        0  main.o(i.main)
    i.prveMBError2Exception                  0x0800564c   Section        0  mbutils.o(i.prveMBError2Exception)
    i.prvucMBBIN2CHAR                        0x08005664   Section        0  mbascii.o(i.prvucMBBIN2CHAR)
    prvucMBBIN2CHAR                          0x08005665   Thumb Code    28  mbascii.o(i.prvucMBBIN2CHAR)
    i.prvucMBLRC                             0x08005680   Section        0  mbascii.o(i.prvucMBLRC)
    prvucMBLRC                               0x08005681   Thumb Code    24  mbascii.o(i.prvucMBLRC)
    i.usMBCRC16                              0x08005698   Section        0  mbcrc.o(i.usMBCRC16)
    i.vMBPortSerialEnable                    0x080056c4   Section        0  portserial.o(i.vMBPortSerialEnable)
    i.vMBPortTimersDisable                   0x08005718   Section        0  porttimer.o(i.vMBPortTimersDisable)
    i.vMBPortTimersEnable                    0x0800571c   Section        0  porttimer.o(i.vMBPortTimersEnable)
    i.xMBASCIIReceiveFSM                     0x08005734   Section        0  mbascii.o(i.xMBASCIIReceiveFSM)
    i.xMBASCIITimerT1SExpired                0x08005818   Section        0  mbascii.o(i.xMBASCIITimerT1SExpired)
    i.xMBASCIITransmitFSM                    0x08005848   Section        0  mbascii.o(i.xMBASCIITransmitFSM)
    i.xMBPortEventGet                        0x080058f4   Section        0  portevent.o(i.xMBPortEventGet)
    i.xMBPortEventInit                       0x08005910   Section        0  portevent.o(i.xMBPortEventInit)
    i.xMBPortEventPost                       0x08005920   Section        0  portevent.o(i.xMBPortEventPost)
    i.xMBPortSerialGetByte                   0x08005930   Section        0  portserial.o(i.xMBPortSerialGetByte)
    i.xMBPortSerialInit                      0x08005940   Section        0  portserial.o(i.xMBPortSerialInit)
    i.xMBPortSerialPutByte                   0x08005990   Section        0  portserial.o(i.xMBPortSerialPutByte)
    i.xMBPortTimersInit                      0x0800599c   Section        0  porttimer.o(i.xMBPortTimersInit)
    i.xMBRTUReceiveFSM                       0x08005a10   Section        0  mbrtu.o(i.xMBRTUReceiveFSM)
    i.xMBRTUTimerT35Expired                  0x08005a78   Section        0  mbrtu.o(i.xMBRTUTimerT35Expired)
    i.xMBRTUTransmitFSM                      0x08005ab8   Section        0  mbrtu.o(i.xMBRTUTransmitFSM)
    .constdata                               0x08005b14   Section     2072  oled.o(.constdata)
    .constdata                               0x0800632c   Section       18  stm32f1xx_hal_rcc.o(.constdata)
    aPredivFactorTable                       0x0800632c   Data           2  stm32f1xx_hal_rcc.o(.constdata)
    aPLLMULFactorTable                       0x0800632e   Data          16  stm32f1xx_hal_rcc.o(.constdata)
    .constdata                               0x0800633e   Section       18  stm32f1xx_hal_rcc_ex.o(.constdata)
    aPredivFactorTable                       0x0800633e   Data           2  stm32f1xx_hal_rcc_ex.o(.constdata)
    aPLLMULFactorTable                       0x08006340   Data          16  stm32f1xx_hal_rcc_ex.o(.constdata)
    .constdata                               0x08006350   Section       16  system_stm32f1xx.o(.constdata)
    .constdata                               0x08006360   Section        8  system_stm32f1xx.o(.constdata)
    .constdata                               0x08006368   Section      512  mbcrc.o(.constdata)
    aucCRCHi                                 0x08006368   Data         256  mbcrc.o(.constdata)
    aucCRCLo                                 0x08006468   Data         256  mbcrc.o(.constdata)
    .data                                    0x20000000   Section        8  aht20.o(.data)
    .data                                    0x20000008   Section        3  modbus.o(.data)
    .data                                    0x2000000b   Section        1  gpio.o(.data)
    .data                                    0x2000000c   Section        4  stm32f1xx_it.o(.data)
    old_uwTick                               0x2000000c   Data           4  stm32f1xx_it.o(.data)
    .data                                    0x20000010   Section       12  stm32f1xx_hal.o(.data)
    .data                                    0x2000001c   Section        4  system_stm32f1xx.o(.data)
    .data                                    0x20000020   Section      172  mb.o(.data)
    eMBState                                 0x20000020   Data           1  mb.o(.data)
    ucRcvAddress                             0x20000021   Data           1  mb.o(.data)
    ucFunctionCode                           0x20000022   Data           1  mb.o(.data)
    eException                               0x20000023   Data           1  mb.o(.data)
    ucMBAddress                              0x20000024   Data           1  mb.o(.data)
    eMBCurrentMode                           0x20000025   Data           1  mb.o(.data)
    usLength                                 0x20000026   Data           2  mb.o(.data)
    ucMBFrame                                0x20000028   Data           4  mb.o(.data)
    peMBFrameSendCur                         0x2000002c   Data           4  mb.o(.data)
    pvMBFrameStartCur                        0x20000030   Data           4  mb.o(.data)
    pvMBFrameStopCur                         0x20000034   Data           4  mb.o(.data)
    peMBFrameReceiveCur                      0x20000038   Data           4  mb.o(.data)
    pvMBFrameCloseCur                        0x2000003c   Data           4  mb.o(.data)
    xFuncHandlers                            0x2000004c   Data         128  mb.o(.data)
    .data                                    0x200000cc   Section       16  mbascii.o(.data)
    eSndState                                0x200000cc   Data           1  mbascii.o(.data)
    eRcvState                                0x200000cd   Data           1  mbascii.o(.data)
    eBytePos                                 0x200000ce   Data           1  mbascii.o(.data)
    ucMBLFCharacter                          0x200000cf   Data           1  mbascii.o(.data)
    usRcvBufferPos                           0x200000d0   Data           2  mbascii.o(.data)
    usSndBufferCount                         0x200000d2   Data           2  mbascii.o(.data)
    ucASCIIBuf                               0x200000d4   Data           4  mbascii.o(.data)
    pucSndBufferCur                          0x200000d8   Data           4  mbascii.o(.data)
    .data                                    0x200000dc   Section        2  mbfuncother.o(.data)
    usMBSlaveIDLen                           0x200000dc   Data           2  mbfuncother.o(.data)
    .data                                    0x200000e0   Section       12  mbrtu.o(.data)
    eSndState                                0x200000e0   Data           1  mbrtu.o(.data)
    eRcvState                                0x200000e1   Data           1  mbrtu.o(.data)
    usSndBufferCount                         0x200000e2   Data           2  mbrtu.o(.data)
    usRcvBufferPos                           0x200000e4   Data           2  mbrtu.o(.data)
    pucSndBufferCur                          0x200000e8   Data           4  mbrtu.o(.data)
    .data                                    0x200000ec   Section       20  port.o(.data)
    .data                                    0x20000100   Section        2  portevent.o(.data)
    eQueuedEvent                             0x20000100   Data           1  portevent.o(.data)
    xEventInQueue                            0x20000101   Data           1  portevent.o(.data)
    .data                                    0x20000104   Section        4  stdout.o(.data)
    .bss                                     0x20000108   Section       48  adc.o(.bss)
    .bss                                     0x20000138   Section      596  i2c.o(.bss)
    src                                      0x20000138   Data         256  i2c.o(.bss)
    dst                                      0x20000238   Data         256  i2c.o(.bss)
    .bss                                     0x2000038c   Section       72  tim.o(.bss)
    .bss                                     0x200003d4   Section      284  usart.o(.bss)
    .bss                                     0x200004f0   Section       72  stm32f1xx_hal_timebase_tim.o(.bss)
    .bss                                     0x20000538   Section       32  mbfuncother.o(.bss)
    ucMBSlaveID                              0x20000538   Data          32  mbfuncother.o(.bss)
    .bss                                     0x20000558   Section      256  mbrtu.o(.bss)
    .bss                                     0x20000658   Section       40  port.o(.bss)
    STACK                                    0x20000680   Section     1024  startup_stm32f103xb.o(STACK)

    Global Symbols

    Symbol Name                              Value     Ov Type        Size  Object(Section)

    BuildAttributes$$THM_ISAv4$P$D$K$B$S$PE$A:L22UL41UL21$X:L11$S22US41US21$IEEE1$IW$USESV6$~STKCKD$USESV7$~SHL$OTIME$ROPI$EBA8$MICROLIB$REQ8$PRES8$EABIv2 0x00000000   Number         0  anon$$obj.o ABSOLUTE
    __ARM_use_no_argv                        0x00000000   Number         0  main.o ABSOLUTE
    _printf_a                                0x00000000   Number         0  stubs.o ABSOLUTE
    _printf_c                                0x00000000   Number         0  stubs.o ABSOLUTE
    _printf_charcount                        0x00000000   Number         0  stubs.o ABSOLUTE
    _printf_d                                0x00000000   Number         0  stubs.o ABSOLUTE
    _printf_e                                0x00000000   Number         0  stubs.o ABSOLUTE
    _printf_f                                0x00000000   Number         0  stubs.o ABSOLUTE
    _printf_flags                            0x00000000   Number         0  stubs.o ABSOLUTE
    _printf_fp_dec                           0x00000000   Number         0  stubs.o ABSOLUTE
    _printf_fp_hex                           0x00000000   Number         0  stubs.o ABSOLUTE
    _printf_g                                0x00000000   Number         0  stubs.o ABSOLUTE
    _printf_i                                0x00000000   Number         0  stubs.o ABSOLUTE
    _printf_int_dec                          0x00000000   Number         0  stubs.o ABSOLUTE
    _printf_l                                0x00000000   Number         0  stubs.o ABSOLUTE
    _printf_lc                               0x00000000   Number         0  stubs.o ABSOLUTE
    _printf_ll                               0x00000000   Number         0  stubs.o ABSOLUTE
    _printf_lld                              0x00000000   Number         0  stubs.o ABSOLUTE
    _printf_lli                              0x00000000   Number         0  stubs.o ABSOLUTE
    _printf_llo                              0x00000000   Number         0  stubs.o ABSOLUTE
    _printf_llu                              0x00000000   Number         0  stubs.o ABSOLUTE
    _printf_llx                              0x00000000   Number         0  stubs.o ABSOLUTE
    _printf_longlong_dec                     0x00000000   Number         0  stubs.o ABSOLUTE
    _printf_longlong_hex                     0x00000000   Number         0  stubs.o ABSOLUTE
    _printf_longlong_oct                     0x00000000   Number         0  stubs.o ABSOLUTE
    _printf_ls                               0x00000000   Number         0  stubs.o ABSOLUTE
    _printf_mbtowc                           0x00000000   Number         0  stubs.o ABSOLUTE
    _printf_n                                0x00000000   Number         0  stubs.o ABSOLUTE
    _printf_o                                0x00000000   Number         0  stubs.o ABSOLUTE
    _printf_p                                0x00000000   Number         0  stubs.o ABSOLUTE
    _printf_percent                          0x00000000   Number         0  stubs.o ABSOLUTE
    _printf_pre_padding                      0x00000000   Number         0  stubs.o ABSOLUTE
    _printf_return_value                     0x00000000   Number         0  stubs.o ABSOLUTE
    _printf_s                                0x00000000   Number         0  stubs.o ABSOLUTE
    _printf_sizespec                         0x00000000   Number         0  stubs.o ABSOLUTE
    _printf_str                              0x00000000   Number         0  stubs.o ABSOLUTE
    _printf_truncate_signed                  0x00000000   Number         0  stubs.o ABSOLUTE
    _printf_truncate_unsigned                0x00000000   Number         0  stubs.o ABSOLUTE
    _printf_u                                0x00000000   Number         0  stubs.o ABSOLUTE
    _printf_wc                               0x00000000   Number         0  stubs.o ABSOLUTE
    _printf_wctomb                           0x00000000   Number         0  stubs.o ABSOLUTE
    _printf_widthprec                        0x00000000   Number         0  stubs.o ABSOLUTE
    _printf_x                                0x00000000   Number         0  stubs.o ABSOLUTE
    __cpp_initialize__aeabi_                  - Undefined Weak Reference
    __cxa_finalize                            - Undefined Weak Reference
    __decompress                              - Undefined Weak Reference
    _clock_init                               - Undefined Weak Reference
    _microlib_exit                            - Undefined Weak Reference
    __Vectors_Size                           0x000000ec   Number         0  startup_stm32f103xb.o ABSOLUTE
    __Vectors                                0x08000000   Data           4  startup_stm32f103xb.o(RESET)
    __Vectors_End                            0x080000ec   Data           0  startup_stm32f103xb.o(RESET)
    __main                                   0x080000ed   Thumb Code     0  entry.o(.ARM.Collect$$$$00000000)
    _main_stk                                0x080000ed   Thumb Code     0  entry2.o(.ARM.Collect$$$$00000001)
    _main_scatterload                        0x080000f1   Thumb Code     0  entry5.o(.ARM.Collect$$$$00000004)
    __main_after_scatterload                 0x080000f5   Thumb Code     0  entry5.o(.ARM.Collect$$$$00000004)
    _main_clock                              0x080000f5   Thumb Code     0  entry7b.o(.ARM.Collect$$$$00000008)
    _main_cpp_init                           0x080000f5   Thumb Code     0  entry8b.o(.ARM.Collect$$$$0000000A)
    _main_init                               0x080000f5   Thumb Code     0  entry9a.o(.ARM.Collect$$$$0000000B)
    __rt_final_cpp                           0x080000fd   Thumb Code     0  entry10a.o(.ARM.Collect$$$$0000000D)
    __rt_final_exit                          0x080000fd   Thumb Code     0  entry11a.o(.ARM.Collect$$$$0000000F)
    Reset_Handler                            0x08000101   Thumb Code     8  startup_stm32f103xb.o(.text)
    ADC1_2_IRQHandler                        0x0800011b   Thumb Code     0  startup_stm32f103xb.o(.text)
    CAN1_RX1_IRQHandler                      0x0800011b   Thumb Code     0  startup_stm32f103xb.o(.text)
    CAN1_SCE_IRQHandler                      0x0800011b   Thumb Code     0  startup_stm32f103xb.o(.text)
    DMA1_Channel1_IRQHandler                 0x0800011b   Thumb Code     0  startup_stm32f103xb.o(.text)
    DMA1_Channel2_IRQHandler                 0x0800011b   Thumb Code     0  startup_stm32f103xb.o(.text)
    DMA1_Channel4_IRQHandler                 0x0800011b   Thumb Code     0  startup_stm32f103xb.o(.text)
    DMA1_Channel5_IRQHandler                 0x0800011b   Thumb Code     0  startup_stm32f103xb.o(.text)
    DMA1_Channel6_IRQHandler                 0x0800011b   Thumb Code     0  startup_stm32f103xb.o(.text)
    DMA1_Channel7_IRQHandler                 0x0800011b   Thumb Code     0  startup_stm32f103xb.o(.text)
    EXTI0_IRQHandler                         0x0800011b   Thumb Code     0  startup_stm32f103xb.o(.text)
    EXTI1_IRQHandler                         0x0800011b   Thumb Code     0  startup_stm32f103xb.o(.text)
    EXTI2_IRQHandler                         0x0800011b   Thumb Code     0  startup_stm32f103xb.o(.text)
    EXTI3_IRQHandler                         0x0800011b   Thumb Code     0  startup_stm32f103xb.o(.text)
    EXTI4_IRQHandler                         0x0800011b   Thumb Code     0  startup_stm32f103xb.o(.text)
    FLASH_IRQHandler                         0x0800011b   Thumb Code     0  startup_stm32f103xb.o(.text)
    I2C1_ER_IRQHandler                       0x0800011b   Thumb Code     0  startup_stm32f103xb.o(.text)
    I2C1_EV_IRQHandler                       0x0800011b   Thumb Code     0  startup_stm32f103xb.o(.text)
    I2C2_ER_IRQHandler                       0x0800011b   Thumb Code     0  startup_stm32f103xb.o(.text)
    I2C2_EV_IRQHandler                       0x0800011b   Thumb Code     0  startup_stm32f103xb.o(.text)
    PVD_IRQHandler                           0x0800011b   Thumb Code     0  startup_stm32f103xb.o(.text)
    RCC_IRQHandler                           0x0800011b   Thumb Code     0  startup_stm32f103xb.o(.text)
    RTC_Alarm_IRQHandler                     0x0800011b   Thumb Code     0  startup_stm32f103xb.o(.text)
    RTC_IRQHandler                           0x0800011b   Thumb Code     0  startup_stm32f103xb.o(.text)
    SPI1_IRQHandler                          0x0800011b   Thumb Code     0  startup_stm32f103xb.o(.text)
    SPI2_IRQHandler                          0x0800011b   Thumb Code     0  startup_stm32f103xb.o(.text)
    TAMPER_IRQHandler                        0x0800011b   Thumb Code     0  startup_stm32f103xb.o(.text)
    TIM1_BRK_IRQHandler                      0x0800011b   Thumb Code     0  startup_stm32f103xb.o(.text)
    TIM1_CC_IRQHandler                       0x0800011b   Thumb Code     0  startup_stm32f103xb.o(.text)
    TIM1_TRG_COM_IRQHandler                  0x0800011b   Thumb Code     0  startup_stm32f103xb.o(.text)
    TIM2_IRQHandler                          0x0800011b   Thumb Code     0  startup_stm32f103xb.o(.text)
    TIM4_IRQHandler                          0x0800011b   Thumb Code     0  startup_stm32f103xb.o(.text)
    USART1_IRQHandler                        0x0800011b   Thumb Code     0  startup_stm32f103xb.o(.text)
    USBWakeUp_IRQHandler                     0x0800011b   Thumb Code     0  startup_stm32f103xb.o(.text)
    USB_HP_CAN1_TX_IRQHandler                0x0800011b   Thumb Code     0  startup_stm32f103xb.o(.text)
    USB_LP_CAN1_RX0_IRQHandler               0x0800011b   Thumb Code     0  startup_stm32f103xb.o(.text)
    WWDG_IRQHandler                          0x0800011b   Thumb Code     0  startup_stm32f103xb.o(.text)
    __aeabi_llsr                             0x08000125   Thumb Code    32  llushr.o(.text)
    _ll_ushift_r                             0x08000125   Thumb Code     0  llushr.o(.text)
    __aeabi_memcpy                           0x08000145   Thumb Code    36  memcpya.o(.text)
    __aeabi_memcpy4                          0x08000145   Thumb Code     0  memcpya.o(.text)
    __aeabi_memcpy8                          0x08000145   Thumb Code     0  memcpya.o(.text)
    __aeabi_memset                           0x08000169   Thumb Code    14  memseta.o(.text)
    __aeabi_memset4                          0x08000169   Thumb Code     0  memseta.o(.text)
    __aeabi_memset8                          0x08000169   Thumb Code     0  memseta.o(.text)
    __aeabi_memclr                           0x08000177   Thumb Code     4  memseta.o(.text)
    __aeabi_memclr4                          0x08000177   Thumb Code     0  memseta.o(.text)
    __aeabi_memclr8                          0x08000177   Thumb Code     0  memseta.o(.text)
    _memset$wrapper                          0x0800017b   Thumb Code    18  memseta.o(.text)
    __aeabi_fmul                             0x0800018d   Thumb Code   100  fmul.o(.text)
    __aeabi_fdiv                             0x080001f1   Thumb Code   124  fdiv.o(.text)
    __aeabi_dadd                             0x0800026d   Thumb Code   322  dadd.o(.text)
    __aeabi_dsub                             0x080003af   Thumb Code     6  dadd.o(.text)
    __aeabi_drsub                            0x080003b5   Thumb Code     6  dadd.o(.text)
    __aeabi_dmul                             0x080003bb   Thumb Code   228  dmul.o(.text)
    __aeabi_ddiv                             0x0800049f   Thumb Code   222  ddiv.o(.text)
    __ARM_scalbn                             0x0800057d   Thumb Code    46  dscalb.o(.text)
    scalbn                                   0x0800057d   Thumb Code     0  dscalb.o(.text)
    __aeabi_ui2f                             0x080005ab   Thumb Code    10  ffltui.o(.text)
    __aeabi_ui2d                             0x080005b5   Thumb Code    26  dfltui.o(.text)
    __aeabi_f2uiz                            0x080005cf   Thumb Code    40  ffixui.o(.text)
    __aeabi_f2d                              0x080005f7   Thumb Code    38  f2d.o(.text)
    __aeabi_d2f                              0x0800061d   Thumb Code    56  d2f.o(.text)
    __aeabi_uidiv                            0x08000655   Thumb Code     0  uidiv.o(.text)
    __aeabi_uidivmod                         0x08000655   Thumb Code    44  uidiv.o(.text)
    __aeabi_uldivmod                         0x08000681   Thumb Code    98  uldiv.o(.text)
    __aeabi_llsl                             0x080006e3   Thumb Code    30  llshl.o(.text)
    _ll_shift_l                              0x080006e3   Thumb Code     0  llshl.o(.text)
    __aeabi_lasr                             0x08000701   Thumb Code    36  llsshr.o(.text)
    _ll_sshift_r                             0x08000701   Thumb Code     0  llsshr.o(.text)
    __I$use$fp                               0x08000725   Thumb Code     0  iusefp.o(.text)
    _float_round                             0x08000725   Thumb Code    18  fepilogue.o(.text)
    _float_epilogue                          0x08000737   Thumb Code    92  fepilogue.o(.text)
    _double_round                            0x08000793   Thumb Code    30  depilogue.o(.text)
    _double_epilogue                         0x080007b1   Thumb Code   156  depilogue.o(.text)
    __aeabi_d2ulz                            0x0800084d   Thumb Code    48  dfixul.o(.text)
    __aeabi_cdrcmple                         0x0800087d   Thumb Code    48  cdrcmple.o(.text)
    __scatterload                            0x080008ad   Thumb Code    28  init.o(.text)
    __scatterload_rt2                        0x080008ad   Thumb Code     0  init.o(.text)
    ADC_ConversionStop_Disable               0x080008d1   Thumb Code    86  stm32f1xx_hal_adc.o(i.ADC_ConversionStop_Disable)
    ADC_Enable                               0x08000929   Thumb Code   114  stm32f1xx_hal_adc.o(i.ADC_Enable)
    ADC_VR_CPU_Read                          0x080009a5   Thumb Code   260  adc.o(i.ADC_VR_CPU_Read)
    AHT20_DeInit                             0x08000ad1   Thumb Code    40  aht20.o(i.AHT20_DeInit)
    AHT20_Init                               0x08000afd   Thumb Code    58  aht20.o(i.AHT20_Init)
    AHT20_ReadData                           0x08000b3d   Thumb Code   250  aht20.o(i.AHT20_ReadData)
    AHT20_Read_Status                        0x08000c51   Thumb Code    26  aht20.o(i.AHT20_Read_Status)
    BusFault_Handler                         0x08000c71   Thumb Code     2  stm32f1xx_it.o(i.BusFault_Handler)
    DMA1_Channel3_IRQHandler                 0x08000c75   Thumb Code     6  stm32f1xx_it.o(i.DMA1_Channel3_IRQHandler)
    DebugMon_Handler                         0x08000c81   Thumb Code     2  stm32f1xx_it.o(i.DebugMon_Handler)
    EXTI15_10_IRQHandler                     0x08000c83   Thumb Code    38  stm32f1xx_it.o(i.EXTI15_10_IRQHandler)
    EXTI9_5_IRQHandler                       0x08000ca9   Thumb Code    20  stm32f1xx_it.o(i.EXTI9_5_IRQHandler)
    Error_Handler                            0x08000cbd   Thumb Code     4  main.o(i.Error_Handler)
    HAL_ADCEx_Calibration_Start              0x08000cc1   Thumb Code   210  stm32f1xx_hal_adc_ex.o(i.HAL_ADCEx_Calibration_Start)
    HAL_ADC_ConfigChannel                    0x08000d99   Thumb Code   240  stm32f1xx_hal_adc.o(i.HAL_ADC_ConfigChannel)
    HAL_ADC_GetValue                         0x08000e95   Thumb Code     6  stm32f1xx_hal_adc.o(i.HAL_ADC_GetValue)
    HAL_ADC_Init                             0x08000e9d   Thumb Code   272  stm32f1xx_hal_adc.o(i.HAL_ADC_Init)
    HAL_ADC_MspInit                          0x08000fb9   Thumb Code    76  adc.o(i.HAL_ADC_MspInit)
    HAL_ADC_PollForConversion                0x08001011   Thumb Code   304  stm32f1xx_hal_adc.o(i.HAL_ADC_PollForConversion)
    HAL_ADC_Start                            0x0800114d   Thumb Code   184  stm32f1xx_hal_adc.o(i.HAL_ADC_Start)
    HAL_DMA_Abort                            0x0800120d   Thumb Code    70  stm32f1xx_hal_dma.o(i.HAL_DMA_Abort)
    HAL_DMA_Abort_IT                         0x08001255   Thumb Code   148  stm32f1xx_hal_dma.o(i.HAL_DMA_Abort_IT)
    HAL_DMA_IRQHandler                       0x080012ed   Thumb Code   316  stm32f1xx_hal_dma.o(i.HAL_DMA_IRQHandler)
    HAL_DMA_Init                             0x08001441   Thumb Code    84  stm32f1xx_hal_dma.o(i.HAL_DMA_Init)
    HAL_Delay                                0x0800149d   Thumb Code    32  stm32f1xx_hal.o(i.HAL_Delay)
    HAL_GPIO_EXTI_Callback                   0x080014c1   Thumb Code    82  stm32f1xx_it.o(i.HAL_GPIO_EXTI_Callback)
    HAL_GPIO_EXTI_IRQHandler                 0x08001521   Thumb Code    18  stm32f1xx_hal_gpio.o(i.HAL_GPIO_EXTI_IRQHandler)
    HAL_GPIO_Init                            0x08001539   Thumb Code   446  stm32f1xx_hal_gpio.o(i.HAL_GPIO_Init)
    HAL_GPIO_WritePin                        0x08001719   Thumb Code    10  stm32f1xx_hal_gpio.o(i.HAL_GPIO_WritePin)
    HAL_GetTick                              0x08001725   Thumb Code     6  stm32f1xx_hal.o(i.HAL_GetTick)
    HAL_I2C_Init                             0x08001731   Thumb Code   376  stm32f1xx_hal_i2c.o(i.HAL_I2C_Init)
    HAL_I2C_Master_Receive                   0x080018b9   Thumb Code   576  stm32f1xx_hal_i2c.o(i.HAL_I2C_Master_Receive)
    HAL_I2C_Master_Transmit                  0x08001b09   Thumb Code   290  stm32f1xx_hal_i2c.o(i.HAL_I2C_Master_Transmit)
    HAL_I2C_Mem_Read                         0x08001c35   Thumb Code   586  stm32f1xx_hal_i2c.o(i.HAL_I2C_Mem_Read)
    HAL_I2C_Mem_Write                        0x08001e91   Thumb Code   294  stm32f1xx_hal_i2c.o(i.HAL_I2C_Mem_Write)
    HAL_I2C_MspInit                          0x08001fc1   Thumb Code    80  i2c.o(i.HAL_I2C_MspInit)
    HAL_IncTick                              0x0800201d   Thumb Code    12  stm32f1xx_hal.o(i.HAL_IncTick)
    HAL_Init                                 0x0800202d   Thumb Code    32  stm32f1xx_hal.o(i.HAL_Init)
    HAL_InitTick                             0x08002051   Thumb Code   118  stm32f1xx_hal_timebase_tim.o(i.HAL_InitTick)
    HAL_MspInit                              0x080020dd   Thumb Code    52  stm32f1xx_hal_msp.o(i.HAL_MspInit)
    HAL_NVIC_EnableIRQ                       0x08002119   Thumb Code    26  stm32f1xx_hal_cortex.o(i.HAL_NVIC_EnableIRQ)
    HAL_NVIC_SetPriority                     0x08002135   Thumb Code    60  stm32f1xx_hal_cortex.o(i.HAL_NVIC_SetPriority)
    HAL_NVIC_SetPriorityGrouping             0x08002175   Thumb Code    26  stm32f1xx_hal_cortex.o(i.HAL_NVIC_SetPriorityGrouping)
    HAL_RCCEx_GetPeriphCLKFreq               0x08002199   Thumb Code   148  stm32f1xx_hal_rcc_ex.o(i.HAL_RCCEx_GetPeriphCLKFreq)
    HAL_RCCEx_PeriphCLKConfig                0x0800223d   Thumb Code   224  stm32f1xx_hal_rcc_ex.o(i.HAL_RCCEx_PeriphCLKConfig)
    HAL_RCC_ClockConfig                      0x08002329   Thumb Code   280  stm32f1xx_hal_rcc.o(i.HAL_RCC_ClockConfig)
    HAL_RCC_GetClockConfig                   0x08002455   Thumb Code    54  stm32f1xx_hal_rcc.o(i.HAL_RCC_GetClockConfig)
    HAL_RCC_GetPCLK1Freq                     0x08002495   Thumb Code    20  stm32f1xx_hal_rcc.o(i.HAL_RCC_GetPCLK1Freq)
    HAL_RCC_GetPCLK2Freq                     0x080024b5   Thumb Code    20  stm32f1xx_hal_rcc.o(i.HAL_RCC_GetPCLK2Freq)
    HAL_RCC_GetSysClockFreq                  0x080024d5   Thumb Code    58  stm32f1xx_hal_rcc.o(i.HAL_RCC_GetSysClockFreq)
    HAL_RCC_OscConfig                        0x08002521   Thumb Code   778  stm32f1xx_hal_rcc.o(i.HAL_RCC_OscConfig)
    HAL_TIMEx_BreakCallback                  0x08002841   Thumb Code     2  stm32f1xx_hal_tim_ex.o(i.HAL_TIMEx_BreakCallback)
    HAL_TIMEx_CommutCallback                 0x08002843   Thumb Code     2  stm32f1xx_hal_tim_ex.o(i.HAL_TIMEx_CommutCallback)
    HAL_TIMEx_MasterConfigSynchronization    0x08002845   Thumb Code    92  stm32f1xx_hal_tim_ex.o(i.HAL_TIMEx_MasterConfigSynchronization)
    HAL_TIM_Base_Init                        0x080028ad   Thumb Code    90  stm32f1xx_hal_tim.o(i.HAL_TIM_Base_Init)
    HAL_TIM_Base_MspInit                     0x08002909   Thumb Code    50  tim.o(i.HAL_TIM_Base_MspInit)
    HAL_TIM_Base_Start_IT                    0x08002945   Thumb Code    76  stm32f1xx_hal_tim.o(i.HAL_TIM_Base_Start_IT)
    HAL_TIM_ConfigClockSource                0x0800299d   Thumb Code   220  stm32f1xx_hal_tim.o(i.HAL_TIM_ConfigClockSource)
    HAL_TIM_IC_CaptureCallback               0x08002a79   Thumb Code     2  stm32f1xx_hal_tim.o(i.HAL_TIM_IC_CaptureCallback)
    HAL_TIM_IRQHandler                       0x08002a7b   Thumb Code   304  stm32f1xx_hal_tim.o(i.HAL_TIM_IRQHandler)
    HAL_TIM_OC_DelayElapsedCallback          0x08002bab   Thumb Code     2  stm32f1xx_hal_tim.o(i.HAL_TIM_OC_DelayElapsedCallback)
    HAL_TIM_PWM_PulseFinishedCallback        0x08002bad   Thumb Code     2  stm32f1xx_hal_tim.o(i.HAL_TIM_PWM_PulseFinishedCallback)
    HAL_TIM_PeriodElapsedCallback            0x08002bb1   Thumb Code    38  main.o(i.HAL_TIM_PeriodElapsedCallback)
    HAL_TIM_TriggerCallback                  0x08002bed   Thumb Code     2  stm32f1xx_hal_tim.o(i.HAL_TIM_TriggerCallback)
    HAL_UARTEx_RxEventCallback               0x08002bef   Thumb Code     2  stm32f1xx_hal_uart.o(i.HAL_UARTEx_RxEventCallback)
    HAL_UART_ErrorCallback                   0x08002bf1   Thumb Code     2  stm32f1xx_hal_uart.o(i.HAL_UART_ErrorCallback)
    HAL_UART_IRQHandler                      0x08002bf5   Thumb Code   616  stm32f1xx_hal_uart.o(i.HAL_UART_IRQHandler)
    HAL_UART_Init                            0x08002e61   Thumb Code   100  stm32f1xx_hal_uart.o(i.HAL_UART_Init)
    HAL_UART_MspInit                         0x08002ec5   Thumb Code   314  usart.o(i.HAL_UART_MspInit)
    HAL_UART_RxCpltCallback                  0x08003021   Thumb Code     2  stm32f1xx_hal_uart.o(i.HAL_UART_RxCpltCallback)
    HAL_UART_Transmit                        0x08003023   Thumb Code   160  stm32f1xx_hal_uart.o(i.HAL_UART_Transmit)
    HAL_UART_TxCpltCallback                  0x080030c3   Thumb Code     2  stm32f1xx_hal_uart.o(i.HAL_UART_TxCpltCallback)
    HardFault_Handler                        0x080030c5   Thumb Code     2  stm32f1xx_it.o(i.HardFault_Handler)
    INA226_Init                              0x0800368d   Thumb Code    72  ina226.o(i.INA226_Init)
    INA226_Read                              0x080036d9   Thumb Code   164  ina226.o(i.INA226_Read)
    INA226_Read_Bus_Voltage                  0x080037cd   Thumb Code    46  ina226.o(i.INA226_Read_Bus_Voltage)
    INA226_Read_Current                      0x08003805   Thumb Code    46  ina226.o(i.INA226_Read_Current)
    INA226_Read_Pow                          0x0800383d   Thumb Code    46  ina226.o(i.INA226_Read_Pow)
    LED_Control                              0x08003875   Thumb Code    42  gpio.o(i.LED_Control)
    MX_ADC1_Init                             0x080038a5   Thumb Code    74  adc.o(i.MX_ADC1_Init)
    MX_DMA_Init                              0x080038f9   Thumb Code    40  dma.o(i.MX_DMA_Init)
    MX_GPIO_Init                             0x08003925   Thumb Code   266  gpio.o(i.MX_GPIO_Init)
    MX_I2C1_Init                             0x08003a45   Thumb Code    50  i2c.o(i.MX_I2C1_Init)
    MX_TIM3_Init                             0x08003a85   Thumb Code    98  tim.o(i.MX_TIM3_Init)
    MX_USART1_UART_Init                      0x08003af1   Thumb Code    48  usart.o(i.MX_USART1_UART_Init)
    MX_USART2_UART_Init                      0x08003b29   Thumb Code    48  usart.o(i.MX_USART2_UART_Init)
    MX_USART3_UART_Init                      0x08003b61   Thumb Code    48  usart.o(i.MX_USART3_UART_Init)
    MemManage_Handler                        0x08003b99   Thumb Code     2  stm32f1xx_it.o(i.MemManage_Handler)
    Modbus_Init                              0x08003b9d   Thumb Code    44  modbus.o(i.Modbus_Init)
    Modbus_Parse                             0x08003be1   Thumb Code   118  modbus.o(i.Modbus_Parse)
    NMI_Handler                              0x08003c61   Thumb Code     2  stm32f1xx_it.o(i.NMI_Handler)
    OLED_CLS                                 0x08003c63   Thumb Code     6  oled.o(i.OLED_CLS)
    OLED_Fill                                0x08003c69   Thumb Code    56  oled.o(i.OLED_Fill)
    OLED_Init                                0x08003ca1   Thumb Code   180  oled.o(i.OLED_Init)
    OLED_SetPos                              0x08003d55   Thumb Code    38  oled.o(i.OLED_SetPos)
    OLED_ShowStr                             0x08003d7d   Thumb Code   208  oled.o(i.OLED_ShowStr)
    PendSV_Handler                           0x08003e55   Thumb Code     2  stm32f1xx_it.o(i.PendSV_Handler)
    ReadSlaveAddress                         0x08003e59   Thumb Code    38  modbus.o(i.ReadSlaveAddress)
    SVC_Handler                              0x08003e85   Thumb Code     2  stm32f1xx_it.o(i.SVC_Handler)
    SysTick_Handler                          0x08003e87   Thumb Code     2  stm32f1xx_it.o(i.SysTick_Handler)
    SystemClock_Config                       0x08003e89   Thumb Code   120  main.o(i.SystemClock_Config)
    SystemInit                               0x08003f01   Thumb Code     2  system_stm32f1xx.o(i.SystemInit)
    TIM1_UP_IRQHandler                       0x08003f05   Thumb Code     6  stm32f1xx_it.o(i.TIM1_UP_IRQHandler)
    TIM3_IRQHandler                          0x08003f11   Thumb Code    24  porttimer.o(i.TIM3_IRQHandler)
    TIM_Base_SetConfig                       0x08003f31   Thumb Code   108  stm32f1xx_hal_tim.o(i.TIM_Base_SetConfig)
    TIM_ETR_SetConfig                        0x08003fa9   Thumb Code    20  stm32f1xx_hal_tim.o(i.TIM_ETR_SetConfig)
    USART2_IRQHandler                        0x08004261   Thumb Code    56  portserial.o(i.USART2_IRQHandler)
    USART3_IRQHandler                        0x080042a5   Thumb Code     6  stm32f1xx_it.o(i.USART3_IRQHandler)
    UsageFault_Handler                       0x080042b1   Thumb Code     2  stm32f1xx_it.o(i.UsageFault_Handler)
    WriteCmd                                 0x080042b5   Thumb Code    32  oled.o(i.WriteCmd)
    WriteDat                                 0x080042d9   Thumb Code    32  oled.o(i.WriteDat)
    WriteSlaveAddress                        0x080042fd   Thumb Code    34  modbus.o(i.WriteSlaveAddress)
    __0printf                                0x08004325   Thumb Code    22  printfa.o(i.__0printf)
    __1printf                                0x08004325   Thumb Code     0  printfa.o(i.__0printf)
    __2printf                                0x08004325   Thumb Code     0  printfa.o(i.__0printf)
    __c89printf                              0x08004325   Thumb Code     0  printfa.o(i.__0printf)
    printf                                   0x08004325   Thumb Code     0  printfa.o(i.__0printf)
    __scatterload_copy                       0x08004365   Thumb Code    14  handlers.o(i.__scatterload_copy)
    __scatterload_null                       0x08004373   Thumb Code     2  handlers.o(i.__scatterload_null)
    __scatterload_zeroinit                   0x08004375   Thumb Code    14  handlers.o(i.__scatterload_zeroinit)
    eMBASCIIInit                             0x08004c39   Thumb Code    44  mbascii.o(i.eMBASCIIInit)
    eMBASCIIReceive                          0x08004c69   Thumb Code    68  mbascii.o(i.eMBASCIIReceive)
    eMBASCIISend                             0x08004cb1   Thumb Code    68  mbascii.o(i.eMBASCIISend)
    eMBASCIIStart                            0x08004cf9   Thumb Code    24  mbascii.o(i.eMBASCIIStart)
    eMBASCIIStop                             0x08004d15   Thumb Code    18  mbascii.o(i.eMBASCIIStop)
    eMBClose                                 0x08004d29   Thumb Code    28  mb.o(i.eMBClose)
    eMBDisable                               0x08004d49   Thumb Code    28  mb.o(i.eMBDisable)
    eMBEnable                                0x08004d69   Thumb Code    28  mb.o(i.eMBEnable)
    eMBFuncReadCoils                         0x08004d89   Thumb Code   114  mbfunccoils.o(i.eMBFuncReadCoils)
    eMBFuncReadDiscreteInputs                0x08004dfb   Thumb Code   114  mbfuncdisc.o(i.eMBFuncReadDiscreteInputs)
    eMBFuncReadHoldingRegister               0x08004e6d   Thumb Code    94  mbfuncholding.o(i.eMBFuncReadHoldingRegister)
    eMBFuncReadInputRegister                 0x08004ecb   Thumb Code    98  mbfuncinput.o(i.eMBFuncReadInputRegister)
    eMBFuncReadWriteMultipleHoldingRegister  0x08004f2d   Thumb Code   156  mbfuncholding.o(i.eMBFuncReadWriteMultipleHoldingRegister)
    eMBFuncReportSlaveID                     0x08004fc9   Thumb Code    26  mbfuncother.o(i.eMBFuncReportSlaveID)
    eMBFuncWriteCoil                         0x08004fed   Thumb Code    86  mbfunccoils.o(i.eMBFuncWriteCoil)
    eMBFuncWriteHoldingRegister              0x08005043   Thumb Code    50  mbfuncholding.o(i.eMBFuncWriteHoldingRegister)
    eMBFuncWriteMultipleCoils                0x08005075   Thumb Code   100  mbfunccoils.o(i.eMBFuncWriteMultipleCoils)
    eMBFuncWriteMultipleHoldingRegister      0x080050d9   Thumb Code    78  mbfuncholding.o(i.eMBFuncWriteMultipleHoldingRegister)
    eMBInit                                  0x08005129   Thumb Code   144  mb.o(i.eMBInit)
    eMBPoll                                  0x080051f5   Thumb Code   178  mb.o(i.eMBPoll)
    eMBRTUInit                               0x080052ad   Thumb Code    54  mbrtu.o(i.eMBRTUInit)
    eMBRTUReceive                            0x080052e9   Thumb Code    70  mbrtu.o(i.eMBRTUReceive)
    eMBRTUSend                               0x08005339   Thumb Code    80  mbrtu.o(i.eMBRTUSend)
    eMBRTUStart                              0x08005391   Thumb Code    24  mbrtu.o(i.eMBRTUStart)
    eMBRTUStop                               0x080053ad   Thumb Code    18  mbrtu.o(i.eMBRTUStop)
    eMBRegCoilsCB                            0x080053c1   Thumb Code   152  port.o(i.eMBRegCoilsCB)
    eMBRegDiscreteCB                         0x0800545d   Thumb Code   122  port.o(i.eMBRegDiscreteCB)
    eMBRegHoldingCB                          0x080054dd   Thumb Code    94  port.o(i.eMBRegHoldingCB)
    eMBRegInputCB                            0x08005545   Thumb Code    74  port.o(i.eMBRegInputCB)
    fputc                                    0x08005595   Thumb Code    20  usart.o(i.fputc)
    main                                     0x080055ad   Thumb Code   102  main.o(i.main)
    prveMBError2Exception                    0x0800564d   Thumb Code    24  mbutils.o(i.prveMBError2Exception)
    usMBCRC16                                0x08005699   Thumb Code    40  mbcrc.o(i.usMBCRC16)
    vMBPortSerialEnable                      0x080056c5   Thumb Code    76  portserial.o(i.vMBPortSerialEnable)
    vMBPortTimersDisable                     0x08005719   Thumb Code     2  porttimer.o(i.vMBPortTimersDisable)
    vMBPortTimersEnable                      0x0800571d   Thumb Code    20  porttimer.o(i.vMBPortTimersEnable)
    xMBASCIIReceiveFSM                       0x08005735   Thumb Code   222  mbascii.o(i.xMBASCIIReceiveFSM)
    xMBASCIITimerT1SExpired                  0x08005819   Thumb Code    42  mbascii.o(i.xMBASCIITimerT1SExpired)
    xMBASCIITransmitFSM                      0x08005849   Thumb Code   168  mbascii.o(i.xMBASCIITransmitFSM)
    xMBPortEventGet                          0x080058f5   Thumb Code    24  portevent.o(i.xMBPortEventGet)
    xMBPortEventInit                         0x08005911   Thumb Code    10  portevent.o(i.xMBPortEventInit)
    xMBPortEventPost                         0x08005921   Thumb Code    12  portevent.o(i.xMBPortEventPost)
    xMBPortSerialGetByte                     0x08005931   Thumb Code    10  portserial.o(i.xMBPortSerialGetByte)
    xMBPortSerialInit                        0x08005941   Thumb Code    70  portserial.o(i.xMBPortSerialInit)
    xMBPortSerialPutByte                     0x08005991   Thumb Code     8  portserial.o(i.xMBPortSerialPutByte)
    xMBPortTimersInit                        0x0800599d   Thumb Code   106  porttimer.o(i.xMBPortTimersInit)
    xMBRTUReceiveFSM                         0x08005a11   Thumb Code    96  mbrtu.o(i.xMBRTUReceiveFSM)
    xMBRTUTimerT35Expired                    0x08005a79   Thumb Code    58  mbrtu.o(i.xMBRTUTimerT35Expired)
    xMBRTUTransmitFSM                        0x08005ab9   Thumb Code    86  mbrtu.o(i.xMBRTUTransmitFSM)
    F6x8                                     0x08005b14   Data         552  oled.o(.constdata)
    F8X16                                    0x08005d3c   Data        1520  oled.o(.constdata)
    AHBPrescTable                            0x08006350   Data          16  system_stm32f1xx.o(.constdata)
    APBPrescTable                            0x08006360   Data           8  system_stm32f1xx.o(.constdata)
    Region$$Table$$Base                      0x08006568   Number         0  anon$$obj.o(Region$$Table)
    Region$$Table$$Limit                     0x08006588   Number         0  anon$$obj.o(Region$$Table)
    RH                                       0x20000000   Data           4  aht20.o(.data)
    Temp                                     0x20000004   Data           4  aht20.o(.data)
    SlaveAddress                             0x20000008   Data           1  modbus.o(.data)
    Modify_SlaveAddress_Flag                 0x20000009   Data           1  modbus.o(.data)
    TIM3_Timerout_Flag                       0x2000000a   Data           1  modbus.o(.data)
    Key_Value                                0x2000000b   Data           1  gpio.o(.data)
    uwTickFreq                               0x20000010   Data           1  stm32f1xx_hal.o(.data)
    uwTickPrio                               0x20000014   Data           4  stm32f1xx_hal.o(.data)
    uwTick                                   0x20000018   Data           4  stm32f1xx_hal.o(.data)
    SystemCoreClock                          0x2000001c   Data           4  system_stm32f1xx.o(.data)
    pxMBFrameCBByteReceived                  0x20000040   Data           4  mb.o(.data)
    pxMBFrameCBTransmitterEmpty              0x20000044   Data           4  mb.o(.data)
    pxMBPortCBTimerExpired                   0x20000048   Data           4  mb.o(.data)
    REG_COILS_BUF                            0x200000ec   Data          10  port.o(.data)
    REG_DISC_BUF                             0x200000f6   Data          10  port.o(.data)
    __stdout                                 0x20000104   Data           4  stdout.o(.data)
    hadc1                                    0x20000108   Data          48  adc.o(.bss)
    hi2c1                                    0x20000338   Data          84  i2c.o(.bss)
    htim3                                    0x2000038c   Data          72  tim.o(.bss)
    huart1                                   0x200003d4   Data          72  usart.o(.bss)
    huart2                                   0x2000041c   Data          72  usart.o(.bss)
    huart3                                   0x20000464   Data          72  usart.o(.bss)
    hdma_usart3_rx                           0x200004ac   Data          68  usart.o(.bss)
    htim1                                    0x200004f0   Data          72  stm32f1xx_hal_timebase_tim.o(.bss)
    ucRTUBuf                                 0x20000558   Data         256  mbrtu.o(.bss)
    REG_HOLD_BUF                             0x20000658   Data          20  port.o(.bss)
    REG_INPUT_BUF                            0x2000066c   Data          20  port.o(.bss)
    __initial_sp                             0x20000a80   Data           0  startup_stm32f103xb.o(STACK)



==============================================================================

Memory Map of the image

  Image Entry point : 0x080000ed

  Load Region LR_IROM1 (Base: 0x08000000, Size: 0x00006690, Max: 0x00010000, ABSOLUTE)

    Execution Region ER_IROM1 (Exec base: 0x08000000, Load base: 0x08000000, Size: 0x00006588, Max: 0x00010000, ABSOLUTE)

    Exec Addr    Load Addr    Size         Type   Attr      Idx    E Section Name        Object

    0x08000000   0x08000000   0x000000ec   Data   RO            3    RESET               startup_stm32f103xb.o
    0x080000ec   0x080000ec   0x00000000   Code   RO         4763  * .ARM.Collect$$$$00000000  mc_w.l(entry.o)
    0x080000ec   0x080000ec   0x00000004   Code   RO         5067    .ARM.Collect$$$$00000001  mc_w.l(entry2.o)
    0x080000f0   0x080000f0   0x00000004   Code   RO         5070    .ARM.Collect$$$$00000004  mc_w.l(entry5.o)
    0x080000f4   0x080000f4   0x00000000   Code   RO         5072    .ARM.Collect$$$$00000008  mc_w.l(entry7b.o)
    0x080000f4   0x080000f4   0x00000000   Code   RO         5074    .ARM.Collect$$$$0000000A  mc_w.l(entry8b.o)
    0x080000f4   0x080000f4   0x00000008   Code   RO         5075    .ARM.Collect$$$$0000000B  mc_w.l(entry9a.o)
    0x080000fc   0x080000fc   0x00000000   Code   RO         5077    .ARM.Collect$$$$0000000D  mc_w.l(entry10a.o)
    0x080000fc   0x080000fc   0x00000000   Code   RO         5079    .ARM.Collect$$$$0000000F  mc_w.l(entry11a.o)
    0x080000fc   0x080000fc   0x00000004   Code   RO         5068    .ARM.Collect$$$$00002712  mc_w.l(entry2.o)
    0x08000100   0x08000100   0x00000024   Code   RO            4    .text               startup_stm32f103xb.o
    0x08000124   0x08000124   0x00000020   Code   RO         4766    .text               mc_w.l(llushr.o)
    0x08000144   0x08000144   0x00000024   Code   RO         4770    .text               mc_w.l(memcpya.o)
    0x08000168   0x08000168   0x00000024   Code   RO         4772    .text               mc_w.l(memseta.o)
    0x0800018c   0x0800018c   0x00000064   Code   RO         5045    .text               mf_w.l(fmul.o)
    0x080001f0   0x080001f0   0x0000007c   Code   RO         5047    .text               mf_w.l(fdiv.o)
    0x0800026c   0x0800026c   0x0000014e   Code   RO         5049    .text               mf_w.l(dadd.o)
    0x080003ba   0x080003ba   0x000000e4   Code   RO         5051    .text               mf_w.l(dmul.o)
    0x0800049e   0x0800049e   0x000000de   Code   RO         5053    .text               mf_w.l(ddiv.o)
    0x0800057c   0x0800057c   0x0000002e   Code   RO         5055    .text               mf_w.l(dscalb.o)
    0x080005aa   0x080005aa   0x0000000a   Code   RO         5057    .text               mf_w.l(ffltui.o)
    0x080005b4   0x080005b4   0x0000001a   Code   RO         5059    .text               mf_w.l(dfltui.o)
    0x080005ce   0x080005ce   0x00000028   Code   RO         5061    .text               mf_w.l(ffixui.o)
    0x080005f6   0x080005f6   0x00000026   Code   RO         5063    .text               mf_w.l(f2d.o)
    0x0800061c   0x0800061c   0x00000038   Code   RO         5065    .text               mf_w.l(d2f.o)
    0x08000654   0x08000654   0x0000002c   Code   RO         5082    .text               mc_w.l(uidiv.o)
    0x08000680   0x08000680   0x00000062   Code   RO         5084    .text               mc_w.l(uldiv.o)
    0x080006e2   0x080006e2   0x0000001e   Code   RO         5086    .text               mc_w.l(llshl.o)
    0x08000700   0x08000700   0x00000024   Code   RO         5088    .text               mc_w.l(llsshr.o)
    0x08000724   0x08000724   0x00000000   Code   RO         5090    .text               mc_w.l(iusefp.o)
    0x08000724   0x08000724   0x0000006e   Code   RO         5091    .text               mf_w.l(fepilogue.o)
    0x08000792   0x08000792   0x000000ba   Code   RO         5093    .text               mf_w.l(depilogue.o)
    0x0800084c   0x0800084c   0x00000030   Code   RO         5095    .text               mf_w.l(dfixul.o)
    0x0800087c   0x0800087c   0x00000030   Code   RO         5097    .text               mf_w.l(cdrcmple.o)
    0x080008ac   0x080008ac   0x00000024   Code   RO         5099    .text               mc_w.l(init.o)
    0x080008d0   0x080008d0   0x00000056   Code   RO         2136    i.ADC_ConversionStop_Disable  stm32f1xx_hal_adc.o
    0x08000926   0x08000926   0x00000002   PAD
    0x08000928   0x08000928   0x0000007c   Code   RO         2140    i.ADC_Enable        stm32f1xx_hal_adc.o
    0x080009a4   0x080009a4   0x0000012c   Code   RO          696    i.ADC_VR_CPU_Read   adc.o
    0x08000ad0   0x08000ad0   0x0000002c   Code   RO           13    i.AHT20_DeInit      aht20.o
    0x08000afc   0x08000afc   0x00000040   Code   RO           14    i.AHT20_Init        aht20.o
    0x08000b3c   0x08000b3c   0x00000114   Code   RO           15    i.AHT20_ReadData    aht20.o
    0x08000c50   0x08000c50   0x00000020   Code   RO           16    i.AHT20_Read_Status  aht20.o
    0x08000c70   0x08000c70   0x00000002   Code   RO          947    i.BusFault_Handler  stm32f1xx_it.o
    0x08000c72   0x08000c72   0x00000002   PAD
    0x08000c74   0x08000c74   0x0000000c   Code   RO          948    i.DMA1_Channel3_IRQHandler  stm32f1xx_it.o
    0x08000c80   0x08000c80   0x00000002   Code   RO          949    i.DebugMon_Handler  stm32f1xx_it.o
    0x08000c82   0x08000c82   0x00000026   Code   RO          950    i.EXTI15_10_IRQHandler  stm32f1xx_it.o
    0x08000ca8   0x08000ca8   0x00000014   Code   RO          951    i.EXTI9_5_IRQHandler  stm32f1xx_it.o
    0x08000cbc   0x08000cbc   0x00000004   Code   RO          569    i.Error_Handler     main.o
    0x08000cc0   0x08000cc0   0x000000d8   Code   RO         2316    i.HAL_ADCEx_Calibration_Start  stm32f1xx_hal_adc_ex.o
    0x08000d98   0x08000d98   0x000000fc   Code   RO         2142    i.HAL_ADC_ConfigChannel  stm32f1xx_hal_adc.o
    0x08000e94   0x08000e94   0x00000006   Code   RO         2149    i.HAL_ADC_GetValue  stm32f1xx_hal_adc.o
    0x08000e9a   0x08000e9a   0x00000002   PAD
    0x08000e9c   0x08000e9c   0x0000011c   Code   RO         2151    i.HAL_ADC_Init      stm32f1xx_hal_adc.o
    0x08000fb8   0x08000fb8   0x00000058   Code   RO          700    i.HAL_ADC_MspInit   adc.o
    0x08001010   0x08001010   0x0000013c   Code   RO         2155    i.HAL_ADC_PollForConversion  stm32f1xx_hal_adc.o
    0x0800114c   0x0800114c   0x000000c0   Code   RO         2157    i.HAL_ADC_Start     stm32f1xx_hal_adc.o
    0x0800120c   0x0800120c   0x00000046   Code   RO         2793    i.HAL_DMA_Abort     stm32f1xx_hal_dma.o
    0x08001252   0x08001252   0x00000002   PAD
    0x08001254   0x08001254   0x00000098   Code   RO         2794    i.HAL_DMA_Abort_IT  stm32f1xx_hal_dma.o
    0x080012ec   0x080012ec   0x00000154   Code   RO         2798    i.HAL_DMA_IRQHandler  stm32f1xx_hal_dma.o
    0x08001440   0x08001440   0x0000005c   Code   RO         2799    i.HAL_DMA_Init      stm32f1xx_hal_dma.o
    0x0800149c   0x0800149c   0x00000024   Code   RO         2419    i.HAL_Delay         stm32f1xx_hal.o
    0x080014c0   0x080014c0   0x00000060   Code   RO          952    i.HAL_GPIO_EXTI_Callback  stm32f1xx_it.o
    0x08001520   0x08001520   0x00000018   Code   RO         2728    i.HAL_GPIO_EXTI_IRQHandler  stm32f1xx_hal_gpio.o
    0x08001538   0x08001538   0x000001e0   Code   RO         2729    i.HAL_GPIO_Init     stm32f1xx_hal_gpio.o
    0x08001718   0x08001718   0x0000000a   Code   RO         2733    i.HAL_GPIO_WritePin  stm32f1xx_hal_gpio.o
    0x08001722   0x08001722   0x00000002   PAD
    0x08001724   0x08001724   0x0000000c   Code   RO         2423    i.HAL_GetTick       stm32f1xx_hal.o
    0x08001730   0x08001730   0x00000188   Code   RO         3400    i.HAL_I2C_Init      stm32f1xx_hal_i2c.o
    0x080018b8   0x080018b8   0x00000250   Code   RO         3406    i.HAL_I2C_Master_Receive  stm32f1xx_hal_i2c.o
    0x08001b08   0x08001b08   0x0000012c   Code   RO         3413    i.HAL_I2C_Master_Transmit  stm32f1xx_hal_i2c.o
    0x08001c34   0x08001c34   0x0000025c   Code   RO         3418    i.HAL_I2C_Mem_Read  stm32f1xx_hal_i2c.o
    0x08001e90   0x08001e90   0x00000130   Code   RO         3421    i.HAL_I2C_Mem_Write  stm32f1xx_hal_i2c.o
    0x08001fc0   0x08001fc0   0x0000005c   Code   RO          787    i.HAL_I2C_MspInit   i2c.o
    0x0800201c   0x0800201c   0x00000010   Code   RO         2429    i.HAL_IncTick       stm32f1xx_hal.o
    0x0800202c   0x0800202c   0x00000024   Code   RO         2430    i.HAL_Init          stm32f1xx_hal.o
    0x08002050   0x08002050   0x0000008c   Code   RO         1088    i.HAL_InitTick      stm32f1xx_hal_timebase_tim.o
    0x080020dc   0x080020dc   0x0000003c   Code   RO         1064    i.HAL_MspInit       stm32f1xx_hal_msp.o
    0x08002118   0x08002118   0x0000001a   Code   RO         2889    i.HAL_NVIC_EnableIRQ  stm32f1xx_hal_cortex.o
    0x08002132   0x08002132   0x00000002   PAD
    0x08002134   0x08002134   0x00000040   Code   RO         2895    i.HAL_NVIC_SetPriority  stm32f1xx_hal_cortex.o
    0x08002174   0x08002174   0x00000024   Code   RO         2896    i.HAL_NVIC_SetPriorityGrouping  stm32f1xx_hal_cortex.o
    0x08002198   0x08002198   0x000000a4   Code   RO         2690    i.HAL_RCCEx_GetPeriphCLKFreq  stm32f1xx_hal_rcc_ex.o
    0x0800223c   0x0800223c   0x000000ec   Code   RO         2691    i.HAL_RCCEx_PeriphCLKConfig  stm32f1xx_hal_rcc_ex.o
    0x08002328   0x08002328   0x0000012c   Code   RO         2587    i.HAL_RCC_ClockConfig  stm32f1xx_hal_rcc.o
    0x08002454   0x08002454   0x00000040   Code   RO         2591    i.HAL_RCC_GetClockConfig  stm32f1xx_hal_rcc.o
    0x08002494   0x08002494   0x00000020   Code   RO         2594    i.HAL_RCC_GetPCLK1Freq  stm32f1xx_hal_rcc.o
    0x080024b4   0x080024b4   0x00000020   Code   RO         2595    i.HAL_RCC_GetPCLK2Freq  stm32f1xx_hal_rcc.o
    0x080024d4   0x080024d4   0x0000004c   Code   RO         2596    i.HAL_RCC_GetSysClockFreq  stm32f1xx_hal_rcc.o
    0x08002520   0x08002520   0x00000320   Code   RO         2599    i.HAL_RCC_OscConfig  stm32f1xx_hal_rcc.o
    0x08002840   0x08002840   0x00000002   Code   RO         1869    i.HAL_TIMEx_BreakCallback  stm32f1xx_hal_tim_ex.o
    0x08002842   0x08002842   0x00000002   Code   RO         1870    i.HAL_TIMEx_CommutCallback  stm32f1xx_hal_tim_ex.o
    0x08002844   0x08002844   0x00000068   Code   RO         1888    i.HAL_TIMEx_MasterConfigSynchronization  stm32f1xx_hal_tim_ex.o
    0x080028ac   0x080028ac   0x0000005a   Code   RO         1165    i.HAL_TIM_Base_Init  stm32f1xx_hal_tim.o
    0x08002906   0x08002906   0x00000002   PAD
    0x08002908   0x08002908   0x0000003c   Code   RO          837    i.HAL_TIM_Base_MspInit  tim.o
    0x08002944   0x08002944   0x00000058   Code   RO         1170    i.HAL_TIM_Base_Start_IT  stm32f1xx_hal_tim.o
    0x0800299c   0x0800299c   0x000000dc   Code   RO         1174    i.HAL_TIM_ConfigClockSource  stm32f1xx_hal_tim.o
    0x08002a78   0x08002a78   0x00000002   Code   RO         1199    i.HAL_TIM_IC_CaptureCallback  stm32f1xx_hal_tim.o
    0x08002a7a   0x08002a7a   0x00000130   Code   RO         1213    i.HAL_TIM_IRQHandler  stm32f1xx_hal_tim.o
    0x08002baa   0x08002baa   0x00000002   Code   RO         1216    i.HAL_TIM_OC_DelayElapsedCallback  stm32f1xx_hal_tim.o
    0x08002bac   0x08002bac   0x00000002   Code   RO         1243    i.HAL_TIM_PWM_PulseFinishedCallback  stm32f1xx_hal_tim.o
    0x08002bae   0x08002bae   0x00000002   PAD
    0x08002bb0   0x08002bb0   0x0000003c   Code   RO          570    i.HAL_TIM_PeriodElapsedCallback  main.o
    0x08002bec   0x08002bec   0x00000002   Code   RO         1256    i.HAL_TIM_TriggerCallback  stm32f1xx_hal_tim.o
    0x08002bee   0x08002bee   0x00000002   Code   RO         3838    i.HAL_UARTEx_RxEventCallback  stm32f1xx_hal_uart.o
    0x08002bf0   0x08002bf0   0x00000002   Code   RO         3852    i.HAL_UART_ErrorCallback  stm32f1xx_hal_uart.o
    0x08002bf2   0x08002bf2   0x00000002   PAD
    0x08002bf4   0x08002bf4   0x0000026c   Code   RO         3855    i.HAL_UART_IRQHandler  stm32f1xx_hal_uart.o
    0x08002e60   0x08002e60   0x00000064   Code   RO         3856    i.HAL_UART_Init     stm32f1xx_hal_uart.o
    0x08002ec4   0x08002ec4   0x0000015c   Code   RO          879    i.HAL_UART_MspInit  usart.o
    0x08003020   0x08003020   0x00000002   Code   RO         3862    i.HAL_UART_RxCpltCallback  stm32f1xx_hal_uart.o
    0x08003022   0x08003022   0x000000a0   Code   RO         3864    i.HAL_UART_Transmit  stm32f1xx_hal_uart.o
    0x080030c2   0x080030c2   0x00000002   Code   RO         3867    i.HAL_UART_TxCpltCallback  stm32f1xx_hal_uart.o
    0x080030c4   0x080030c4   0x00000002   Code   RO          953    i.HardFault_Handler  stm32f1xx_it.o
    0x080030c6   0x080030c6   0x0000002e   Code   RO         3443    i.I2C_IsAcknowledgeFailed  stm32f1xx_hal_i2c.o
    0x080030f4   0x080030f4   0x000000ec   Code   RO         3446    i.I2C_MasterRequestRead  stm32f1xx_hal_i2c.o
    0x080031e0   0x080031e0   0x0000009c   Code   RO         3447    i.I2C_MasterRequestWrite  stm32f1xx_hal_i2c.o
    0x0800327c   0x0800327c   0x000000fc   Code   RO         3453    i.I2C_RequestMemoryRead  stm32f1xx_hal_i2c.o
    0x08003378   0x08003378   0x000000a8   Code   RO         3454    i.I2C_RequestMemoryWrite  stm32f1xx_hal_i2c.o
    0x08003420   0x08003420   0x00000056   Code   RO         3458    i.I2C_WaitOnBTFFlagUntilTimeout  stm32f1xx_hal_i2c.o
    0x08003476   0x08003476   0x00000002   PAD
    0x08003478   0x08003478   0x00000090   Code   RO         3459    i.I2C_WaitOnFlagUntilTimeout  stm32f1xx_hal_i2c.o
    0x08003508   0x08003508   0x000000bc   Code   RO         3460    i.I2C_WaitOnMasterAddressFlagUntilTimeout  stm32f1xx_hal_i2c.o
    0x080035c4   0x080035c4   0x00000070   Code   RO         3461    i.I2C_WaitOnRXNEFlagUntilTimeout  stm32f1xx_hal_i2c.o
    0x08003634   0x08003634   0x00000056   Code   RO         3462    i.I2C_WaitOnTXEFlagUntilTimeout  stm32f1xx_hal_i2c.o
    0x0800368a   0x0800368a   0x00000002   PAD
    0x0800368c   0x0800368c   0x0000004c   Code   RO          179    i.INA226_Init       ina226.o
    0x080036d8   0x080036d8   0x000000f4   Code   RO          180    i.INA226_Read       ina226.o
    0x080037cc   0x080037cc   0x00000038   Code   RO          181    i.INA226_Read_Bus_Voltage  ina226.o
    0x08003804   0x08003804   0x00000038   Code   RO          182    i.INA226_Read_Current  ina226.o
    0x0800383c   0x0800383c   0x00000038   Code   RO          183    i.INA226_Read_Pow   ina226.o
    0x08003874   0x08003874   0x00000030   Code   RO          622    i.LED_Control       gpio.o
    0x080038a4   0x080038a4   0x00000054   Code   RO          701    i.MX_ADC1_Init      adc.o
    0x080038f8   0x080038f8   0x0000002c   Code   RO          761    i.MX_DMA_Init       dma.o
    0x08003924   0x08003924   0x00000120   Code   RO          624    i.MX_GPIO_Init      gpio.o
    0x08003a44   0x08003a44   0x00000040   Code   RO          788    i.MX_I2C1_Init      i2c.o
    0x08003a84   0x08003a84   0x0000006c   Code   RO          838    i.MX_TIM3_Init      tim.o
    0x08003af0   0x08003af0   0x00000038   Code   RO          880    i.MX_USART1_UART_Init  usart.o
    0x08003b28   0x08003b28   0x00000038   Code   RO          881    i.MX_USART2_UART_Init  usart.o
    0x08003b60   0x08003b60   0x00000038   Code   RO          882    i.MX_USART3_UART_Init  usart.o
    0x08003b98   0x08003b98   0x00000002   Code   RO          954    i.MemManage_Handler  stm32f1xx_it.o
    0x08003b9a   0x08003b9a   0x00000002   PAD
    0x08003b9c   0x08003b9c   0x00000044   Code   RO          243    i.Modbus_Init       modbus.o
    0x08003be0   0x08003be0   0x00000080   Code   RO          244    i.Modbus_Parse      modbus.o
    0x08003c60   0x08003c60   0x00000002   Code   RO          955    i.NMI_Handler       stm32f1xx_it.o
    0x08003c62   0x08003c62   0x00000006   Code   RO          318    i.OLED_CLS          oled.o
    0x08003c68   0x08003c68   0x00000038   Code   RO          320    i.OLED_Fill         oled.o
    0x08003ca0   0x08003ca0   0x000000b4   Code   RO          321    i.OLED_Init         oled.o
    0x08003d54   0x08003d54   0x00000026   Code   RO          324    i.OLED_SetPos       oled.o
    0x08003d7a   0x08003d7a   0x00000002   PAD
    0x08003d7c   0x08003d7c   0x000000d8   Code   RO          326    i.OLED_ShowStr      oled.o
    0x08003e54   0x08003e54   0x00000002   Code   RO          956    i.PendSV_Handler    stm32f1xx_it.o
    0x08003e56   0x08003e56   0x00000002   PAD
    0x08003e58   0x08003e58   0x0000002c   Code   RO          245    i.ReadSlaveAddress  modbus.o
    0x08003e84   0x08003e84   0x00000002   Code   RO          957    i.SVC_Handler       stm32f1xx_it.o
    0x08003e86   0x08003e86   0x00000002   Code   RO          958    i.SysTick_Handler   stm32f1xx_it.o
    0x08003e88   0x08003e88   0x00000078   Code   RO          571    i.SystemClock_Config  main.o
    0x08003f00   0x08003f00   0x00000002   Code   RO         4190    i.SystemInit        system_stm32f1xx.o
    0x08003f02   0x08003f02   0x00000002   PAD
    0x08003f04   0x08003f04   0x0000000c   Code   RO          959    i.TIM1_UP_IRQHandler  stm32f1xx_it.o
    0x08003f10   0x08003f10   0x00000020   Code   RO         4724    i.TIM3_IRQHandler   porttimer.o
    0x08003f30   0x08003f30   0x00000078   Code   RO         1258    i.TIM_Base_SetConfig  stm32f1xx_hal_tim.o
    0x08003fa8   0x08003fa8   0x00000014   Code   RO         1269    i.TIM_ETR_SetConfig  stm32f1xx_hal_tim.o
    0x08003fbc   0x08003fbc   0x00000010   Code   RO         1270    i.TIM_ITRx_SetConfig  stm32f1xx_hal_tim.o
    0x08003fcc   0x08003fcc   0x00000022   Code   RO         1276    i.TIM_TI1_ConfigInputStage  stm32f1xx_hal_tim.o
    0x08003fee   0x08003fee   0x00000024   Code   RO         1278    i.TIM_TI2_ConfigInputStage  stm32f1xx_hal_tim.o
    0x08004012   0x08004012   0x00000010   Code   RO         3869    i.UART_DMAAbortOnError  stm32f1xx_hal_uart.o
    0x08004022   0x08004022   0x0000004e   Code   RO         3879    i.UART_EndRxTransfer  stm32f1xx_hal_uart.o
    0x08004070   0x08004070   0x000000c2   Code   RO         3881    i.UART_Receive_IT   stm32f1xx_hal_uart.o
    0x08004132   0x08004132   0x00000002   PAD
    0x08004134   0x08004134   0x000000b8   Code   RO         3882    i.UART_SetConfig    stm32f1xx_hal_uart.o
    0x080041ec   0x080041ec   0x00000072   Code   RO         3885    i.UART_WaitOnFlagUntilTimeout  stm32f1xx_hal_uart.o
    0x0800425e   0x0800425e   0x00000002   PAD
    0x08004260   0x08004260   0x00000044   Code   RO         4673    i.USART2_IRQHandler  portserial.o
    0x080042a4   0x080042a4   0x0000000c   Code   RO          960    i.USART3_IRQHandler  stm32f1xx_it.o
    0x080042b0   0x080042b0   0x00000002   Code   RO          961    i.UsageFault_Handler  stm32f1xx_it.o
    0x080042b2   0x080042b2   0x00000002   PAD
    0x080042b4   0x080042b4   0x00000024   Code   RO          328    i.WriteCmd          oled.o
    0x080042d8   0x080042d8   0x00000024   Code   RO          329    i.WriteDat          oled.o
    0x080042fc   0x080042fc   0x00000028   Code   RO          246    i.WriteSlaveAddress  modbus.o
    0x08004324   0x08004324   0x00000020   Code   RO         5017    i.__0printf         mc_w.l(printfa.o)
    0x08004344   0x08004344   0x00000020   Code   RO         2902    i.__NVIC_SetPriority  stm32f1xx_hal_cortex.o
    0x08004364   0x08004364   0x0000000e   Code   RO         5103    i.__scatterload_copy  mc_w.l(handlers.o)
    0x08004372   0x08004372   0x00000002   Code   RO         5104    i.__scatterload_null  mc_w.l(handlers.o)
    0x08004374   0x08004374   0x0000000e   Code   RO         5105    i.__scatterload_zeroinit  mc_w.l(handlers.o)
    0x08004382   0x08004382   0x00000002   PAD
    0x08004384   0x08004384   0x00000184   Code   RO         5024    i._fp_digits        mc_w.l(printfa.o)
    0x08004508   0x08004508   0x000006dc   Code   RO         5025    i._printf_core      mc_w.l(printfa.o)
    0x08004be4   0x08004be4   0x00000024   Code   RO         5026    i._printf_post_padding  mc_w.l(printfa.o)
    0x08004c08   0x08004c08   0x0000002e   Code   RO         5027    i._printf_pre_padding  mc_w.l(printfa.o)
    0x08004c36   0x08004c36   0x00000002   PAD
    0x08004c38   0x08004c38   0x00000030   Code   RO         4307    i.eMBASCIIInit      mbascii.o
    0x08004c68   0x08004c68   0x00000048   Code   RO         4308    i.eMBASCIIReceive   mbascii.o
    0x08004cb0   0x08004cb0   0x00000048   Code   RO         4309    i.eMBASCIISend      mbascii.o
    0x08004cf8   0x08004cf8   0x0000001c   Code   RO         4310    i.eMBASCIIStart     mbascii.o
    0x08004d14   0x08004d14   0x00000012   Code   RO         4311    i.eMBASCIIStop      mbascii.o
    0x08004d26   0x08004d26   0x00000002   PAD
    0x08004d28   0x08004d28   0x00000020   Code   RO         4224    i.eMBClose          mb.o
    0x08004d48   0x08004d48   0x00000020   Code   RO         4225    i.eMBDisable        mb.o
    0x08004d68   0x08004d68   0x00000020   Code   RO         4226    i.eMBEnable         mb.o
    0x08004d88   0x08004d88   0x00000072   Code   RO         4398    i.eMBFuncReadCoils  mbfunccoils.o
    0x08004dfa   0x08004dfa   0x00000072   Code   RO         4425    i.eMBFuncReadDiscreteInputs  mbfuncdisc.o
    0x08004e6c   0x08004e6c   0x0000005e   Code   RO         4437    i.eMBFuncReadHoldingRegister  mbfuncholding.o
    0x08004eca   0x08004eca   0x00000062   Code   RO         4467    i.eMBFuncReadInputRegister  mbfuncinput.o
    0x08004f2c   0x08004f2c   0x0000009c   Code   RO         4438    i.eMBFuncReadWriteMultipleHoldingRegister  mbfuncholding.o
    0x08004fc8   0x08004fc8   0x00000024   Code   RO         4479    i.eMBFuncReportSlaveID  mbfuncother.o
    0x08004fec   0x08004fec   0x00000056   Code   RO         4399    i.eMBFuncWriteCoil  mbfunccoils.o
    0x08005042   0x08005042   0x00000032   Code   RO         4439    i.eMBFuncWriteHoldingRegister  mbfuncholding.o
    0x08005074   0x08005074   0x00000064   Code   RO         4400    i.eMBFuncWriteMultipleCoils  mbfunccoils.o
    0x080050d8   0x080050d8   0x0000004e   Code   RO         4440    i.eMBFuncWriteMultipleHoldingRegister  mbfuncholding.o
    0x08005126   0x08005126   0x00000002   PAD
    0x08005128   0x08005128   0x000000cc   Code   RO         4227    i.eMBInit           mb.o
    0x080051f4   0x080051f4   0x000000b8   Code   RO         4228    i.eMBPoll           mb.o
    0x080052ac   0x080052ac   0x0000003c   Code   RO         4500    i.eMBRTUInit        mbrtu.o
    0x080052e8   0x080052e8   0x00000050   Code   RO         4501    i.eMBRTUReceive     mbrtu.o
    0x08005338   0x08005338   0x00000058   Code   RO         4502    i.eMBRTUSend        mbrtu.o
    0x08005390   0x08005390   0x0000001c   Code   RO         4503    i.eMBRTUStart       mbrtu.o
    0x080053ac   0x080053ac   0x00000012   Code   RO         4504    i.eMBRTUStop        mbrtu.o
    0x080053be   0x080053be   0x00000002   PAD
    0x080053c0   0x080053c0   0x0000009c   Code   RO         4594    i.eMBRegCoilsCB     port.o
    0x0800545c   0x0800545c   0x00000080   Code   RO         4595    i.eMBRegDiscreteCB  port.o
    0x080054dc   0x080054dc   0x00000068   Code   RO         4596    i.eMBRegHoldingCB   port.o
    0x08005544   0x08005544   0x00000050   Code   RO         4597    i.eMBRegInputCB     port.o
    0x08005594   0x08005594   0x00000018   Code   RO          883    i.fputc             usart.o
    0x080055ac   0x080055ac   0x000000a0   Code   RO          572    i.main              main.o
    0x0800564c   0x0800564c   0x00000018   Code   RO         4567    i.prveMBError2Exception  mbutils.o
    0x08005664   0x08005664   0x0000001c   Code   RO         4312    i.prvucMBBIN2CHAR   mbascii.o
    0x08005680   0x08005680   0x00000018   Code   RO         4313    i.prvucMBLRC        mbascii.o
    0x08005698   0x08005698   0x0000002c   Code   RO         4381    i.usMBCRC16         mbcrc.o
    0x080056c4   0x080056c4   0x00000054   Code   RO         4674    i.vMBPortSerialEnable  portserial.o
    0x08005718   0x08005718   0x00000002   Code   RO         4754    i.vMBPortTimersDisable  porttimer.o
    0x0800571a   0x0800571a   0x00000002   PAD
    0x0800571c   0x0800571c   0x00000018   Code   RO         4748    i.vMBPortTimersEnable  porttimer.o
    0x08005734   0x08005734   0x000000e4   Code   RO         4314    i.xMBASCIIReceiveFSM  mbascii.o
    0x08005818   0x08005818   0x00000030   Code   RO         4315    i.xMBASCIITimerT1SExpired  mbascii.o
    0x08005848   0x08005848   0x000000ac   Code   RO         4316    i.xMBASCIITransmitFSM  mbascii.o
    0x080058f4   0x080058f4   0x0000001c   Code   RO         4644    i.xMBPortEventGet   portevent.o
    0x08005910   0x08005910   0x00000010   Code   RO         4645    i.xMBPortEventInit  portevent.o
    0x08005920   0x08005920   0x00000010   Code   RO         4646    i.xMBPortEventPost  portevent.o
    0x08005930   0x08005930   0x00000010   Code   RO         4675    i.xMBPortSerialGetByte  portserial.o
    0x08005940   0x08005940   0x00000050   Code   RO         4676    i.xMBPortSerialInit  portserial.o
    0x08005990   0x08005990   0x0000000c   Code   RO         4677    i.xMBPortSerialPutByte  portserial.o
    0x0800599c   0x0800599c   0x00000074   Code   RO         4725    i.xMBPortTimersInit  porttimer.o
    0x08005a10   0x08005a10   0x00000068   Code   RO         4505    i.xMBRTUReceiveFSM  mbrtu.o
    0x08005a78   0x08005a78   0x00000040   Code   RO         4506    i.xMBRTUTimerT35Expired  mbrtu.o
    0x08005ab8   0x08005ab8   0x0000005c   Code   RO         4507    i.xMBRTUTransmitFSM  mbrtu.o
    0x08005b14   0x08005b14   0x00000818   Data   RO          330    .constdata          oled.o
    0x0800632c   0x0800632c   0x00000012   Data   RO         2600    .constdata          stm32f1xx_hal_rcc.o
    0x0800633e   0x0800633e   0x00000012   Data   RO         2692    .constdata          stm32f1xx_hal_rcc_ex.o
    0x08006350   0x08006350   0x00000010   Data   RO         4191    .constdata          system_stm32f1xx.o
    0x08006360   0x08006360   0x00000008   Data   RO         4192    .constdata          system_stm32f1xx.o
    0x08006368   0x08006368   0x00000200   Data   RO         4382    .constdata          mbcrc.o
    0x08006568   0x08006568   0x00000020   Data   RO         5101    Region$$Table       anon$$obj.o


    Execution Region RW_IRAM1 (Exec base: 0x20000000, Load base: 0x08006588, Size: 0x00000a80, Max: 0x00005000, ABSOLUTE)

    Exec Addr    Load Addr    Size         Type   Attr      Idx    E Section Name        Object

    0x20000000   0x08006588   0x00000008   Data   RW           18    .data               aht20.o
    0x20000008   0x08006590   0x00000003   Data   RW          247    .data               modbus.o
    0x2000000b   0x08006593   0x00000001   Data   RW          627    .data               gpio.o
    0x2000000c   0x08006594   0x00000004   Data   RW          962    .data               stm32f1xx_it.o
    0x20000010   0x08006598   0x0000000c   Data   RW         2437    .data               stm32f1xx_hal.o
    0x2000001c   0x080065a4   0x00000004   Data   RW         4193    .data               system_stm32f1xx.o
    0x20000020   0x080065a8   0x000000ac   Data   RW         4230    .data               mb.o
    0x200000cc   0x08006654   0x00000010   Data   RW         4317    .data               mbascii.o
    0x200000dc   0x08006664   0x00000002   Data   RW         4482    .data               mbfuncother.o
    0x200000de   0x08006666   0x00000002   PAD
    0x200000e0   0x08006668   0x0000000c   Data   RW         4509    .data               mbrtu.o
    0x200000ec   0x08006674   0x00000014   Data   RW         4599    .data               port.o
    0x20000100   0x08006688   0x00000002   Data   RW         4647    .data               portevent.o
    0x20000102   0x0800668a   0x00000002   PAD
    0x20000104   0x0800668c   0x00000004   Data   RW         5081    .data               mc_w.l(stdout.o)
    0x20000108        -       0x00000030   Zero   RW          702    .bss                adc.o
    0x20000138        -       0x00000254   Zero   RW          789    .bss                i2c.o
    0x2000038c        -       0x00000048   Zero   RW          839    .bss                tim.o
    0x200003d4        -       0x0000011c   Zero   RW          887    .bss                usart.o
    0x200004f0        -       0x00000048   Zero   RW         1091    .bss                stm32f1xx_hal_timebase_tim.o
    0x20000538        -       0x00000020   Zero   RW         4481    .bss                mbfuncother.o
    0x20000558        -       0x00000100   Zero   RW         4508    .bss                mbrtu.o
    0x20000658        -       0x00000028   Zero   RW         4598    .bss                port.o
    0x20000680        -       0x00000400   Zero   RW            1    STACK               startup_stm32f103xb.o


==============================================================================

Image component sizes


      Code (inc. data)   RO Data    RW Data    ZI Data      Debug   Object Name

       472         62          0          0         48       2519   adc.o
       416         42          0          8          0     457897   aht20.o
        44          4          0          0          0        774   dma.o
       336         28          0          1          0       1946   gpio.o
       156         26          0          0        596       1805   i2c.o
       488        114          0          0          0       4166   ina226.o
       344         80          0          0          0       2788   main.o
       484         78          0        172          0       8276   mb.o
       738         38          0         16          0       8528   mbascii.o
        44          4        512          0          0       1212   mbcrc.o
       300          0          0          0          0       3594   mbfunccoils.o
       114          0          0          0          0       1488   mbfuncdisc.o
       378          0          0          0          0       4987   mbfuncholding.o
        98          0          0          0          0       1479   mbfuncinput.o
        36         10          0          2         32       1303   mbfuncother.o
       534         48          0         12        256       6123   mbrtu.o
        24          0          0          0          0        604   mbutils.o
       280         46          0          3          0       3065   modbus.o
       568         16       2072          0          0       5058   oled.o
       468         26          0         20         40       4277   port.o
        60         14          0          2          0       2104   portevent.o
       260         40          0          0          0       3372   portserial.o
       174         22          0          0          0       2567   porttimer.o
        36          8        236          0       1024        812   startup_stm32f103xb.o
       100         18          0         12          0       5298   stm32f1xx_hal.o
      1260         54          0          0          0       6588   stm32f1xx_hal_adc.o
       216          6          0          0          0       1446   stm32f1xx_hal_adc_ex.o
       158         14          0          0          0      28218   stm32f1xx_hal_cortex.o
       654         36          0          0          0       3427   stm32f1xx_hal_dma.o
       514         40          0          0          0       3519   stm32f1xx_hal_gpio.o
      3666         94          0          0          0      17789   stm32f1xx_hal_i2c.o
        60          8          0          0          0        890   stm32f1xx_hal_msp.o
      1304         94         18          0          0       5793   stm32f1xx_hal_rcc.o
       400         28         18          0          0       2489   stm32f1xx_hal_rcc_ex.o
       936         24          0          0          0       9973   stm32f1xx_hal_tim.o
       108         12          0          0          0       2433   stm32f1xx_hal_tim_ex.o
       140         22          0          0         72       1447   stm32f1xx_hal_timebase_tim.o
      1474         10          0          0          0      10196   stm32f1xx_hal_uart.o
       208         32          0          4          0       6915   stm32f1xx_it.o
         2          0         24          4          0       1143   system_stm32f1xx.o
       168         20          0          0         72       1694   tim.o
       540         62          0          0        284       3960   usart.o

    ----------------------------------------------------------------------
     18804       1280       2912        260       2424     643962   Object Totals
         0          0         32          0          0          0   (incl. Generated)
        44          0          0          4          0          0   (incl. Padding)

    ----------------------------------------------------------------------

      Code (inc. data)   RO Data    RW Data    ZI Data      Debug   Library Member Name

         0          0          0          0          0          0   entry.o
         0          0          0          0          0          0   entry10a.o
         0          0          0          0          0          0   entry11a.o
         8          4          0          0          0          0   entry2.o
         4          0          0          0          0          0   entry5.o
         0          0          0          0          0          0   entry7b.o
         0          0          0          0          0          0   entry8b.o
         8          4          0          0          0          0   entry9a.o
        30          0          0          0          0          0   handlers.o
        36          8          0          0          0         68   init.o
         0          0          0          0          0          0   iusefp.o
        30          0          0          0          0         68   llshl.o
        36          0          0          0          0         68   llsshr.o
        32          0          0          0          0         68   llushr.o
        36          0          0          0          0         68   memcpya.o
        36          0          0          0          0        108   memseta.o
      2258         90          0          0          0        452   printfa.o
         0          0          0          4          0          0   stdout.o
        44          0          0          0          0         80   uidiv.o
        98          0          0          0          0         92   uldiv.o
        48          0          0          0          0         68   cdrcmple.o
        56          0          0          0          0         88   d2f.o
       334          0          0          0          0        148   dadd.o
       222          0          0          0          0        100   ddiv.o
       186          0          0          0          0        176   depilogue.o
        48          0          0          0          0         68   dfixul.o
        26          0          0          0          0         76   dfltui.o
       228          0          0          0          0         96   dmul.o
        46          0          0          0          0         80   dscalb.o
        38          0          0          0          0         68   f2d.o
       124          0          0          0          0         88   fdiv.o
       110          0          0          0          0        168   fepilogue.o
        40          0          0          0          0         68   ffixui.o
        10          0          0          0          0         68   ffltui.o
       100          0          0          0          0         76   fmul.o

    ----------------------------------------------------------------------
      4276        106          0          4          0       2508   Library Totals
         4          0          0          0          0          0   (incl. Padding)

    ----------------------------------------------------------------------

      Code (inc. data)   RO Data    RW Data    ZI Data      Debug   Library Name

      2656        106          0          4          0       1072   mc_w.l
      1616          0          0          0          0       1436   mf_w.l

    ----------------------------------------------------------------------
      4276        106          0          4          0       2508   Library Totals

    ----------------------------------------------------------------------

==============================================================================


      Code (inc. data)   RO Data    RW Data    ZI Data      Debug   

     23080       1386       2912        264       2424     636014   Grand Totals
     23080       1386       2912        264       2424     636014   ELF Image Totals
     23080       1386       2912        264          0          0   ROM Totals

==============================================================================

    Total RO  Size (Code + RO Data)                25992 (  25.38kB)
    Total RW  Size (RW Data + ZI Data)              2688 (   2.63kB)
    Total ROM Size (Code + RO Data + RW Data)      26256 (  25.64kB)

==============================================================================

